Archive member included to satisfy reference by file (symbol)

/Applications/ArmGNUToolchain/14.2.rel1/arm-none-eabi/bin/../lib/gcc/arm-none-eabi/14.2.1/thumb/v6-m/nofp/libgcc.a(_dvmd_tls.o)
                              CMakeFiles/minux.dir/Users/ab25cq/pico-sdk/src/rp2_common/pico_divider/divider_hardware.S.o (__aeabi_idiv0)
/Applications/ArmGNUToolchain/14.2.rel1/arm-none-eabi/bin/../lib/gcc/arm-none-eabi/14.2.1/../../../../arm-none-eabi/lib/thumb/v6-m/nofp/libg.a(libc_a-calloc.o)
                              CMakeFiles/minux.dir/Users/ab25cq/pico-sdk/src/rp2_common/pico_malloc/malloc.c.o (calloc)
/Applications/ArmGNUToolchain/14.2.rel1/arm-none-eabi/bin/../lib/gcc/arm-none-eabi/14.2.1/../../../../arm-none-eabi/lib/thumb/v6-m/nofp/libg.a(libc_a-callocr.o)
                              /Applications/ArmGNUToolchain/14.2.rel1/arm-none-eabi/bin/../lib/gcc/arm-none-eabi/14.2.1/../../../../arm-none-eabi/lib/thumb/v6-m/nofp/libg.a(libc_a-calloc.o) (_calloc_r)
/Applications/ArmGNUToolchain/14.2.rel1/arm-none-eabi/bin/../lib/gcc/arm-none-eabi/14.2.1/../../../../arm-none-eabi/lib/thumb/v6-m/nofp/libg.a(libc_a-malloc.o)
                              CMakeFiles/minux.dir/Users/ab25cq/pico-sdk/src/rp2_common/pico_malloc/malloc.c.o (malloc)
/Applications/ArmGNUToolchain/14.2.rel1/arm-none-eabi/bin/../lib/gcc/arm-none-eabi/14.2.1/../../../../arm-none-eabi/lib/thumb/v6-m/nofp/libg.a(libc_a-mallocr.o)
                              /Applications/ArmGNUToolchain/14.2.rel1/arm-none-eabi/bin/../lib/gcc/arm-none-eabi/14.2.1/../../../../arm-none-eabi/lib/thumb/v6-m/nofp/libg.a(libc_a-callocr.o) (_malloc_r)
/Applications/ArmGNUToolchain/14.2.rel1/arm-none-eabi/bin/../lib/gcc/arm-none-eabi/14.2.1/../../../../arm-none-eabi/lib/thumb/v6-m/nofp/libg.a(libc_a-mlock.o)
                              /Applications/ArmGNUToolchain/14.2.rel1/arm-none-eabi/bin/../lib/gcc/arm-none-eabi/14.2.1/../../../../arm-none-eabi/lib/thumb/v6-m/nofp/libg.a(libc_a-mallocr.o) (__malloc_lock)
/Applications/ArmGNUToolchain/14.2.rel1/arm-none-eabi/bin/../lib/gcc/arm-none-eabi/14.2.1/../../../../arm-none-eabi/lib/thumb/v6-m/nofp/libg.a(libc_a-fwrite.o)
                              CMakeFiles/minux.dir/main.c.c.o (fwrite)
/Applications/ArmGNUToolchain/14.2.rel1/arm-none-eabi/bin/../lib/gcc/arm-none-eabi/14.2.1/../../../../arm-none-eabi/lib/thumb/v6-m/nofp/libg.a(libc_a-realloc.o)
                              CMakeFiles/minux.dir/Users/ab25cq/pico-sdk/src/rp2_common/pico_malloc/malloc.c.o (realloc)
/Applications/ArmGNUToolchain/14.2.rel1/arm-none-eabi/bin/../lib/gcc/arm-none-eabi/14.2.1/../../../../arm-none-eabi/lib/thumb/v6-m/nofp/libg.a(libc_a-perror.o)
                              CMakeFiles/minux.dir/main.c.c.o (perror)
/Applications/ArmGNUToolchain/14.2.rel1/arm-none-eabi/bin/../lib/gcc/arm-none-eabi/14.2.1/../../../../arm-none-eabi/lib/thumb/v6-m/nofp/libg.a(libc_a-reallocr.o)
                              /Applications/ArmGNUToolchain/14.2.rel1/arm-none-eabi/bin/../lib/gcc/arm-none-eabi/14.2.1/../../../../arm-none-eabi/lib/thumb/v6-m/nofp/libg.a(libc_a-realloc.o) (_realloc_r)
/Applications/ArmGNUToolchain/14.2.rel1/arm-none-eabi/bin/../lib/gcc/arm-none-eabi/14.2.1/../../../../arm-none-eabi/lib/thumb/v6-m/nofp/libg.a(libc_a-fclose.o)
                              CMakeFiles/minux.dir/main.c.c.o (fclose)
/Applications/ArmGNUToolchain/14.2.rel1/arm-none-eabi/bin/../lib/gcc/arm-none-eabi/14.2.1/../../../../arm-none-eabi/lib/thumb/v6-m/nofp/libg.a(libc_a-fflush.o)
                              /Applications/ArmGNUToolchain/14.2.rel1/arm-none-eabi/bin/../lib/gcc/arm-none-eabi/14.2.1/../../../../arm-none-eabi/lib/thumb/v6-m/nofp/libg.a(libc_a-fclose.o) (__sflush_r)
/Applications/ArmGNUToolchain/14.2.rel1/arm-none-eabi/bin/../lib/gcc/arm-none-eabi/14.2.1/../../../../arm-none-eabi/lib/thumb/v6-m/nofp/libg.a(libc_a-fgets.o)
                              CMakeFiles/minux.dir/main.c.c.o (fgets)
/Applications/ArmGNUToolchain/14.2.rel1/arm-none-eabi/bin/../lib/gcc/arm-none-eabi/14.2.1/../../../../arm-none-eabi/lib/thumb/v6-m/nofp/libg.a(libc_a-fileno.o)
                              /Applications/ArmGNUToolchain/14.2.rel1/arm-none-eabi/bin/../lib/gcc/arm-none-eabi/14.2.1/../../../../arm-none-eabi/lib/thumb/v6-m/nofp/libg.a(libc_a-perror.o) (fileno)
/Applications/ArmGNUToolchain/14.2.rel1/arm-none-eabi/bin/../lib/gcc/arm-none-eabi/14.2.1/../../../../arm-none-eabi/lib/thumb/v6-m/nofp/libg.a(libc_a-findfp.o)
                              /Applications/ArmGNUToolchain/14.2.rel1/arm-none-eabi/bin/../lib/gcc/arm-none-eabi/14.2.1/../../../../arm-none-eabi/lib/thumb/v6-m/nofp/libg.a(libc_a-fflush.o) (__sglue)
/Applications/ArmGNUToolchain/14.2.rel1/arm-none-eabi/bin/../lib/gcc/arm-none-eabi/14.2.1/../../../../arm-none-eabi/lib/thumb/v6-m/nofp/libg.a(libc_a-fopen.o)
                              CMakeFiles/minux.dir/main.c.c.o (fopen)
[...]
Memory Configuration

Name             Origin             Length             Attributes
FLASH            0x10000000         0x00200000         xr
RAM              0x20000000         0x00040000         xrw
SCRATCH_X        0x20040000         0x00001000         xrw
SCRATCH_Y        0x20041000         0x00001000         xrw
*default*        0x00000000         0xffffffff

Linker script and memory map

LOAD /Applications/ArmGNUToolchain/14.2.rel1/arm-none-eabi/bin/../lib/gcc/arm-none-eabi/14.2.1/thumb/v6-m/nofp/crti.o
LOAD /Applications/ArmGNUToolchain/14.2.rel1/arm-none-eabi/bin/../lib/gcc/arm-none-eabi/14.2.1/thumb/v6-m/nofp/crtbegin.o
LOAD /Applications/ArmGNUToolchain/14.2.rel1/arm-none-eabi/bin/../lib/gcc/arm-none-eabi/14.2.1/../../../../arm-none-eabi/lib/thumb/v6-m/nofp/crt0.o

.flash_begin    0x10000000        0x0
                0x10000000                        __flash_binary_start = .

.boot2          0x10000000      0x100
                0x10000000                        __boot2_start__ = .
 *(.boot2)
 .boot2         0x10000000      0x100 pico-sdk/src/rp2040/boot_stage2/CMakeFiles/bs2_default_library.dir/bs2_default_padded_checksummed.S.o
                0x10000100                        __boot2_end__ = .
                0x00000001                        ASSERT (((__boot2_end__ - __boot2_start__) == 0x100), ERROR: Pico second stage bootloader must be 256 bytes in size)

.text           0x10000100     0xd88c
                0x10000100                        __logical_binary_start = .
 *(.vectors)
 .vectors       0x10000100       0xd4 CMakeFiles/minux.dir/Users/ab25cq/pico-sdk/src/rp2_common/pico_crt0/crt0.S.o
                0x10000100                __VECTOR_TABLE
                0x10000100                __vectors
                0x100001c0                __default_isrs_start
                0x100001c0                isr_invalid
                0x100001c2                isr_nmi
                0x100001c4                isr_hardfault
                0x100001c6                isr_svcall
                0x100001c8                isr_pendsv
                0x100001ca                isr_systick
                0x100001cc                isr_irq28
                0x100001cc                isr_irq19
                0x100001cc                isr_irq0
                0x100001cc                isr_irq6
                0x100001cc                isr_irq22
                0x100001cc                isr_irq17
                0x100001cc                isr_irq14
                0x100001cc                isr_irq2
                0x100001cc                isr_irq10
                0x100001cc                isr_irq8
                0x100001cc                isr_irq24
                0x100001cc                isr_irq1
                0x100001cc                isr_irq7
                0x100001cc                isr_irq21
                0x100001cc                isr_irq20
                0x100001cc                isr_irq15
                0x100001cc                isr_irq25
                0x100001cc                isr_irq4
                0x100001cc                isr_irq16
                0x100001cc                isr_irq29
                0x100001cc                isr_irq26
                0x100001cc                __default_isrs_end
                0x100001cc                isr_irq3
                0x100001cc                isr_irq9
                0x100001cc                __unhandled_user_irq
                0x100001cc                isr_irq13
                0x100001cc                isr_irq27
                0x100001cc                isr_irq31
                0x100001cc                isr_irq5
                0x100001cc                isr_irq11
                0x100001cc                isr_irq23
                0x100001cc                isr_irq18
                0x100001cc                isr_irq30
                0x100001cc                isr_irq12
                0x100001d2                unhandled_user_irq_num_in_r0
 *(.binary_info_header)
 .binary_info_header
                0x100001d4       0x14 CMakeFiles/minux.dir/Users/ab25cq/pico-sdk/src/rp2_common/pico_crt0/crt0.S.o
                0x100001e8                        __binary_info_header_end = .
 *(.embedded_block)
                0x100001e8                        __embedded_block_end = .
 *(.reset)
 .reset         0x100001e8       0x9c CMakeFiles/minux.dir/Users/ab25cq/pico-sdk/src/rp2_common/pico_crt0/crt0.S.o
                0x100001e8                _entry_point
 *(.init)
 .init          0x10000284        0x4 /Applications/ArmGNUToolchain/14.2.rel1/arm-none-eabi/bin/../lib/gcc/arm-none-eabi/14.2.1/thumb/v6-m/nofp/crti.o
                0x10000284                _init
 *(EXCLUDE_FILE(*libm.a: *libc.a:*lib_a-mem*.o *libgcc.a:) .text*)
 .text.register_tm_clones
                0x10000288       0x28 /Applications/ArmGNUToolchain/14.2.rel1/arm-none-eabi/bin/../lib/gcc/arm-none-eabi/14.2.1/thumb/v6-m/nofp/crtbegin.o
 .text.frame_dummy
                0x100002b0       0x24 /Applications/ArmGNUToolchain/14.2.rel1/arm-none-eabi/bin/../lib/gcc/arm-none-eabi/14.2.1/thumb/v6-m/nofp/crtbegin.o
 .text.add_repeating_timer_ms
                0x100002d4       0x46 CMakeFiles/minux.dir/main.c.c.o
 *fill*         0x1000031a        0x2 
 .text.come_push_stackframe
                0x1000031c       0x54 CMakeFiles/minux.dir/main.c.c.o
                0x1000031c                come_push_stackframe
 .text.come_pop_stackframe
                0x10000370       0x1c CMakeFiles/minux.dir/main.c.c.o
                0x10000370                come_pop_stackframe
 .text.stackframe
                0x1000038c       0x58 CMakeFiles/minux.dir/main.c.c.o
                0x1000038c                stackframe
 .text.come_null_check
                0x100003e4       0x54 CMakeFiles/minux.dir/main.c.c.o
                0x100003e4                come_null_check
 .text.come_heap_init
                0x10000438       0xfc CMakeFiles/minux.dir/main.c.c.o
                0x10000438                come_heap_init
 .text.alloc_from_pages
                0x10000534      0x174 CMakeFiles/minux.dir/main.c.c.o
                0x10000534                alloc_from_pages
 .text.come_alloc_mem_from_heap_pool
                0x100006a8      0x1f8 CMakeFiles/minux.dir/main.c.c.o
                0x100006a8                come_alloc_mem_from_heap_pool
 .text.come_free_mem_of_heap_pool
                0x100008a0      0x1d4 CMakeFiles/minux.dir/main.c.c.o
                0x100008a0                come_free_mem_of_heap_pool
 .text.come_calloc
                0x10000a74       0x6c CMakeFiles/minux.dir/main.c.c.o
                0x10000a74                come_calloc
 .text.come_free_object
                0x10000ae0       0x22 CMakeFiles/minux.dir/main.c.c.o
                0x10000ae0                come_free_object
 *fill*         0x10000b02        0x2 
 .text.come_increment_ref_count
                0x10000b04       0x5c CMakeFiles/minux.dir/main.c.c.o
                0x10000b04                come_increment_ref_count
 .text.come_call_finalizer3
                0x10000b60       0x9c CMakeFiles/minux.dir/main.c.c.o
                0x10000b60                come_call_finalizer3
 .text.init_task
                0x10000bfc       0xd8 CMakeFiles/minux.dir/main.c.c.o
                0x10000bfc                init_task
 .text.list$1sTaskph_add
                0x10000cd4      0x1c0 CMakeFiles/minux.dir/main.c.c.o
 .text.sTask_finalize
                0x10000e94        0xa CMakeFiles/minux.dir/main.c.c.o
 *fill*         0x10000e9e        0x2 
 .text.save_context
                0x10000ea0       0xe0 CMakeFiles/minux.dir/main.c.c.o
                0x10000ea0                save_context
 .text.restore_context
                0x10000f80       0xf0 CMakeFiles/minux.dir/main.c.c.o
                0x10000f80                restore_context
 .text.timer_callback
                0x10001070       0xc8 CMakeFiles/minux.dir/main.c.c.o
                0x10001070                timer_callback
 .text.list$1sTaskphp_operator_load_element
                0x10001138       0xa4 CMakeFiles/minux.dir/main.c.c.o
 .text.list$1sTaskph_length
                0x100011dc       0x18 CMakeFiles/minux.dir/main.c.c.o
 .text.task1    0x100011f4       0x30 CMakeFiles/minux.dir/main.c.c.o
                0x100011f4                task1
 .text.task2    0x10001224       0x30 CMakeFiles/minux.dir/main.c.c.o
                0x10001224                task2
 .text.main     0x10001254      0x124 CMakeFiles/minux.dir/main.c.c.o
                0x10001254                main
 .text.list$1sTaskph_initialize
                0x10001378       0x5c CMakeFiles/minux.dir/main.c.c.o
 .text.list$1sTaskphp_finalize
                0x100013d4       0x44 CMakeFiles/minux.dir/main.c.c.o
 .text.list_item$1sTaskphp_finalize
                0x10001418       0x68 CMakeFiles/minux.dir/main.c.c.o
 .text.list$1sTaskph_finalize
                0x10001480       0x44 CMakeFiles/minux.dir/main.c.c.o
 .text.check_gpio_param
                0x100014c4        0xa CMakeFiles/minux.dir/Users/ab25cq/pico-sdk/src/rp2_common/hardware_gpio/gpio.c.o
 *fill*         0x100014ce        0x2 
 .text.gpio_set_function
                0x100014d0       0x70 CMakeFiles/minux.dir/Users/ab25cq/pico-sdk/src/rp2_common/hardware_gpio/gpio.c.o
                0x100014d0                gpio_set_function
 .text.rp2040_chip_version
                0x10001540       0x2c CMakeFiles/minux.dir/Users/ab25cq/pico-sdk/src/rp2040/pico_platform/platform.c.o
                0x10001540                rp2040_chip_version
 .text.panic    0x1000156c       0x3c CMakeFiles/minux.dir/Users/ab25cq/pico-sdk/src/rp2_common/pico_platform_panic/panic.c.o
                0x1000156c                panic
 .text.hw_claim_lock
                0x100015a8       0x4c CMakeFiles/minux.dir/Users/ab25cq/pico-sdk/src/common/hardware_claim/claim.c.o
                0x100015a8                hw_claim_lock
 .text.hw_claim_unlock
                0x100015f4       0x44 CMakeFiles/minux.dir/Users/ab25cq/pico-sdk/src/common/hardware_claim/claim.c.o
                0x100015f4                hw_claim_unlock
 .text.hw_is_claimed
                0x10001638       0x2c CMakeFiles/minux.dir/Users/ab25cq/pico-sdk/src/common/hardware_claim/claim.c.o
                0x10001638                hw_is_claimed
 .text.hw_claim_or_assert
                0x10001664       0x62 CMakeFiles/minux.dir/Users/ab25cq/pico-sdk/src/common/hardware_claim/claim.c.o
                0x10001664                hw_claim_or_assert
 .text.hw_claim_unused_from_range
                0x100016c6       0xa2 CMakeFiles/minux.dir/Users/ab25cq/pico-sdk/src/common/hardware_claim/claim.c.o
                0x100016c6                hw_claim_unused_from_range
 .text.next_striped_spin_lock_num
                0x10001768       0x2c CMakeFiles/minux.dir/Users/ab25cq/pico-sdk/src/rp2_common/hardware_sync/sync.c.o
                0x10001768                next_striped_spin_lock_num
 .text.spin_lock_claim_unused
                0x10001794       0x30 CMakeFiles/minux.dir/Users/ab25cq/pico-sdk/src/rp2_common/hardware_sync/sync.c.o
                0x10001794                spin_lock_claim_unused
 .text.spin_locks_reset
                0x100017c4       0x40 CMakeFiles/minux.dir/Users/ab25cq/pico-sdk/src/rp2_common/hardware_sync_spin_lock/sync_spin_lock.c.o
                0x100017c4                spin_locks_reset
 .text.hard_assert
                0x10001804       0x20 CMakeFiles/minux.dir/Users/ab25cq/pico-sdk/src/rp2_common/hardware_irq/irq.c.o
 .text.check_irq_param
                0x10001824        0xa CMakeFiles/minux.dir/Users/ab25cq/pico-sdk/src/rp2_common/hardware_irq/irq.c.o
 *fill*         0x1000182e        0x2 
 .text.user_irq_claimed_ptr
                0x10001830        0xc CMakeFiles/minux.dir/Users/ab25cq/pico-sdk/src/rp2_common/hardware_irq/irq.c.o
 .text.get_vtable
                0x1000183c        0xc CMakeFiles/minux.dir/Users/ab25cq/pico-sdk/src/rp2_common/hardware_irq/irq.c.o
 .text.add_thumb_bit
                0x10001848       0x10 CMakeFiles/minux.dir/Users/ab25cq/pico-sdk/src/rp2_common/hardware_irq/irq.c.o
 .text.remove_thumb_bit
                0x10001858       0x10 CMakeFiles/minux.dir/Users/ab25cq/pico-sdk/src/rp2_common/hardware_irq/irq.c.o
 .text.set_raw_irq_handler_and_unlock
                0x10001868       0x64 CMakeFiles/minux.dir/Users/ab25cq/pico-sdk/src/rp2_common/hardware_irq/irq.c.o
 .text.irq_set_enabled
                0x100018cc       0x38 CMakeFiles/minux.dir/Users/ab25cq/pico-sdk/src/rp2_common/hardware_irq/irq.c.o
                0x100018cc                irq_set_enabled
 .text.irq_is_enabled
                0x10001904       0x2c CMakeFiles/minux.dir/Users/ab25cq/pico-sdk/src/rp2_common/hardware_irq/irq.c.o
                0x10001904                irq_is_enabled
 .text.irq_set_mask_n_enabled_internal
                0x10001930       0x3c CMakeFiles/minux.dir/Users/ab25cq/pico-sdk/src/rp2_common/hardware_irq/irq.c.o
 .text.irq_set_mask_n_enabled
                0x1000196c       0x24 CMakeFiles/minux.dir/Users/ab25cq/pico-sdk/src/rp2_common/hardware_irq/irq.c.o
                0x1000196c                irq_set_mask_n_enabled
 .text.irq_set_pending
                0x10001990       0x24 CMakeFiles/minux.dir/Users/ab25cq/pico-sdk/src/rp2_common/hardware_irq/irq.c.o
                0x10001990                irq_set_pending
 .text.is_shared_irq_raw_handler
                0x100019b4       0x20 CMakeFiles/minux.dir/Users/ab25cq/pico-sdk/src/rp2_common/hardware_irq/irq.c.o
 .text.irq_has_shared_handler
                0x100019d4       0x40 CMakeFiles/minux.dir/Users/ab25cq/pico-sdk/src/rp2_common/hardware_irq/irq.c.o
                0x100019d4                irq_has_shared_handler
 .text.irq_get_vtable_handler
                0x10001a14       0x24 CMakeFiles/minux.dir/Users/ab25cq/pico-sdk/src/rp2_common/hardware_irq/irq.c.o
                0x10001a14                irq_get_vtable_handler
 .text.irq_set_exclusive_handler
                0x10001a38       0xa0 CMakeFiles/minux.dir/Users/ab25cq/pico-sdk/src/rp2_common/hardware_irq/irq.c.o
                0x10001a38                irq_set_exclusive_handler
 .text.make_j_16
                0x10001ad8       0x38 CMakeFiles/minux.dir/Users/ab25cq/pico-sdk/src/rp2_common/hardware_irq/irq.c.o
 .text.insert_bl_32
                0x10001b10       0x50 CMakeFiles/minux.dir/Users/ab25cq/pico-sdk/src/rp2_common/hardware_irq/irq.c.o
 .text.resolve_j_16
                0x10001b60       0x30 CMakeFiles/minux.dir/Users/ab25cq/pico-sdk/src/rp2_common/hardware_irq/irq.c.o
 .text.slot_diff
                0x10001b90       0x2c CMakeFiles/minux.dir/Users/ab25cq/pico-sdk/src/rp2_common/hardware_irq/irq.c.o
 .text.get_slot_index
                0x10001bbc       0x20 CMakeFiles/minux.dir/Users/ab25cq/pico-sdk/src/rp2_common/hardware_irq/irq.c.o
 .text.irq_add_shared_handler
                0x10001bdc      0x298 CMakeFiles/minux.dir/Users/ab25cq/pico-sdk/src/rp2_common/hardware_irq/irq.c.o
                0x10001bdc                irq_add_shared_handler
 .text.handler_from_slot
                0x10001e74        0xe CMakeFiles/minux.dir/Users/ab25cq/pico-sdk/src/rp2_common/hardware_irq/irq.c.o
 *fill*         0x10001e82        0x2 
 .text.irq_remove_handler
                0x10001e84      0x23c CMakeFiles/minux.dir/Users/ab25cq/pico-sdk/src/rp2_common/hardware_irq/irq.c.o
                0x10001e84                irq_remove_handler
 .text.nvic_ipr0
                0x100020c0        0xc CMakeFiles/minux.dir/Users/ab25cq/pico-sdk/src/rp2_common/hardware_irq/irq.c.o
 .text.irq_add_tail_to_free_list
                0x100020cc      0x15c CMakeFiles/minux.dir/Users/ab25cq/pico-sdk/src/rp2_common/hardware_irq/irq.c.o
                0x100020cc                irq_add_tail_to_free_list
 .text.runtime_init_per_core_irq_priorities
                0x10002228       0x38 CMakeFiles/minux.dir/Users/ab25cq/pico-sdk/src/rp2_common/hardware_irq/irq.c.o
                0x10002228                runtime_init_per_core_irq_priorities
 .text.user_irq_claim_unused
                0x10002260       0x40 CMakeFiles/minux.dir/Users/ab25cq/pico-sdk/src/rp2_common/hardware_irq/irq.c.o
                0x10002260                user_irq_claim_unused
 .text.lock_init
                0x100022a0       0x24 CMakeFiles/minux.dir/Users/ab25cq/pico-sdk/src/common/pico_sync/lock_core.c.o
                0x100022a0                lock_init
 .text.to_us_since_boot
                0x100022c4       0x12 CMakeFiles/minux.dir/Users/ab25cq/pico-sdk/src/common/pico_sync/mutex.c.o
 .text.update_us_since_boot
                0x100022d6       0x18 CMakeFiles/minux.dir/Users/ab25cq/pico-sdk/src/common/pico_sync/mutex.c.o
 .text.get_absolute_time
                0x100022ee       0x20 CMakeFiles/minux.dir/Users/ab25cq/pico-sdk/src/common/pico_sync/mutex.c.o
 *fill*         0x1000230e        0x2 
 .text.delayed_by_ms
                0x10002310       0x78 CMakeFiles/minux.dir/Users/ab25cq/pico-sdk/src/common/pico_sync/mutex.c.o
 .text.make_timeout_time_ms
                0x10002388       0x1e CMakeFiles/minux.dir/Users/ab25cq/pico-sdk/src/common/pico_sync/mutex.c.o
 *fill*         0x100023a6        0x2 
 .text.runtime_init_mutex
                0x100023a8       0x50 CMakeFiles/minux.dir/Users/ab25cq/pico-sdk/src/common/pico_sync/mutex.c.o
                0x100023a8                runtime_init_mutex
 .text.mutex_init
                0x100023f8       0x2a CMakeFiles/minux.dir/Users/ab25cq/pico-sdk/src/common/pico_sync/mutex.c.o
                0x100023f8                mutex_init
 .text.recursive_mutex_init
                0x10002422       0x30 CMakeFiles/minux.dir/Users/ab25cq/pico-sdk/src/common/pico_sync/mutex.c.o
                0x10002422                recursive_mutex_init
 .text.critical_section_init
                0x10002452       0x20 CMakeFiles/minux.dir/Users/ab25cq/pico-sdk/src/common/pico_sync/critical_section.c.o
                0x10002452                critical_section_init
 *fill*         0x10002472        0x2 
 .text.critical_section_init_with_lock_num
                0x10002474       0x2c CMakeFiles/minux.dir/Users/ab25cq/pico-sdk/src/common/pico_sync/critical_section.c.o
                0x10002474                critical_section_init_with_lock_num
 .text.to_us_since_boot
                0x100024a0       0x12 CMakeFiles/minux.dir/Users/ab25cq/pico-sdk/src/common/pico_time/time.c.o
 .text.update_us_since_boot
                0x100024b2       0x18 CMakeFiles/minux.dir/Users/ab25cq/pico-sdk/src/common/pico_time/time.c.o
 .text.check_hardware_alarm_num_param
                0x100024ca        0xa CMakeFiles/minux.dir/Users/ab25cq/pico-sdk/src/common/pico_time/time.c.o
 .text.timer_time_us_32
                0x100024d4        0xe CMakeFiles/minux.dir/Users/ab25cq/pico-sdk/src/common/pico_time/time.c.o
 .text.timer_time_reached
                0x100024e2       0x5e CMakeFiles/minux.dir/Users/ab25cq/pico-sdk/src/common/pico_time/time.c.o
 .text.time_reached
                0x10002540       0x20 CMakeFiles/minux.dir/Users/ab25cq/pico-sdk/src/common/pico_time/time.c.o
 .text.timer_hardware_alarm_get_irq_num
                0x10002560       0x18 CMakeFiles/minux.dir/Users/ab25cq/pico-sdk/src/common/pico_time/time.c.o
 .text.timer_get_index
                0x10002578        0xc CMakeFiles/minux.dir/Users/ab25cq/pico-sdk/src/common/pico_time/time.c.o
 .text.timer_get_instance
                0x10002584       0x10 CMakeFiles/minux.dir/Users/ab25cq/pico-sdk/src/common/pico_time/time.c.o
 .text.get_absolute_time
                0x10002594       0x20 CMakeFiles/minux.dir/Users/ab25cq/pico-sdk/src/common/pico_time/time.c.o
 .text.delayed_by_us
                0x100025b4       0x60 CMakeFiles/minux.dir/Users/ab25cq/pico-sdk/src/common/pico_time/time.c.o
 .text.make_timeout_time_us
                0x10002614       0x20 CMakeFiles/minux.dir/Users/ab25cq/pico-sdk/src/common/pico_time/time.c.o
 .text.absolute_time_diff_us
                0x10002634       0x3c CMakeFiles/minux.dir/Users/ab25cq/pico-sdk/src/common/pico_time/time.c.o
 .text.add_alarm_at
                0x10002670       0x2e CMakeFiles/minux.dir/Users/ab25cq/pico-sdk/src/common/pico_time/time.c.o
 .text.cancel_alarm
                0x1000269e       0x1e CMakeFiles/minux.dir/Users/ab25cq/pico-sdk/src/common/pico_time/time.c.o
 .text.default_alarm_pool_initialized
                0x100026bc       0x14 CMakeFiles/minux.dir/Users/ab25cq/pico-sdk/src/common/pico_time/time.c.o
 .text.ta_force_irq
                0x100026d0       0x2e CMakeFiles/minux.dir/Users/ab25cq/pico-sdk/src/common/pico_time/time.c.o
 .text.ta_clear_force_irq
                0x100026fe       0x2e CMakeFiles/minux.dir/Users/ab25cq/pico-sdk/src/common/pico_time/time.c.o
 .text.ta_clear_irq
                0x1000272c       0x16 CMakeFiles/minux.dir/Users/ab25cq/pico-sdk/src/common/pico_time/time.c.o
 .text.ta_from_current_irq
                0x10002742       0x32 CMakeFiles/minux.dir/Users/ab25cq/pico-sdk/src/common/pico_time/time.c.o
 .text.ta_set_timeout
                0x10002774       0x4a CMakeFiles/minux.dir/Users/ab25cq/pico-sdk/src/common/pico_time/time.c.o
 .text.ta_wakes_up_on_or_before
                0x100027be       0x42 CMakeFiles/minux.dir/Users/ab25cq/pico-sdk/src/common/pico_time/time.c.o
 .text.ta_time_us_64
                0x10002800       0x1a CMakeFiles/minux.dir/Users/ab25cq/pico-sdk/src/common/pico_time/time.c.o
 .text.ta_enable_irq_handler
                0x1000281a       0x62 CMakeFiles/minux.dir/Users/ab25cq/pico-sdk/src/common/pico_time/time.c.o
 .text.ta_hardware_alarm_claim
                0x1000287c       0x1a CMakeFiles/minux.dir/Users/ab25cq/pico-sdk/src/common/pico_time/time.c.o
 .text.ta_timer_num
                0x10002896       0x16 CMakeFiles/minux.dir/Users/ab25cq/pico-sdk/src/common/pico_time/time.c.o
 .text.ta_default_timer_instance
                0x100028ac        0xc CMakeFiles/minux.dir/Users/ab25cq/pico-sdk/src/common/pico_time/time.c.o
 .text.alarm_index
                0x100028b8       0x10 CMakeFiles/minux.dir/Users/ab25cq/pico-sdk/src/common/pico_time/time.c.o
 .text.alarm_sequence
                0x100028c8        0xe CMakeFiles/minux.dir/Users/ab25cq/pico-sdk/src/common/pico_time/time.c.o
 .text.make_alarm_id
                0x100028d6       0x1e CMakeFiles/minux.dir/Users/ab25cq/pico-sdk/src/common/pico_time/time.c.o
 .text.runtime_init_default_alarm_pool
                0x100028f4       0x4c CMakeFiles/minux.dir/Users/ab25cq/pico-sdk/src/common/pico_time/time.c.o
                0x100028f4                runtime_init_default_alarm_pool
 .text.alarm_pool_get_default
                0x10002940        0xc CMakeFiles/minux.dir/Users/ab25cq/pico-sdk/src/common/pico_time/time.c.o
                0x10002940                alarm_pool_get_default
 .text.alarm_pool_irq_handler
                0x1000294c      0x4ec CMakeFiles/minux.dir/Users/ab25cq/pico-sdk/src/common/pico_time/time.c.o
 .text.alarm_pool_post_alloc_init
                0x10002e38       0xcc CMakeFiles/minux.dir/Users/ab25cq/pico-sdk/src/common/pico_time/time.c.o
 .text.alarm_pool_add_alarm_at
                0x10002f04       0x56 CMakeFiles/minux.dir/Users/ab25cq/pico-sdk/src/common/pico_time/time.c.o
                0x10002f04                alarm_pool_add_alarm_at
 .text.alarm_pool_add_alarm_at_force_in_context
                0x10002f5a      0x1b0 CMakeFiles/minux.dir/Users/ab25cq/pico-sdk/src/common/pico_time/time.c.o
                0x10002f5a                alarm_pool_add_alarm_at_force_in_context
 *fill*         0x1000310a        0x2 
 .text.alarm_pool_cancel_alarm
                0x1000310c      0x114 CMakeFiles/minux.dir/Users/ab25cq/pico-sdk/src/common/pico_time/time.c.o
                0x1000310c                alarm_pool_cancel_alarm
 .text.alarm_pool_core_num
                0x10003220        0xe CMakeFiles/minux.dir/Users/ab25cq/pico-sdk/src/common/pico_time/time.c.o
                0x10003220                alarm_pool_core_num
 *fill*         0x1000322e        0x2 
 .text.sleep_until_callback
                0x10003230       0x7c CMakeFiles/minux.dir/Users/ab25cq/pico-sdk/src/common/pico_time/time.c.o
 .text.sleep_until
                0x100032ac      0x124 CMakeFiles/minux.dir/Users/ab25cq/pico-sdk/src/common/pico_time/time.c.o
                0x100032ac                sleep_until
 .text.sleep_us
                0x100033d0       0x26 CMakeFiles/minux.dir/Users/ab25cq/pico-sdk/src/common/pico_time/time.c.o
                0x100033d0                sleep_us
 .text.sleep_ms
                0x100033f6       0x2e CMakeFiles/minux.dir/Users/ab25cq/pico-sdk/src/common/pico_time/time.c.o
                0x100033f6                sleep_ms
 .text.best_effort_wfe_or_timeout
                0x10003424       0xd4 CMakeFiles/minux.dir/Users/ab25cq/pico-sdk/src/common/pico_time/time.c.o
                0x10003424                best_effort_wfe_or_timeout
 .text.alarm_pool_add_repeating_timer_us
                0x100034f8       0x84 CMakeFiles/minux.dir/Users/ab25cq/pico-sdk/src/common/pico_time/time.c.o
                0x100034f8                alarm_pool_add_repeating_timer_us
 .text.alarm_pool_get_default_timer
                0x1000357c        0xc CMakeFiles/minux.dir/Users/ab25cq/pico-sdk/src/common/pico_time/time.c.o
                0x1000357c                alarm_pool_get_default_timer
 .text.to_us_since_boot
                0x10003588       0x12 CMakeFiles/minux.dir/Users/ab25cq/pico-sdk/src/rp2_common/hardware_timer/timer.c.o
 .text.update_us_since_boot
                0x1000359a       0x18 CMakeFiles/minux.dir/Users/ab25cq/pico-sdk/src/rp2_common/hardware_timer/timer.c.o
 .text.check_hardware_alarm_num_param
                0x100035b2        0xa CMakeFiles/minux.dir/Users/ab25cq/pico-sdk/src/rp2_common/hardware_timer/timer.c.o
 .text.timer_get_index
                0x100035bc        0xc CMakeFiles/minux.dir/Users/ab25cq/pico-sdk/src/rp2_common/hardware_timer/timer.c.o
 .text.timer_hardware_alarm_claim
                0x100035c8       0x38 CMakeFiles/minux.dir/Users/ab25cq/pico-sdk/src/rp2_common/hardware_timer/timer.c.o
                0x100035c8                timer_hardware_alarm_claim
 .text.timer_time_us_64
                0x10003600       0x56 CMakeFiles/minux.dir/Users/ab25cq/pico-sdk/src/rp2_common/hardware_timer/timer.c.o
                0x10003600                timer_time_us_64
 .text.timer_busy_wait_us
                0x10003656       0x6a CMakeFiles/minux.dir/Users/ab25cq/pico-sdk/src/rp2_common/hardware_timer/timer.c.o
                0x10003656                timer_busy_wait_us
 .text.timer_busy_wait_until
                0x100036c0       0x64 CMakeFiles/minux.dir/Users/ab25cq/pico-sdk/src/rp2_common/hardware_timer/timer.c.o
                0x100036c0                timer_busy_wait_until
 .text.time_us_64
                0x10003724       0x18 CMakeFiles/minux.dir/Users/ab25cq/pico-sdk/src/rp2_common/hardware_timer/timer.c.o
                0x10003724                time_us_64
 .text.busy_wait_us
                0x1000373c       0x20 CMakeFiles/minux.dir/Users/ab25cq/pico-sdk/src/rp2_common/hardware_timer/timer.c.o
                0x1000373c                busy_wait_us
 .text.busy_wait_until
                0x1000375c       0x20 CMakeFiles/minux.dir/Users/ab25cq/pico-sdk/src/rp2_common/hardware_timer/timer.c.o
                0x1000375c                busy_wait_until
 .text.reset_block_num
                0x1000377c       0x38 CMakeFiles/minux.dir/Users/ab25cq/pico-sdk/src/rp2_common/hardware_uart/uart.c.o
 .text.unreset_block_num_wait_blocking
                0x100037b4       0x50 CMakeFiles/minux.dir/Users/ab25cq/pico-sdk/src/rp2_common/hardware_uart/uart.c.o
 .text.uart_get_index
                0x10003804       0x1c CMakeFiles/minux.dir/Users/ab25cq/pico-sdk/src/rp2_common/hardware_uart/uart.c.o
 .text.uart_get_hw
                0x10003820       0x16 CMakeFiles/minux.dir/Users/ab25cq/pico-sdk/src/rp2_common/hardware_uart/uart.c.o
 .text.uart_get_reset_num
                0x10003836       0x1e CMakeFiles/minux.dir/Users/ab25cq/pico-sdk/src/rp2_common/hardware_uart/uart.c.o
 .text.uart_clock_get_hz
                0x10003854       0x14 CMakeFiles/minux.dir/Users/ab25cq/pico-sdk/src/rp2_common/hardware_uart/uart.c.o
 .text.uart_reset
                0x10003868       0x1c CMakeFiles/minux.dir/Users/ab25cq/pico-sdk/src/rp2_common/hardware_uart/uart.c.o
 .text.uart_unreset
                0x10003884       0x1c CMakeFiles/minux.dir/Users/ab25cq/pico-sdk/src/rp2_common/hardware_uart/uart.c.o
 .text.uart_init
                0x100038a0       0xe0 CMakeFiles/minux.dir/Users/ab25cq/pico-sdk/src/rp2_common/hardware_uart/uart.c.o
                0x100038a0                uart_init
 .text.uart_disable_before_lcr_write
                0x10003980       0xac CMakeFiles/minux.dir/Users/ab25cq/pico-sdk/src/rp2_common/hardware_uart/uart.c.o
 .text.uart_write_lcr_bits_masked
                0x10003a2c       0x64 CMakeFiles/minux.dir/Users/ab25cq/pico-sdk/src/rp2_common/hardware_uart/uart.c.o
 .text.uart_set_baudrate
                0x10003a90       0xa8 CMakeFiles/minux.dir/Users/ab25cq/pico-sdk/src/rp2_common/hardware_uart/uart.c.o
                0x10003a90                uart_set_baudrate
 .text.uart_set_translate_crlf
                0x10003b38       0x3c CMakeFiles/minux.dir/Users/ab25cq/pico-sdk/src/rp2_common/hardware_uart/uart.c.o
                0x10003b38                uart_set_translate_crlf
 .text.busy_wait_at_least_cycles
                0x10003b74       0x12 CMakeFiles/minux.dir/Users/ab25cq/pico-sdk/src/rp2_common/hardware_clocks/clocks.c.o
 .text.has_glitchless_mux
                0x10003b86       0x32 CMakeFiles/minux.dir/Users/ab25cq/pico-sdk/src/rp2_common/hardware_clocks/clocks.c.o
 .text.clock_configure_internal
                0x10003bb8      0x18c CMakeFiles/minux.dir/Users/ab25cq/pico-sdk/src/rp2_common/hardware_clocks/clocks.c.o
 .text.clock_configure_int_divider
                0x10003d44       0x3c CMakeFiles/minux.dir/Users/ab25cq/pico-sdk/src/rp2_common/hardware_clocks/clocks.c.o
                0x10003d44                clock_configure_int_divider
 .text.clock_configure_undivided
                0x10003d80       0x30 CMakeFiles/minux.dir/Users/ab25cq/pico-sdk/src/rp2_common/hardware_clocks/clocks.c.o
                0x10003d80                clock_configure_undivided
 .text.clock_get_hz
                0x10003db0       0x20 CMakeFiles/minux.dir/Users/ab25cq/pico-sdk/src/rp2_common/hardware_clocks/clocks.c.o
                0x10003db0                clock_get_hz
 .text.clock_set_reported_hz
                0x10003dd0       0x24 CMakeFiles/minux.dir/Users/ab25cq/pico-sdk/src/rp2_common/hardware_clocks/clocks.c.o
                0x10003dd0                clock_set_reported_hz
 .text.reset_unreset_block_num_wait_blocking
                0x10003df4       0x78 CMakeFiles/minux.dir/Users/ab25cq/pico-sdk/src/rp2_common/hardware_pll/pll.c.o
 .text.pll_init
                0x10003e6c       0xdc CMakeFiles/minux.dir/Users/ab25cq/pico-sdk/src/rp2_common/hardware_pll/pll.c.o
                0x10003e6c                pll_init
 .text.watchdog_update
                0x10003f48       0x14 CMakeFiles/minux.dir/Users/ab25cq/pico-sdk/src/rp2_common/hardware_watchdog/watchdog.c.o
                0x10003f48                watchdog_update
 .text._watchdog_enable
                0x10003f5c      0x108 CMakeFiles/minux.dir/Users/ab25cq/pico-sdk/src/rp2_common/hardware_watchdog/watchdog.c.o
                0x10003f5c                _watchdog_enable
 .text.watchdog_reboot
                0x10004064       0x74 CMakeFiles/minux.dir/Users/ab25cq/pico-sdk/src/rp2_common/hardware_watchdog/watchdog.c.o
                0x10004064                watchdog_reboot
 .text.tick_start
                0x100040d8       0x24 CMakeFiles/minux.dir/Users/ab25cq/pico-sdk/src/rp2_common/hardware_ticks/ticks.c.o
                0x100040d8                tick_start
 .text.rom_func_lookup
                0x100040fc       0x40 CMakeFiles/minux.dir/Users/ab25cq/pico-sdk/src/rp2_common/pico_bootrom/bootrom.c.o
                0x100040fc                rom_func_lookup
 .text.rom_data_lookup
                0x1000413c       0x38 CMakeFiles/minux.dir/Users/ab25cq/pico-sdk/src/rp2_common/pico_bootrom/bootrom.c.o
                0x1000413c                rom_data_lookup
 .text.rom_funcs_lookup
                0x10004174       0x64 CMakeFiles/minux.dir/Users/ab25cq/pico-sdk/src/rp2_common/pico_bootrom/bootrom.c.o
                0x10004174                rom_funcs_lookup
 .text.rom_reset_usb_boot_extra
                0x100041d8       0x38 CMakeFiles/minux.dir/Users/ab25cq/pico-sdk/src/rp2_common/pico_bootrom/bootrom.c.o
                0x100041d8                rom_reset_usb_boot_extra
 .text.xosc_init
                0x10004210       0x44 CMakeFiles/minux.dir/Users/ab25cq/pico-sdk/src/rp2_common/hardware_xosc/xosc.c.o
                0x10004210                xosc_init
 .text.hard_assertion_failure
                0x10004254       0x10 CMakeFiles/minux.dir/Users/ab25cq/pico-sdk/src/rp2_common/pico_runtime/runtime.c.o
                0x10004254                hard_assertion_failure
 .text.runtime_run_initializers_from
                0x10004264       0x30 CMakeFiles/minux.dir/Users/ab25cq/pico-sdk/src/rp2_common/pico_runtime/runtime.c.o
 .text.runtime_run_initializers
                0x10004294       0x14 CMakeFiles/minux.dir/Users/ab25cq/pico-sdk/src/rp2_common/pico_runtime/runtime.c.o
                0x10004294                runtime_run_initializers
 .text.first_per_core_initializer
                0x100042a8        0x4 CMakeFiles/minux.dir/Users/ab25cq/pico-sdk/src/rp2_common/pico_runtime/runtime.c.o
 .text.runtime_init_early_resets
                0x100042ac       0x7c CMakeFiles/minux.dir/Users/ab25cq/pico-sdk/src/rp2_common/pico_runtime_init/runtime_init.c.o
                0x100042ac                runtime_init_early_resets
 .text.runtime_init_usb_power_down
                0x10004328       0x34 CMakeFiles/minux.dir/Users/ab25cq/pico-sdk/src/rp2_common/pico_runtime_init/runtime_init.c.o
                0x10004328                runtime_init_usb_power_down
 .text.runtime_init_post_clock_resets
                0x1000435c       0x50 CMakeFiles/minux.dir/Users/ab25cq/pico-sdk/src/rp2_common/pico_runtime_init/runtime_init.c.o
                0x1000435c                runtime_init_post_clock_resets
 .text.runtime_init_rp2040_gpio_ie_disable
                0x100043ac       0x24 CMakeFiles/minux.dir/Users/ab25cq/pico-sdk/src/rp2_common/pico_runtime_init/runtime_init.c.o
                0x100043ac                runtime_init_rp2040_gpio_ie_disable
 .text.runtime_init_spin_locks_reset
                0x100043d0        0xa CMakeFiles/minux.dir/Users/ab25cq/pico-sdk/src/rp2_common/pico_runtime_init/runtime_init.c.o
                0x100043d0                runtime_init_spin_locks_reset
 *fill*         0x100043da        0x2 
 .text.runtime_init_install_ram_vector_table
                0x100043dc       0x28 CMakeFiles/minux.dir/Users/ab25cq/pico-sdk/src/rp2_common/pico_runtime_init/runtime_init.c.o
                0x100043dc                runtime_init_install_ram_vector_table
 .text.running_on_fpga
                0x10004404        0x6 CMakeFiles/minux.dir/Users/ab25cq/pico-sdk/src/rp2_common/pico_runtime_init/runtime_init_clocks.c.o
 *fill*         0x1000440a        0x2 
 .text.start_all_ticks
                0x1000440c       0x44 CMakeFiles/minux.dir/Users/ab25cq/pico-sdk/src/rp2_common/pico_runtime_init/runtime_init_clocks.c.o
 .text.runtime_init_clocks
                0x10004450      0x13c CMakeFiles/minux.dir/Users/ab25cq/pico-sdk/src/rp2_common/pico_runtime_init/runtime_init_clocks.c.o
                0x10004450                runtime_init_clocks
 .text          0x1000458c       0x10 CMakeFiles/minux.dir/Users/ab25cq/pico-sdk/src/rp2_common/pico_bit_ops/bit_ops_aeabi.S.o
 .text.__wrap___aeabi_idiv
                0x1000459c       0x50 CMakeFiles/minux.dir/Users/ab25cq/pico-sdk/src/rp2_common/pico_divider/divider_hardware.S.o
                0x1000459c                __wrap___aeabi_idivmod
                0x1000459c                divmod_s32s32
                0x1000459c                div_s32s32
                0x1000459c                __wrap___aeabi_idiv
                0x100045a4                divmod_s32s32_unsafe
                0x100045d0                divmod_s32s32_savestate
 .text.__wrap___aeabi_uidiv
                0x100045ec       0x4c CMakeFiles/minux.dir/Users/ab25cq/pico-sdk/src/rp2_common/pico_divider/divider_hardware.S.o
                0x100045ec                __wrap___aeabi_uidiv
                0x100045ec                __wrap___aeabi_uidivmod
                0x100045ec                div_u32u32
                0x100045ec                divmod_u32u32
                0x100045f4                divmod_u32u32_unsafe
                0x1000461c                divmod_u32u32_savestate
 .text.__wrap___aeabi_ldiv
                0x10004638      0x424 CMakeFiles/minux.dir/Users/ab25cq/pico-sdk/src/rp2_common/pico_divider/divider_hardware.S.o
                0x10004638                __wrap___aeabi_ldivmod
                0x10004638                div_s64s64
                0x10004638                divmod_s64s64
                0x10004668                divmod_u64u64
                0x10004668                div_u64u64
                0x10004668                __wrap___aeabi_uldivmod
                0x10004678                divmod_u64u64_savestate
                0x10004698                divmod_s64s64_unsafe
                0x10004720                divmod_u64u64_unsafe
 .text.__wrap___aeabi_darithmetic
                0x10004a5c       0x80 CMakeFiles/minux.dir/Users/ab25cq/pico-sdk/src/rp2_common/pico_double/double_aeabi_rp2040.S.o
                0x10004a5c                __wrap___aeabi_drsub
                0x10004a62                __wrap___aeabi_dsub
                0x10004a74                __wrap___aeabi_dadd
                0x10004a86                __wrap___aeabi_ddiv
                0x10004ac2                __wrap___aeabi_dmul
 .text.__wrap___aeabi_cdcmple
                0x10004adc       0x6c CMakeFiles/minux.dir/Users/ab25cq/pico-sdk/src/rp2_common/pico_double/double_aeabi_rp2040.S.o
                0x10004adc                __wrap___aeabi_cdrcmple
                0x10004aec                __wrap___aeabi_cdcmple
                0x10004aec                __wrap___aeabi_cdcmpeq
 .text.__wrap___aeabi_dcmplt
                0x10004b48        0xc CMakeFiles/minux.dir/Users/ab25cq/pico-sdk/src/rp2_common/pico_double/double_aeabi_rp2040.S.o
                0x10004b48                __wrap___aeabi_dcmplt
 .text.__wrap___aeabi_dcmpge
                0x10004b54       0x10 CMakeFiles/minux.dir/Users/ab25cq/pico-sdk/src/rp2_common/pico_double/double_aeabi_rp2040.S.o
                0x10004b54                __wrap___aeabi_dcmpge
 .text.__wrap___aeabi_dcmpgt
                0x10004b64        0xa CMakeFiles/minux.dir/Users/ab25cq/pico-sdk/src/rp2_common/pico_double/double_aeabi_rp2040.S.o
                0x10004b64                __wrap___aeabi_dcmpgt
 .text.__wrap___aeabi_dcmpun
                0x10004b6e       0x18 CMakeFiles/minux.dir/Users/ab25cq/pico-sdk/src/rp2_common/pico_double/double_aeabi_rp2040.S.o
                0x10004b6e                __wrap___aeabi_dcmpun
 *fill*         0x10004b86        0x2 
 .text.__wrap___aeabi_i2d
                0x10004b88       0x38 CMakeFiles/minux.dir/Users/ab25cq/pico-sdk/src/rp2_common/pico_double/double_aeabi_rp2040.S.o
                0x10004b88                __wrap___aeabi_ui2d
                0x10004b90                __wrap___aeabi_i2d
 .text.__wrap___aeabi_d2iz
                0x10004bc0       0x48 CMakeFiles/minux.dir/Users/ab25cq/pico-sdk/src/rp2_common/pico_double/double_aeabi_rp2040.S.o
                0x10004bc0                __wrap___aeabi_d2iz
                0x10004bc0                double2int_z
 .text.__wrap___aeabi_d2uiz
                0x10004c08       0x18 CMakeFiles/minux.dir/Users/ab25cq/pico-sdk/src/rp2_common/pico_double/double_aeabi_rp2040.S.o
                0x10004c08                double2uint
                0x10004c08                __wrap___aeabi_d2uiz
 .text.rp2040_rom_version
                0x10004c20        0x8 CMakeFiles/minux.dir/Users/ab25cq/pico-sdk/src/rp2_common/pico_double/double_init_rom_rp2040.c.o
 .text.rom_table_code
                0x10004c28       0x28 CMakeFiles/minux.dir/Users/ab25cq/pico-sdk/src/rp2_common/pico_double/double_init_rom_rp2040.c.o
 .text.__aeabi_double_init
                0x10004c50       0x98 CMakeFiles/minux.dir/Users/ab25cq/pico-sdk/src/rp2_common/pico_double/double_init_rom_rp2040.c.o
                0x10004c50                __aeabi_double_init
 .text.double_table_shim_on_use_helper
                0x10004ce8       0x2c CMakeFiles/minux.dir/Users/ab25cq/pico-sdk/src/rp2_common/pico_double/double_v1_rom_shim_rp2040.S.o
                0x10004ce8                double_table_shim_on_use_helper
 .text.__wrap___aeabi_dsub
                0x10004d14       0x10 CMakeFiles/minux.dir/Users/ab25cq/pico-sdk/src/rp2_common/pico_double/double_v1_rom_shim_rp2040.S.o
                0x10004d14                drsub_shim
                0x10004d1a                dsub_shim
 .text.dadd_shim
                0x10004d24      0x15c CMakeFiles/minux.dir/Users/ab25cq/pico-sdk/src/rp2_common/pico_double/double_v1_rom_shim_rp2040.S.o
                0x10004d24                dadd_shim
 .text.dmul_shim
                0x10004e80      0x15c CMakeFiles/minux.dir/Users/ab25cq/pico-sdk/src/rp2_common/pico_double/double_v1_rom_shim_rp2040.S.o
                0x10004e80                dmul_shim
 .text.ddiv_shim
                0x10004fdc      0x1b0 CMakeFiles/minux.dir/Users/ab25cq/pico-sdk/src/rp2_common/pico_double/double_v1_rom_shim_rp2040.S.o
                0x10004fdc                ddiv_shim
 .text.double2uint_shim
                0x1000518c        0xe CMakeFiles/minux.dir/Users/ab25cq/pico-sdk/src/rp2_common/pico_double/double_v1_rom_shim_rp2040.S.o
                0x1000518c                double2uint_shim
                0x1000518e                double2ufix_shim
 *fill*         0x1000519a        0x2 
 .text.double2uint64_shim
                0x1000519c       0x70 CMakeFiles/minux.dir/Users/ab25cq/pico-sdk/src/rp2_common/pico_double/double_v1_rom_shim_rp2040.S.o
                0x1000519c                double2uint64_shim
                0x1000519e                double2ufix64_shim
                0x100051be                d2fix_a
 .text.dunpacks
                0x1000520c       0x3c CMakeFiles/minux.dir/Users/ab25cq/pico-sdk/src/rp2_common/pico_double/double_v1_rom_shim_rp2040.S.o
                0x1000520c                dunpacks
 .text.__aeabi_lmul
                0x10005248       0x32 CMakeFiles/minux.dir/Users/ab25cq/pico-sdk/src/rp2_common/pico_int64_ops/pico_int64_ops_aeabi.S.o
                0x10005248                __wrap___aeabi_lmul
 .text.rp2040_rom_version
                0x1000527a        0x8 CMakeFiles/minux.dir/Users/ab25cq/pico-sdk/src/rp2_common/pico_float/float_init_rom_rp2040.c.o
 .text.rom_table_code
                0x10005282       0x28 CMakeFiles/minux.dir/Users/ab25cq/pico-sdk/src/rp2_common/pico_float/float_init_rom_rp2040.c.o
 *fill*         0x100052aa        0x2 
 .text.__aeabi_float_init
                0x100052ac       0x94 CMakeFiles/minux.dir/Users/ab25cq/pico-sdk/src/rp2_common/pico_float/float_init_rom_rp2040.c.o
                0x100052ac                __aeabi_float_init
 .text.float_table_shim_on_use_helper
                0x10005340       0x2c CMakeFiles/minux.dir/Users/ab25cq/pico-sdk/src/rp2_common/pico_float/float_v1_rom_shim_rp2040.S.o
                0x10005340                float_table_shim_on_use_helper
 .text.check_alloc
                0x1000536c       0x30 CMakeFiles/minux.dir/Users/ab25cq/pico-sdk/src/rp2_common/pico_malloc/malloc.c.o
 .text.__wrap_calloc
                0x1000539c       0x30 CMakeFiles/minux.dir/Users/ab25cq/pico-sdk/src/rp2_common/pico_malloc/malloc.c.o
                0x1000539c                __wrap_calloc
 .text.__wrap_free
                0x100053cc       0x14 CMakeFiles/minux.dir/Users/ab25cq/pico-sdk/src/rp2_common/pico_malloc/malloc.c.o
                0x100053cc                __wrap_free
 .text          0x100053e0       0x10 CMakeFiles/minux.dir/Users/ab25cq/pico-sdk/src/rp2_common/pico_mem_ops/mem_ops_aeabi.S.o
                0x100053e0                __aeabi_mem_init
 .text.memset   0x100053f0        0xc CMakeFiles/minux.dir/Users/ab25cq/pico-sdk/src/rp2_common/pico_mem_ops/mem_ops_aeabi.S.o
                0x100053f0                __wrap_memset
 .text.memcpy   0x100053fc        0xc CMakeFiles/minux.dir/Users/ab25cq/pico-sdk/src/rp2_common/pico_mem_ops/mem_ops_aeabi.S.o
                0x100053fc                __wrap___aeabi_memcpy
                0x100053fc                __wrap_memcpy
 .text._out_null
                0x10005408       0x16 CMakeFiles/minux.dir/Users/ab25cq/pico-sdk/src/rp2_common/pico_printf/printf.c.o
 .text._out_fct
                0x1000541e       0x34 CMakeFiles/minux.dir/Users/ab25cq/pico-sdk/src/rp2_common/pico_printf/printf.c.o
 .text._strnlen_s
                0x10005452       0x30 CMakeFiles/minux.dir/Users/ab25cq/pico-sdk/src/rp2_common/pico_printf/printf.c.o
 .text._is_digit
                0x10005482       0x32 CMakeFiles/minux.dir/Users/ab25cq/pico-sdk/src/rp2_common/pico_printf/printf.c.o
 .text._atoi    0x100054b4       0x42 CMakeFiles/minux.dir/Users/ab25cq/pico-sdk/src/rp2_common/pico_printf/printf.c.o
 .text._out_rev
                0x100054f6       0x96 CMakeFiles/minux.dir/Users/ab25cq/pico-sdk/src/rp2_common/pico_printf/printf.c.o
 .text._ntoa_format
                0x1000558c      0x1a4 CMakeFiles/minux.dir/Users/ab25cq/pico-sdk/src/rp2_common/pico_printf/printf.c.o
 .text._ntoa_long
                0x10005730       0xca CMakeFiles/minux.dir/Users/ab25cq/pico-sdk/src/rp2_common/pico_printf/printf.c.o
 .text._ntoa_long_long
                0x100057fa       0xde CMakeFiles/minux.dir/Users/ab25cq/pico-sdk/src/rp2_common/pico_printf/printf.c.o
 .text._ftoa    0x100058d8      0x44c CMakeFiles/minux.dir/Users/ab25cq/pico-sdk/src/rp2_common/pico_printf/printf.c.o
 .text._etoa    0x10005d24      0x500 CMakeFiles/minux.dir/Users/ab25cq/pico-sdk/src/rp2_common/pico_printf/printf.c.o
 .text._vsnprintf
                0x10006224      0x870 CMakeFiles/minux.dir/Users/ab25cq/pico-sdk/src/rp2_common/pico_printf/printf.c.o
 .text.vfctprintf
                0x10006a94       0x38 CMakeFiles/minux.dir/Users/ab25cq/pico-sdk/src/rp2_common/pico_printf/printf.c.o
                0x10006a94                vfctprintf
 .text._putchar
                0x10006acc       0x1e CMakeFiles/minux.dir/Users/ab25cq/pico-sdk/src/rp2_common/pico_printf/printf.c.o
 .text._out_char
                0x10006aea       0x2e CMakeFiles/minux.dir/Users/ab25cq/pico-sdk/src/rp2_common/pico_printf/printf.c.o
 .text.weak_raw_vprintf
                0x10006b18       0x44 CMakeFiles/minux.dir/Users/ab25cq/pico-sdk/src/rp2_common/pico_printf/printf.c.o
                0x10006b18                weak_raw_vprintf
 .text._exit    0x10006b5c        0xa CMakeFiles/minux.dir/Users/ab25cq/pico-sdk/src/rp2_common/pico_clib_interface/newlib_interface.c.o
                0x10006b5c                _exit
 *fill*         0x10006b66        0x2 
 .text._sbrk    0x10006b68       0x54 CMakeFiles/minux.dir/Users/ab25cq/pico-sdk/src/rp2_common/pico_clib_interface/newlib_interface.c.o
                0x10006b68                _sbrk
 .text.exit     0x10006bbc        0xe CMakeFiles/minux.dir/Users/ab25cq/pico-sdk/src/rp2_common/pico_clib_interface/newlib_interface.c.o
                0x10006bbc                exit
 *fill*         0x10006bca        0x2 
 .text.runtime_init
                0x10006bcc       0x34 CMakeFiles/minux.dir/Users/ab25cq/pico-sdk/src/rp2_common/pico_clib_interface/newlib_interface.c.o
                0x10006bcc                runtime_init
 .text.to_us_since_boot
                0x10006c00       0x12 CMakeFiles/minux.dir/Users/ab25cq/pico-sdk/src/rp2_common/pico_stdio/stdio.c.o
 .text.update_us_since_boot
                0x10006c12       0x18 CMakeFiles/minux.dir/Users/ab25cq/pico-sdk/src/rp2_common/pico_stdio/stdio.c.o
 .text.get_absolute_time
                0x10006c2a       0x20 CMakeFiles/minux.dir/Users/ab25cq/pico-sdk/src/rp2_common/pico_stdio/stdio.c.o
 *fill*         0x10006c4a        0x2 
 .text.delayed_by_ms
                0x10006c4c       0x78 CMakeFiles/minux.dir/Users/ab25cq/pico-sdk/src/rp2_common/pico_stdio/stdio.c.o
 .text.make_timeout_time_ms
                0x10006cc4       0x1e CMakeFiles/minux.dir/Users/ab25cq/pico-sdk/src/rp2_common/pico_stdio/stdio.c.o
 *fill*         0x10006ce2        0x2 
 .text.stdout_serialize_begin
                0x10006ce4       0x24 CMakeFiles/minux.dir/Users/ab25cq/pico-sdk/src/rp2_common/pico_stdio/stdio.c.o
                0x10006ce4                stdout_serialize_begin
 .text.stdout_serialize_end
                0x10006d08       0x14 CMakeFiles/minux.dir/Users/ab25cq/pico-sdk/src/rp2_common/pico_stdio/stdio.c.o
                0x10006d08                stdout_serialize_end
 .text.stdio_out_chars_no_crlf
                0x10006d1c       0x1c CMakeFiles/minux.dir/Users/ab25cq/pico-sdk/src/rp2_common/pico_stdio/stdio.c.o
 .text.stdio_out_chars_crlf
                0x10006d38       0xec CMakeFiles/minux.dir/Users/ab25cq/pico-sdk/src/rp2_common/pico_stdio/stdio.c.o
 .text.stdio_put_string
                0x10006e24       0xcc CMakeFiles/minux.dir/Users/ab25cq/pico-sdk/src/rp2_common/pico_stdio/stdio.c.o
                0x10006e24                stdio_put_string
 .text.stdio_set_driver_enabled
                0x10006ef0       0x68 CMakeFiles/minux.dir/Users/ab25cq/pico-sdk/src/rp2_common/pico_stdio/stdio.c.o
                0x10006ef0                stdio_set_driver_enabled
 .text.stdio_flush
                0x10006f58       0x34 CMakeFiles/minux.dir/Users/ab25cq/pico-sdk/src/rp2_common/pico_stdio/stdio.c.o
                0x10006f58                stdio_flush
 .text.stdio_stack_buffer_flush
                0x10006f8c       0x68 CMakeFiles/minux.dir/Users/ab25cq/pico-sdk/src/rp2_common/pico_stdio/stdio.c.o
 .text.stdio_buffered_printer
                0x10006ff4       0x3e CMakeFiles/minux.dir/Users/ab25cq/pico-sdk/src/rp2_common/pico_stdio/stdio.c.o
 .text.stdio_init_all
                0x10007032       0x42 CMakeFiles/minux.dir/Users/ab25cq/pico-sdk/src/rp2_common/pico_stdio/stdio.c.o
                0x10007032                stdio_init_all
 .text.__wrap_putchar
                0x10007074       0x26 CMakeFiles/minux.dir/Users/ab25cq/pico-sdk/src/rp2_common/pico_stdio/stdio.c.o
                0x10007074                stdio_putchar
                0x10007074                __wrap_putchar
 .text.__wrap_puts
                0x1000709a       0x2a CMakeFiles/minux.dir/Users/ab25cq/pico-sdk/src/rp2_common/pico_stdio/stdio.c.o
                0x1000709a                __wrap_puts
                0x1000709a                stdio_puts
 .text.__wrap_vprintf
                0x100070c4       0x50 CMakeFiles/minux.dir/Users/ab25cq/pico-sdk/src/rp2_common/pico_stdio/stdio.c.o
                0x100070c4                __wrap_vprintf
                0x100070c4                stdio_vprintf
 .text.__wrap_printf
                0x10007114       0x26 CMakeFiles/minux.dir/Users/ab25cq/pico-sdk/src/rp2_common/pico_stdio/stdio.c.o
                0x10007114                stdio_printf
                0x10007114                __wrap_printf
 *fill*         0x1000713a        0x2 
 .text.uart_get_index
                0x1000713c       0x1c CMakeFiles/minux.dir/Users/ab25cq/pico-sdk/src/rp2_common/pico_stdio_uart/stdio_uart.c.o
 .text.uart_get_hw
                0x10007158       0x16 CMakeFiles/minux.dir/Users/ab25cq/pico-sdk/src/rp2_common/pico_stdio_uart/stdio_uart.c.o
 .text.uart_set_irqs_enabled
                0x1000716e       0xec CMakeFiles/minux.dir/Users/ab25cq/pico-sdk/src/rp2_common/pico_stdio_uart/stdio_uart.c.o
 .text.uart_is_writable
                0x1000725a       0x22 CMakeFiles/minux.dir/Users/ab25cq/pico-sdk/src/rp2_common/pico_stdio_uart/stdio_uart.c.o
 .text.uart_tx_wait_blocking
                0x1000727c       0x24 CMakeFiles/minux.dir/Users/ab25cq/pico-sdk/src/rp2_common/pico_stdio_uart/stdio_uart.c.o
 .text.uart_is_readable
                0x100072a0       0x22 CMakeFiles/minux.dir/Users/ab25cq/pico-sdk/src/rp2_common/pico_stdio_uart/stdio_uart.c.o
 .text.uart_write_blocking
                0x100072c2       0x54 CMakeFiles/minux.dir/Users/ab25cq/pico-sdk/src/rp2_common/pico_stdio_uart/stdio_uart.c.o
 .text.uart_read_blocking
                0x10007316       0x54 CMakeFiles/minux.dir/Users/ab25cq/pico-sdk/src/rp2_common/pico_stdio_uart/stdio_uart.c.o
 .text.uart_putc_raw
                0x1000736a       0x22 CMakeFiles/minux.dir/Users/ab25cq/pico-sdk/src/rp2_common/pico_stdio_uart/stdio_uart.c.o
 .text.uart_putc
                0x1000738c       0x50 CMakeFiles/minux.dir/Users/ab25cq/pico-sdk/src/rp2_common/pico_stdio_uart/stdio_uart.c.o
 .text.uart_getc
                0x100073dc       0x20 CMakeFiles/minux.dir/Users/ab25cq/pico-sdk/src/rp2_common/pico_stdio_uart/stdio_uart.c.o
 .text.stdio_uart_init
                0x100073fc       0x48 CMakeFiles/minux.dir/Users/ab25cq/pico-sdk/src/rp2_common/pico_stdio_uart/stdio_uart.c.o
                0x100073fc                stdio_uart_init
 .text.stdio_uart_init_full
                0x10007444       0x58 CMakeFiles/minux.dir/Users/ab25cq/pico-sdk/src/rp2_common/pico_stdio_uart/stdio_uart.c.o
                0x10007444                stdio_uart_init_full
 .text.stdio_uart_out_chars
                0x1000749c       0x3c CMakeFiles/minux.dir/Users/ab25cq/pico-sdk/src/rp2_common/pico_stdio_uart/stdio_uart.c.o
 .text.stdio_uart_in_chars
                0x100074d8       0x70 CMakeFiles/minux.dir/Users/ab25cq/pico-sdk/src/rp2_common/pico_stdio_uart/stdio_uart.c.o
                0x100074d8                stdio_uart_in_chars
 .text.on_uart_rx
                0x10007548       0x34 CMakeFiles/minux.dir/Users/ab25cq/pico-sdk/src/rp2_common/pico_stdio_uart/stdio_uart.c.o
 .text.stdio_uart_set_chars_available_callback
                0x1000757c       0xb4 CMakeFiles/minux.dir/Users/ab25cq/pico-sdk/src/rp2_common/pico_stdio_uart/stdio_uart.c.o
 .text.stdio_uart_out_flush
                0x10007630       0x14 CMakeFiles/minux.dir/Users/ab25cq/pico-sdk/src/rp2_common/pico_stdio_uart/stdio_uart.c.o
 .text.tud_descriptor_bos_cb
                0x10007644        0xc CMakeFiles/minux.dir/Users/ab25cq/pico-sdk/src/rp2_common/pico_stdio_usb/reset_interface.c.o
                0x10007644                tud_descriptor_bos_cb
 .text.tud_vendor_control_xfer_cb
                0x10007650       0x5c CMakeFiles/minux.dir/Users/ab25cq/pico-sdk/src/rp2_common/pico_stdio_usb/reset_interface.c.o
                0x10007650                tud_vendor_control_xfer_cb
 .text.resetd_init
                0x100076ac        0x4 CMakeFiles/minux.dir/Users/ab25cq/pico-sdk/src/rp2_common/pico_stdio_usb/reset_interface.c.o
 .text.resetd_reset
                0x100076b0       0x1c CMakeFiles/minux.dir/Users/ab25cq/pico-sdk/src/rp2_common/pico_stdio_usb/reset_interface.c.o
 .text.resetd_open
                0x100076cc       0x64 CMakeFiles/minux.dir/Users/ab25cq/pico-sdk/src/rp2_common/pico_stdio_usb/reset_interface.c.o
 .text.resetd_control_xfer_cb
                0x10007730       0xd8 CMakeFiles/minux.dir/Users/ab25cq/pico-sdk/src/rp2_common/pico_stdio_usb/reset_interface.c.o
 .text.resetd_xfer_cb
                0x10007808       0x2c CMakeFiles/minux.dir/Users/ab25cq/pico-sdk/src/rp2_common/pico_stdio_usb/reset_interface.c.o
 .text.usbd_app_driver_get_cb
                0x10007834       0x18 CMakeFiles/minux.dir/Users/ab25cq/pico-sdk/src/rp2_common/pico_stdio_usb/reset_interface.c.o
                0x10007834                usbd_app_driver_get_cb
 .text.tud_cdc_line_coding_cb
                0x1000784c       0x52 CMakeFiles/minux.dir/Users/ab25cq/pico-sdk/src/rp2_common/pico_stdio_usb/reset_interface.c.o
                0x1000784c                tud_cdc_line_coding_cb
 .text.to_us_since_boot
                0x1000789e       0x12 CMakeFiles/minux.dir/Users/ab25cq/pico-sdk/src/rp2_common/pico_stdio_usb/stdio_usb.c.o
 .text.update_us_since_boot
                0x100078b0       0x18 CMakeFiles/minux.dir/Users/ab25cq/pico-sdk/src/rp2_common/pico_stdio_usb/stdio_usb.c.o
 .text.get_absolute_time
                0x100078c8       0x20 CMakeFiles/minux.dir/Users/ab25cq/pico-sdk/src/rp2_common/pico_stdio_usb/stdio_usb.c.o
 .text.delayed_by_us
                0x100078e8       0x60 CMakeFiles/minux.dir/Users/ab25cq/pico-sdk/src/rp2_common/pico_stdio_usb/stdio_usb.c.o
 .text.delayed_by_ms
                0x10007948       0x78 CMakeFiles/minux.dir/Users/ab25cq/pico-sdk/src/rp2_common/pico_stdio_usb/stdio_usb.c.o
 .text.make_timeout_time_ms
                0x100079c0       0x1e CMakeFiles/minux.dir/Users/ab25cq/pico-sdk/src/rp2_common/pico_stdio_usb/stdio_usb.c.o
 .text.alarm_pool_add_alarm_in_us
                0x100079de       0x36 CMakeFiles/minux.dir/Users/ab25cq/pico-sdk/src/rp2_common/pico_stdio_usb/stdio_usb.c.o
 .text.add_alarm_in_us
                0x10007a14       0x2e CMakeFiles/minux.dir/Users/ab25cq/pico-sdk/src/rp2_common/pico_stdio_usb/stdio_usb.c.o
 .text.mutex_is_initialized
                0x10007a42       0x14 CMakeFiles/minux.dir/Users/ab25cq/pico-sdk/src/rp2_common/pico_stdio_usb/stdio_usb.c.o
 .text.critical_section_enter_blocking
                0x10007a56       0x42 CMakeFiles/minux.dir/Users/ab25cq/pico-sdk/src/rp2_common/pico_stdio_usb/stdio_usb.c.o
 .text.critical_section_exit
                0x10007a98       0x38 CMakeFiles/minux.dir/Users/ab25cq/pico-sdk/src/rp2_common/pico_stdio_usb/stdio_usb.c.o
 .text.critical_section_is_initialized
                0x10007ad0       0x14 CMakeFiles/minux.dir/Users/ab25cq/pico-sdk/src/rp2_common/pico_stdio_usb/stdio_usb.c.o
 .text.timer_task
                0x10007ae4       0x74 CMakeFiles/minux.dir/Users/ab25cq/pico-sdk/src/rp2_common/pico_stdio_usb/stdio_usb.c.o
 .text.low_priority_worker_irq
                0x10007b58       0xcc CMakeFiles/minux.dir/Users/ab25cq/pico-sdk/src/rp2_common/pico_stdio_usb/stdio_usb.c.o
 .text.usb_irq  0x10007c24       0x14 CMakeFiles/minux.dir/Users/ab25cq/pico-sdk/src/rp2_common/pico_stdio_usb/stdio_usb.c.o
 .text.stdio_usb_out_chars
                0x10007c38      0x124 CMakeFiles/minux.dir/Users/ab25cq/pico-sdk/src/rp2_common/pico_stdio_usb/stdio_usb.c.o
 .text.stdio_usb_out_flush
                0x10007d5c       0x50 CMakeFiles/minux.dir/Users/ab25cq/pico-sdk/src/rp2_common/pico_stdio_usb/stdio_usb.c.o
 .text.stdio_usb_in_chars
                0x10007dac       0xa8 CMakeFiles/minux.dir/Users/ab25cq/pico-sdk/src/rp2_common/pico_stdio_usb/stdio_usb.c.o
                0x10007dac                stdio_usb_in_chars
 .text.stdio_usb_set_chars_available_callback
                0x10007e54       0x20 CMakeFiles/minux.dir/Users/ab25cq/pico-sdk/src/rp2_common/pico_stdio_usb/stdio_usb.c.o
                0x10007e54                stdio_usb_set_chars_available_callback
 .text.stdio_usb_init
                0x10007e74      0x110 CMakeFiles/minux.dir/Users/ab25cq/pico-sdk/src/rp2_common/pico_stdio_usb/stdio_usb.c.o
                0x10007e74                stdio_usb_init
 .text.stdio_usb_connected
                0x10007f84        0xe CMakeFiles/minux.dir/Users/ab25cq/pico-sdk/src/rp2_common/pico_stdio_usb/stdio_usb.c.o
                0x10007f84                stdio_usb_connected
 *fill*         0x10007f92        0x2 
 .text.tud_descriptor_device_cb
                0x10007f94        0xc CMakeFiles/minux.dir/Users/ab25cq/pico-sdk/src/rp2_common/pico_stdio_usb/stdio_usb_descriptors.c.o
                0x10007f94                tud_descriptor_device_cb
 .text.tud_descriptor_configuration_cb
                0x10007fa0       0x18 CMakeFiles/minux.dir/Users/ab25cq/pico-sdk/src/rp2_common/pico_stdio_usb/stdio_usb_descriptors.c.o
                0x10007fa0                tud_descriptor_configuration_cb
 .text.tud_descriptor_string_cb
                0x10007fb8       0xe0 CMakeFiles/minux.dir/Users/ab25cq/pico-sdk/src/rp2_common/pico_stdio_usb/stdio_usb_descriptors.c.o
                0x10007fb8                tud_descriptor_string_cb
 .text._retrieve_unique_id_on_boot
                0x10008098       0x14 CMakeFiles/minux.dir/Users/ab25cq/pico-sdk/src/rp2_common/pico_unique_id/unique_id.c.o
 .text.pico_get_unique_board_id_string
                0x100080ac       0x74 CMakeFiles/minux.dir/Users/ab25cq/pico-sdk/src/rp2_common/pico_unique_id/unique_id.c.o
                0x100080ac                pico_get_unique_board_id_string
 .text.xip_cache_clean_all
                0x10008120        0x4 CMakeFiles/minux.dir/Users/ab25cq/pico-sdk/src/rp2_common/hardware_flash/flash.c.o
 .text.flash_get_unique_id
                0x10008124       0x5e CMakeFiles/minux.dir/Users/ab25cq/pico-sdk/src/rp2_common/hardware_flash/flash.c.o
                0x10008124                flash_get_unique_id
 .text.hard_assert
                0x10008182       0x20 CMakeFiles/minux.dir/Users/ab25cq/pico-sdk/lib/tinyusb/src/portable/raspberrypi/rp2040/dcd_rp2040.c.o
 .text.timer_time_us_32
                0x100081a2        0xe CMakeFiles/minux.dir/Users/ab25cq/pico-sdk/lib/tinyusb/src/portable/raspberrypi/rp2040/dcd_rp2040.c.o
 .text.time_us_32
                0x100081b0       0x14 CMakeFiles/minux.dir/Users/ab25cq/pico-sdk/lib/tinyusb/src/portable/raspberrypi/rp2040/dcd_rp2040.c.o
 .text.hw_data_offset
                0x100081c4       0x14 CMakeFiles/minux.dir/Users/ab25cq/pico-sdk/lib/tinyusb/src/portable/raspberrypi/rp2040/dcd_rp2040.c.o
 .text._hw_endpoint_alloc
                0x100081d8       0xa4 CMakeFiles/minux.dir/Users/ab25cq/pico-sdk/lib/tinyusb/src/portable/raspberrypi/rp2040/dcd_rp2040.c.o
 .text.hw_endpoint_init
                0x1000827c      0x1a4 CMakeFiles/minux.dir/Users/ab25cq/pico-sdk/lib/tinyusb/src/portable/raspberrypi/rp2040/dcd_rp2040.c.o
 .text.hw_endpoint_xfer
                0x10008420       0xa4 CMakeFiles/minux.dir/Users/ab25cq/pico-sdk/lib/tinyusb/src/portable/raspberrypi/rp2040/dcd_rp2040.c.o
 .text.dcd_init
                0x100084c4       0x80 CMakeFiles/minux.dir/Users/ab25cq/pico-sdk/lib/tinyusb/src/portable/raspberrypi/rp2040/dcd_rp2040.c.o
                0x100084c4                dcd_init
 .text.dcd_int_enable
                0x10008544       0x1a CMakeFiles/minux.dir/Users/ab25cq/pico-sdk/lib/tinyusb/src/portable/raspberrypi/rp2040/dcd_rp2040.c.o
                0x10008544                dcd_int_enable
 .text.dcd_set_address
                0x1000855e       0x24 CMakeFiles/minux.dir/Users/ab25cq/pico-sdk/lib/tinyusb/src/portable/raspberrypi/rp2040/dcd_rp2040.c.o
                0x1000855e                dcd_set_address
 *fill*         0x10008582        0x2 
 .text.dcd_connect
                0x10008584       0x1c CMakeFiles/minux.dir/Users/ab25cq/pico-sdk/lib/tinyusb/src/portable/raspberrypi/rp2040/dcd_rp2040.c.o
                0x10008584                dcd_connect
 .text.dcd_sof_enable
                0x100085a0       0x40 CMakeFiles/minux.dir/Users/ab25cq/pico-sdk/lib/tinyusb/src/portable/raspberrypi/rp2040/dcd_rp2040.c.o
                0x100085a0                dcd_sof_enable
 .text.dcd_edpt0_status_complete
                0x100085e0       0x4c CMakeFiles/minux.dir/Users/ab25cq/pico-sdk/lib/tinyusb/src/portable/raspberrypi/rp2040/dcd_rp2040.c.o
                0x100085e0                dcd_edpt0_status_complete
 .text.dcd_edpt_open
                0x1000862c       0x40 CMakeFiles/minux.dir/Users/ab25cq/pico-sdk/lib/tinyusb/src/portable/raspberrypi/rp2040/dcd_rp2040.c.o
                0x1000862c                dcd_edpt_open
 .text.dcd_edpt_close_all
                0x1000866c       0x16 CMakeFiles/minux.dir/Users/ab25cq/pico-sdk/lib/tinyusb/src/portable/raspberrypi/rp2040/dcd_rp2040.c.o
                0x1000866c                dcd_edpt_close_all
 .text.dcd_edpt_xfer
                0x10008682       0x3c CMakeFiles/minux.dir/Users/ab25cq/pico-sdk/lib/tinyusb/src/portable/raspberrypi/rp2040/dcd_rp2040.c.o
                0x10008682                dcd_edpt_xfer
 *fill*         0x100086be        0x2 
 .text.dcd_edpt_stall
                0x100086c0       0xf0 CMakeFiles/minux.dir/Users/ab25cq/pico-sdk/lib/tinyusb/src/portable/raspberrypi/rp2040/dcd_rp2040.c.o
                0x100086c0                dcd_edpt_stall
 .text.dcd_edpt_clear_stall
                0x100087b0       0xd0 CMakeFiles/minux.dir/Users/ab25cq/pico-sdk/lib/tinyusb/src/portable/raspberrypi/rp2040/dcd_rp2040.c.o
                0x100087b0                dcd_edpt_clear_stall
 .text.busy_wait_at_least_cycles
                0x10008880       0x12 CMakeFiles/minux.dir/Users/ab25cq/pico-sdk/lib/tinyusb/src/portable/raspberrypi/rp2040/rp2040_usb.c.o
 .text.timer_time_us_32
                0x10008892        0xe CMakeFiles/minux.dir/Users/ab25cq/pico-sdk/lib/tinyusb/src/portable/raspberrypi/rp2040/rp2040_usb.c.o
 .text.time_us_32
                0x100088a0       0x14 CMakeFiles/minux.dir/Users/ab25cq/pico-sdk/lib/tinyusb/src/portable/raspberrypi/rp2040/rp2040_usb.c.o
 .text.unaligned_memcpy
                0x100088b4       0x34 CMakeFiles/minux.dir/Users/ab25cq/pico-sdk/lib/tinyusb/src/portable/raspberrypi/rp2040/rp2040_usb.c.o
 .text.rp2040_usb_init
                0x100088e8       0xa4 CMakeFiles/minux.dir/Users/ab25cq/pico-sdk/lib/tinyusb/src/portable/raspberrypi/rp2040/rp2040_usb.c.o
                0x100088e8                rp2040_usb_init
 .text.hw_endpoint_xfer_start
                0x1000898c       0x8c CMakeFiles/minux.dir/Users/ab25cq/pico-sdk/lib/tinyusb/src/portable/raspberrypi/rp2040/rp2040_usb.c.o
                0x1000898c                hw_endpoint_xfer_start
 .text.critical_section_enter_blocking
                0x10008a18       0x42 CMakeFiles/minux.dir/Users/ab25cq/pico-sdk/lib/tinyusb/src/device/usbd.c.o
 .text.critical_section_exit
                0x10008a5a       0x38 CMakeFiles/minux.dir/Users/ab25cq/pico-sdk/lib/tinyusb/src/device/usbd.c.o
 .text.tud_event_hook_cb
                0x10008a92       0x1c CMakeFiles/minux.dir/Users/ab25cq/pico-sdk/lib/tinyusb/src/device/usbd.c.o
                0x10008a92                tud_event_hook_cb
 .text.tud_sof_cb
                0x10008aae        0xa CMakeFiles/minux.dir/Users/ab25cq/pico-sdk/lib/tinyusb/src/device/usbd.c.o
                0x10008aae                tud_sof_cb
 .text.tud_descriptor_device_qualifier_cb
                0x10008ab8        0x6 CMakeFiles/minux.dir/Users/ab25cq/pico-sdk/lib/tinyusb/src/device/usbd.c.o
                0x10008ab8                tud_descriptor_device_qualifier_cb
 .text.tud_descriptor_other_speed_configuration_cb
                0x10008abe       0x12 CMakeFiles/minux.dir/Users/ab25cq/pico-sdk/lib/tinyusb/src/device/usbd.c.o
                0x10008abe                tud_descriptor_other_speed_configuration_cb
 .text.tud_mount_cb
                0x10008ad0        0x4 CMakeFiles/minux.dir/Users/ab25cq/pico-sdk/lib/tinyusb/src/device/usbd.c.o
                0x10008ad0                tud_mount_cb
 .text.tud_umount_cb
                0x10008ad4        0x4 CMakeFiles/minux.dir/Users/ab25cq/pico-sdk/lib/tinyusb/src/device/usbd.c.o
                0x10008ad4                tud_umount_cb
 .text.tud_suspend_cb
                0x10008ad8       0x10 CMakeFiles/minux.dir/Users/ab25cq/pico-sdk/lib/tinyusb/src/device/usbd.c.o
                0x10008ad8                tud_suspend_cb
 .text.tud_resume_cb
                0x10008ae8        0x4 CMakeFiles/minux.dir/Users/ab25cq/pico-sdk/lib/tinyusb/src/device/usbd.c.o
                0x10008ae8                tud_resume_cb
 .text.tud_mounted
                0x10008aec       0x14 CMakeFiles/minux.dir/Users/ab25cq/pico-sdk/lib/tinyusb/src/device/usbd.c.o
                0x10008aec                tud_mounted
 .text.tud_suspended
                0x10008b00       0x18 CMakeFiles/minux.dir/Users/ab25cq/pico-sdk/lib/tinyusb/src/device/usbd.c.o
                0x10008b00                tud_suspended
 .text.tud_inited
                0x10008b18       0x14 CMakeFiles/minux.dir/Users/ab25cq/pico-sdk/lib/tinyusb/src/device/usbd.c.o
                0x10008b18                tud_inited
 .text.tud_init
                0x10008b2c      0x174 CMakeFiles/minux.dir/Users/ab25cq/pico-sdk/lib/tinyusb/src/device/usbd.c.o
                0x10008b2c                tud_init
 .text.configuration_reset
                0x10008ca0       0xe0 CMakeFiles/minux.dir/Users/ab25cq/pico-sdk/lib/tinyusb/src/device/usbd.c.o
 .text.usbd_reset
                0x10008d80       0x22 CMakeFiles/minux.dir/Users/ab25cq/pico-sdk/lib/tinyusb/src/device/usbd.c.o
 *fill*         0x10008da2        0x2 
 .text.tud_task_ext
                0x10008da4      0x328 CMakeFiles/minux.dir/Users/ab25cq/pico-sdk/lib/tinyusb/src/device/usbd.c.o
                0x10008da4                tud_task_ext
 .text.invoke_class_control
                0x100090cc       0x34 CMakeFiles/minux.dir/Users/ab25cq/pico-sdk/lib/tinyusb/src/device/usbd.c.o
 .text.process_control_request
                0x10009100      0x638 CMakeFiles/minux.dir/Users/ab25cq/pico-sdk/lib/tinyusb/src/device/usbd.c.o
 .text.process_set_config
                0x10009738      0x29c CMakeFiles/minux.dir/Users/ab25cq/pico-sdk/lib/tinyusb/src/device/usbd.c.o
 .text.process_get_descriptor
                0x100099d4      0x1c8 CMakeFiles/minux.dir/Users/ab25cq/pico-sdk/lib/tinyusb/src/device/usbd.c.o
 .text.usbd_open_edpt_pair
                0x10009b9c       0xca CMakeFiles/minux.dir/Users/ab25cq/pico-sdk/lib/tinyusb/src/device/usbd.c.o
                0x10009b9c                usbd_open_edpt_pair
 *fill*         0x10009c66        0x2 
 .text.usbd_edpt_open
                0x10009c68       0x78 CMakeFiles/minux.dir/Users/ab25cq/pico-sdk/lib/tinyusb/src/device/usbd.c.o
                0x10009c68                usbd_edpt_open
 .text.usbd_edpt_claim
                0x10009ce0       0x88 CMakeFiles/minux.dir/Users/ab25cq/pico-sdk/lib/tinyusb/src/device/usbd.c.o
                0x10009ce0                usbd_edpt_claim
 .text.usbd_edpt_release
                0x10009d68       0x88 CMakeFiles/minux.dir/Users/ab25cq/pico-sdk/lib/tinyusb/src/device/usbd.c.o
                0x10009d68                usbd_edpt_release
 .text.usbd_edpt_xfer
                0x10009df0      0x11c CMakeFiles/minux.dir/Users/ab25cq/pico-sdk/lib/tinyusb/src/device/usbd.c.o
                0x10009df0                usbd_edpt_xfer
 .text.usbd_edpt_stall
                0x10009f0c       0xb8 CMakeFiles/minux.dir/Users/ab25cq/pico-sdk/lib/tinyusb/src/device/usbd.c.o
                0x10009f0c                usbd_edpt_stall
 .text.usbd_edpt_clear_stall
                0x10009fc4       0xb8 CMakeFiles/minux.dir/Users/ab25cq/pico-sdk/lib/tinyusb/src/device/usbd.c.o
                0x10009fc4                usbd_edpt_clear_stall
 .text.usbd_edpt_stalled
                0x1000a07c       0x78 CMakeFiles/minux.dir/Users/ab25cq/pico-sdk/lib/tinyusb/src/device/usbd.c.o
                0x1000a07c                usbd_edpt_stalled
 .text._status_stage_xact
                0x1000a0f4       0x44 CMakeFiles/minux.dir/Users/ab25cq/pico-sdk/lib/tinyusb/src/device/usbd_control.c.o
 .text.tud_control_status
                0x1000a138       0x4c CMakeFiles/minux.dir/Users/ab25cq/pico-sdk/lib/tinyusb/src/device/usbd_control.c.o
                0x1000a138                tud_control_status
 .text._data_stage_xact
                0x1000a184       0xd0 CMakeFiles/minux.dir/Users/ab25cq/pico-sdk/lib/tinyusb/src/device/usbd_control.c.o
 .text.tud_control_xfer
                0x1000a254       0xd8 CMakeFiles/minux.dir/Users/ab25cq/pico-sdk/lib/tinyusb/src/device/usbd_control.c.o
                0x1000a254                tud_control_xfer
 .text.usbd_control_reset
                0x1000a32c       0x18 CMakeFiles/minux.dir/Users/ab25cq/pico-sdk/lib/tinyusb/src/device/usbd_control.c.o
                0x1000a32c                usbd_control_reset
 .text.usbd_control_set_complete_callback
                0x1000a344       0x14 CMakeFiles/minux.dir/Users/ab25cq/pico-sdk/lib/tinyusb/src/device/usbd_control.c.o
                0x1000a344                usbd_control_set_complete_callback
 .text.usbd_control_set_request
                0x1000a358       0x34 CMakeFiles/minux.dir/Users/ab25cq/pico-sdk/lib/tinyusb/src/device/usbd_control.c.o
                0x1000a358                usbd_control_set_request
 .text.usbd_control_xfer_cb
                0x1000a38c      0x17c CMakeFiles/minux.dir/Users/ab25cq/pico-sdk/lib/tinyusb/src/device/usbd_control.c.o
                0x1000a38c                usbd_control_xfer_cb
 .text._prep_out_transaction
                0x1000a508       0xda CMakeFiles/minux.dir/Users/ab25cq/pico-sdk/lib/tinyusb/src/class/cdc/cdc_device.c.o
 *fill*         0x1000a5e2        0x2 
 .text.tud_cdc_n_connected
                0x1000a5e4       0x88 CMakeFiles/minux.dir/Users/ab25cq/pico-sdk/lib/tinyusb/src/class/cdc/cdc_device.c.o
                0x1000a5e4                tud_cdc_n_connected
 .text.tud_cdc_n_available
                0x1000a66c       0x34 CMakeFiles/minux.dir/Users/ab25cq/pico-sdk/lib/tinyusb/src/class/cdc/cdc_device.c.o
                0x1000a66c                tud_cdc_n_available
 .text.tud_cdc_n_read
                0x1000a6a0       0x60 CMakeFiles/minux.dir/Users/ab25cq/pico-sdk/lib/tinyusb/src/class/cdc/cdc_device.c.o
                0x1000a6a0                tud_cdc_n_read
 .text.tud_cdc_n_write
                0x1000a700       0x7c CMakeFiles/minux.dir/Users/ab25cq/pico-sdk/lib/tinyusb/src/class/cdc/cdc_device.c.o
                0x1000a700                tud_cdc_n_write
 .text.tud_cdc_n_write_flush
                0x1000a77c      0x10c CMakeFiles/minux.dir/Users/ab25cq/pico-sdk/lib/tinyusb/src/class/cdc/cdc_device.c.o
                0x1000a77c                tud_cdc_n_write_flush
 .text.tud_cdc_n_write_available
                0x1000a888       0x34 CMakeFiles/minux.dir/Users/ab25cq/pico-sdk/lib/tinyusb/src/class/cdc/cdc_device.c.o
                0x1000a888                tud_cdc_n_write_available
 .text.cdcd_init
                0x1000a8bc      0x128 CMakeFiles/minux.dir/Users/ab25cq/pico-sdk/lib/tinyusb/src/class/cdc/cdc_device.c.o
                0x1000a8bc                cdcd_init
 .text.cdcd_deinit
                0x1000a9e4       0x9c CMakeFiles/minux.dir/Users/ab25cq/pico-sdk/lib/tinyusb/src/class/cdc/cdc_device.c.o
                0x1000a9e4                cdcd_deinit
 .text.cdcd_reset
                0x1000aa80       0x98 CMakeFiles/minux.dir/Users/ab25cq/pico-sdk/lib/tinyusb/src/class/cdc/cdc_device.c.o
                0x1000aa80                cdcd_reset
 .text.cdcd_open
                0x1000ab18      0x1e0 CMakeFiles/minux.dir/Users/ab25cq/pico-sdk/lib/tinyusb/src/class/cdc/cdc_device.c.o
                0x1000ab18                cdcd_open
 .text.cdcd_control_xfer_cb
                0x1000acf8      0x258 CMakeFiles/minux.dir/Users/ab25cq/pico-sdk/lib/tinyusb/src/class/cdc/cdc_device.c.o
                0x1000acf8                cdcd_control_xfer_cb
 .text.cdcd_xfer_cb
                0x1000af50      0x1cc CMakeFiles/minux.dir/Users/ab25cq/pico-sdk/lib/tinyusb/src/class/cdc/cdc_device.c.o
                0x1000af50                cdcd_xfer_cb
 .text.tud_vendor_n_mounted
                0x1000b11c       0x58 CMakeFiles/minux.dir/Users/ab25cq/pico-sdk/lib/tinyusb/src/class/vendor/vendor_device.c.o
                0x1000b11c                tud_vendor_n_mounted
 .text.tud_vendor_n_write_flush
                0x1000b174       0x54 CMakeFiles/minux.dir/Users/ab25cq/pico-sdk/lib/tinyusb/src/class/vendor/vendor_device.c.o
                0x1000b174                tud_vendor_n_write_flush
 .text.vendord_init
                0x1000b1c8       0xac CMakeFiles/minux.dir/Users/ab25cq/pico-sdk/lib/tinyusb/src/class/vendor/vendor_device.c.o
                0x1000b1c8                vendord_init
 .text.vendord_deinit
                0x1000b274       0x5c CMakeFiles/minux.dir/Users/ab25cq/pico-sdk/lib/tinyusb/src/class/vendor/vendor_device.c.o
                0x1000b274                vendord_deinit
 .text.vendord_reset
                0x1000b2d0       0x7c CMakeFiles/minux.dir/Users/ab25cq/pico-sdk/lib/tinyusb/src/class/vendor/vendor_device.c.o
                0x1000b2d0                vendord_reset
 .text.vendord_open
                0x1000b34c      0x26c CMakeFiles/minux.dir/Users/ab25cq/pico-sdk/lib/tinyusb/src/class/vendor/vendor_device.c.o
                0x1000b34c                vendord_open
 .text.vendord_xfer_cb
                0x1000b5b8      0x15c CMakeFiles/minux.dir/Users/ab25cq/pico-sdk/lib/tinyusb/src/class/vendor/vendor_device.c.o
                0x1000b5b8                vendord_xfer_cb
 .text.tusb_init
                0x1000b714       0x20 CMakeFiles/minux.dir/Users/ab25cq/pico-sdk/lib/tinyusb/src/tusb.c.o
                0x1000b714                tusb_init
 .text.tu_edpt_claim
                0x1000b734       0x9a CMakeFiles/minux.dir/Users/ab25cq/pico-sdk/lib/tinyusb/src/tusb.c.o
                0x1000b734                tu_edpt_claim
 .text.tu_edpt_release
                0x1000b7ce       0x7a CMakeFiles/minux.dir/Users/ab25cq/pico-sdk/lib/tinyusb/src/tusb.c.o
                0x1000b7ce                tu_edpt_release
 .text.tu_edpt_validate
                0x1000b848       0xdc CMakeFiles/minux.dir/Users/ab25cq/pico-sdk/lib/tinyusb/src/tusb.c.o
                0x1000b848                tu_edpt_validate
 .text.tu_edpt_bind_driver
                0x1000b924       0xa2 CMakeFiles/minux.dir/Users/ab25cq/pico-sdk/lib/tinyusb/src/tusb.c.o
                0x1000b924                tu_edpt_bind_driver
 .text.tu_edpt_stream_init
                0x1000b9c6       0xca CMakeFiles/minux.dir/Users/ab25cq/pico-sdk/lib/tinyusb/src/tusb.c.o
                0x1000b9c6                tu_edpt_stream_init
 .text.tu_edpt_stream_deinit
                0x1000ba90       0x2c CMakeFiles/minux.dir/Users/ab25cq/pico-sdk/lib/tinyusb/src/tusb.c.o
                0x1000ba90                tu_edpt_stream_deinit
 .text.tu_edpt_stream_write_zlp_if_needed
                0x1000babc      0x102 CMakeFiles/minux.dir/Users/ab25cq/pico-sdk/lib/tinyusb/src/tusb.c.o
                0x1000babc                tu_edpt_stream_write_zlp_if_needed
 .text.tu_edpt_stream_write_xfer
                0x1000bbbe      0x134 CMakeFiles/minux.dir/Users/ab25cq/pico-sdk/lib/tinyusb/src/tusb.c.o
                0x1000bbbe                tu_edpt_stream_write_xfer
 .text.tu_edpt_stream_read_xfer
                0x1000bcf2      0x264 CMakeFiles/minux.dir/Users/ab25cq/pico-sdk/lib/tinyusb/src/tusb.c.o
                0x1000bcf2                tu_edpt_stream_read_xfer
 .text.tu_fifo_config
                0x1000bf56       0xfc CMakeFiles/minux.dir/Users/ab25cq/pico-sdk/lib/tinyusb/src/common/tusb_fifo.c.o
                0x1000bf56                tu_fifo_config
 .text._ff_push
                0x1000c052       0x40 CMakeFiles/minux.dir/Users/ab25cq/pico-sdk/lib/tinyusb/src/common/tusb_fifo.c.o
 .text._ff_push_n
                0x1000c092       0xea CMakeFiles/minux.dir/Users/ab25cq/pico-sdk/lib/tinyusb/src/common/tusb_fifo.c.o
 .text._ff_pull
                0x1000c17c       0x40 CMakeFiles/minux.dir/Users/ab25cq/pico-sdk/lib/tinyusb/src/common/tusb_fifo.c.o
 .text._ff_pull_n
                0x1000c1bc       0xea CMakeFiles/minux.dir/Users/ab25cq/pico-sdk/lib/tinyusb/src/common/tusb_fifo.c.o
 .text.advance_index
                0x1000c2a6       0x80 CMakeFiles/minux.dir/Users/ab25cq/pico-sdk/lib/tinyusb/src/common/tusb_fifo.c.o
 .text._tu_fifo_peek
                0x1000c326      0x13a CMakeFiles/minux.dir/Users/ab25cq/pico-sdk/lib/tinyusb/src/common/tusb_fifo.c.o
 .text._tu_fifo_peek_n
                0x1000c460      0x162 CMakeFiles/minux.dir/Users/ab25cq/pico-sdk/lib/tinyusb/src/common/tusb_fifo.c.o
 .text._tu_fifo_write_n
                0x1000c5c2      0x2de CMakeFiles/minux.dir/Users/ab25cq/pico-sdk/lib/tinyusb/src/common/tusb_fifo.c.o
 .text._tu_fifo_read_n
                0x1000c8a0       0xb0 CMakeFiles/minux.dir/Users/ab25cq/pico-sdk/lib/tinyusb/src/common/tusb_fifo.c.o
 .text.tu_fifo_count
                0x1000c950       0x8a CMakeFiles/minux.dir/Users/ab25cq/pico-sdk/lib/tinyusb/src/common/tusb_fifo.c.o
                0x1000c950                tu_fifo_count
 .text.tu_fifo_empty
                0x1000c9da       0x1e CMakeFiles/minux.dir/Users/ab25cq/pico-sdk/lib/tinyusb/src/common/tusb_fifo.c.o
                0x1000c9da                tu_fifo_empty
 .text.tu_fifo_full
                0x1000c9f8       0x72 CMakeFiles/minux.dir/Users/ab25cq/pico-sdk/lib/tinyusb/src/common/tusb_fifo.c.o
                0x1000c9f8                tu_fifo_full
 .text.tu_fifo_remaining
                0x1000ca6a       0xaa CMakeFiles/minux.dir/Users/ab25cq/pico-sdk/lib/tinyusb/src/common/tusb_fifo.c.o
                0x1000ca6a                tu_fifo_remaining
 .text.tu_fifo_read
                0x1000cb14       0x8e CMakeFiles/minux.dir/Users/ab25cq/pico-sdk/lib/tinyusb/src/common/tusb_fifo.c.o
                0x1000cb14                tu_fifo_read
 .text.tu_fifo_read_n
                0x1000cba2       0x26 CMakeFiles/minux.dir/Users/ab25cq/pico-sdk/lib/tinyusb/src/common/tusb_fifo.c.o
                0x1000cba2                tu_fifo_read_n
 .text.tu_fifo_write
                0x1000cbc8       0xf0 CMakeFiles/minux.dir/Users/ab25cq/pico-sdk/lib/tinyusb/src/common/tusb_fifo.c.o
                0x1000cbc8                tu_fifo_write
 .text.tu_fifo_write_n
                0x1000ccb8       0x26 CMakeFiles/minux.dir/Users/ab25cq/pico-sdk/lib/tinyusb/src/common/tusb_fifo.c.o
                0x1000ccb8                tu_fifo_write_n
 .text.tu_fifo_clear
                0x1000ccde       0x96 CMakeFiles/minux.dir/Users/ab25cq/pico-sdk/lib/tinyusb/src/common/tusb_fifo.c.o
                0x1000ccde                tu_fifo_clear
 .text.tu_fifo_set_overwritable
                0x1000cd74       0xaa CMakeFiles/minux.dir/Users/ab25cq/pico-sdk/lib/tinyusb/src/common/tusb_fifo.c.o
                0x1000cd74                tu_fifo_set_overwritable
 *fill*         0x1000ce1e        0x2 
 .text.calloc   0x1000ce20       0x18 /Applications/ArmGNUToolchain/14.2.rel1/arm-none-eabi/bin/../lib/gcc/arm-none-eabi/14.2.1/../../../../arm-none-eabi/lib/thumb/v6-m/nofp/libg.a(libc_a-calloc.o)
                0x1000ce20                calloc
 .text._calloc_r
                0x1000ce38       0xa8 /Applications/ArmGNUToolchain/14.2.rel1/arm-none-eabi/bin/../lib/gcc/arm-none-eabi/14.2.1/../../../../arm-none-eabi/lib/thumb/v6-m/nofp/libg.a(libc_a-callocr.o)
                0x1000ce38                _calloc_r
 .text.free     0x1000cee0       0x14 /Applications/ArmGNUToolchain/14.2.rel1/arm-none-eabi/bin/../lib/gcc/arm-none-eabi/14.2.1/../../../../arm-none-eabi/lib/thumb/v6-m/nofp/libg.a(libc_a-malloc.o)
                0x1000cee0                free
 .text._malloc_r
                0x1000cef4      0x5cc /Applications/ArmGNUToolchain/14.2.rel1/arm-none-eabi/bin/../lib/gcc/arm-none-eabi/14.2.1/../../../../arm-none-eabi/lib/thumb/v6-m/nofp/libg.a(libc_a-mallocr.o)
                0x1000cef4                _malloc_r
 .text.__malloc_lock
                0x1000d4c0       0x10 /Applications/ArmGNUToolchain/14.2.rel1/arm-none-eabi/bin/../lib/gcc/arm-none-eabi/14.2.1/../../../../arm-none-eabi/lib/thumb/v6-m/nofp/libg.a(libc_a-mlock.o)
                0x1000d4c0                __malloc_lock
 .text.__malloc_unlock
                0x1000d4d0       0x10 /Applications/ArmGNUToolchain/14.2.rel1/arm-none-eabi/bin/../lib/gcc/arm-none-eabi/14.2.1/../../../../arm-none-eabi/lib/thumb/v6-m/nofp/libg.a(libc_a-mlock.o)
                0x1000d4d0                __malloc_unlock
 .text.strdup   0x1000d4e0       0x14 /Applications/ArmGNUToolchain/14.2.rel1/arm-none-eabi/bin/../lib/gcc/arm-none-eabi/14.2.1/../../../../arm-none-eabi/lib/thumb/v6-m/nofp/libg.a(libc_a-strdup.o)
                0x1000d4e0                strdup
 .text._strdup_r
                0x1000d4f4       0x28 /Applications/ArmGNUToolchain/14.2.rel1/arm-none-eabi/bin/../lib/gcc/arm-none-eabi/14.2.1/../../../../arm-none-eabi/lib/thumb/v6-m/nofp/libg.a(libc_a-strdup_r.o)
                0x1000d4f4                _strdup_r
 .text._sbrk_r  0x1000d51c       0x24 /Applications/ArmGNUToolchain/14.2.rel1/arm-none-eabi/bin/../lib/gcc/arm-none-eabi/14.2.1/../../../../arm-none-eabi/lib/thumb/v6-m/nofp/libg.a(libc_a-sbrkr.o)
                0x1000d51c                _sbrk_r
 .text.__errno  0x1000d540        0xc /Applications/ArmGNUToolchain/14.2.rel1/arm-none-eabi/bin/../lib/gcc/arm-none-eabi/14.2.1/../../../../arm-none-eabi/lib/thumb/v6-m/nofp/libg.a(libc_a-errno.o)
                0x1000d540                __errno
 .text.sysconf  0x1000d54c       0x1c /Applications/ArmGNUToolchain/14.2.rel1/arm-none-eabi/bin/../lib/gcc/arm-none-eabi/14.2.1/../../../../arm-none-eabi/lib/thumb/v6-m/nofp/libg.a(libc_a-sysconf.o)
                0x1000d54c                sysconf
 .text.__retarget_lock_acquire_recursive
                0x1000d568        0x4 /Applications/ArmGNUToolchain/14.2.rel1/arm-none-eabi/bin/../lib/gcc/arm-none-eabi/14.2.1/../../../../arm-none-eabi/lib/thumb/v6-m/nofp/libg.a(libc_a-lock.o)
                0x1000d568                __retarget_lock_acquire_recursive
 .text.__retarget_lock_release_recursive
                0x1000d56c        0x4 /Applications/ArmGNUToolchain/14.2.rel1/arm-none-eabi/bin/../lib/gcc/arm-none-eabi/14.2.1/../../../../arm-none-eabi/lib/thumb/v6-m/nofp/libg.a(libc_a-lock.o)
                0x1000d56c                __retarget_lock_release_recursive
 .text.strlen   0x1000d570       0x5c /Applications/ArmGNUToolchain/14.2.rel1/arm-none-eabi/bin/../lib/gcc/arm-none-eabi/14.2.1/../../../../arm-none-eabi/lib/thumb/v6-m/nofp/libg.a(libc_a-strlen-stub.o)
                0x1000d570                strlen
 .text._malloc_trim_r
                0x1000d5cc       0xb4 /Applications/ArmGNUToolchain/14.2.rel1/arm-none-eabi/bin/../lib/gcc/arm-none-eabi/14.2.1/../../../../arm-none-eabi/lib/thumb/v6-m/nofp/libg.a(libc_a-freer.o)
                0x1000d5cc                _malloc_trim_r
 .text._free_r  0x1000d680      0x1f0 /Applications/ArmGNUToolchain/14.2.rel1/arm-none-eabi/bin/../lib/gcc/arm-none-eabi/14.2.1/../../../../arm-none-eabi/lib/thumb/v6-m/nofp/libg.a(libc_a-freer.o)
                0x1000d680                _free_r
 *(.fini)
 .fini          0x1000d870        0x4 /Applications/ArmGNUToolchain/14.2.rel1/arm-none-eabi/bin/../lib/gcc/arm-none-eabi/14.2.1/thumb/v6-m/nofp/crti.o
                0x1000d870                _fini
 *fill*         0x1000d874        0x4 
 .fini.__stub   0x1000d878       0xd0 linker stubs
 *crtbegin.o(.ctors)
 *crtbegin?.o(.ctors)
 *(EXCLUDE_FILE(*crtend.o *crtend?.o) .ctors)
 *(SORT_BY_NAME(.ctors.*))
 *(.ctors)
 *crtbegin.o(.dtors)
 *crtbegin?.o(.dtors)
 *(EXCLUDE_FILE(*crtend.o *crtend?.o) .dtors)
 *(SORT_BY_NAME(.dtors.*))
 *(.dtors)
                0x1000d948                        . = ALIGN (0x4)
                0x1000d948                        PROVIDE (__preinit_array_start = .)
 *(SORT_BY_NAME(.preinit_array.*))
 .preinit_array.00100
                0x1000d948        0x4 CMakeFiles/minux.dir/Users/ab25cq/pico-sdk/src/rp2_common/pico_runtime_init/runtime_init.c.o
                0x1000d948                __pre_init_runtime_init_early_resets
 .preinit_array.00101
                0x1000d94c        0x4 CMakeFiles/minux.dir/Users/ab25cq/pico-sdk/src/rp2_common/pico_runtime_init/runtime_init.c.o
                0x1000d94c                __pre_init_runtime_init_usb_power_down
 .preinit_array.00275
                0x1000d950        0x4 CMakeFiles/minux.dir/Users/ab25cq/pico-sdk/src/rp2_common/pico_bit_ops/bit_ops_aeabi.S.o
 .preinit_array.00300
                0x1000d954        0x4 CMakeFiles/minux.dir/Users/ab25cq/pico-sdk/src/rp2_common/pico_mem_ops/mem_ops_aeabi.S.o
 .preinit_array.00350
                0x1000d958        0x4 CMakeFiles/minux.dir/Users/ab25cq/pico-sdk/src/rp2_common/pico_double/double_aeabi_rp2040.S.o
 .preinit_array.00350
                0x1000d95c        0x4 CMakeFiles/minux.dir/Users/ab25cq/pico-sdk/src/rp2_common/pico_float/float_aeabi_rp2040.S.o
 .preinit_array.00500
                0x1000d960        0x4 CMakeFiles/minux.dir/Users/ab25cq/pico-sdk/src/rp2_common/pico_runtime_init/runtime_init.c.o
                0x1000d960                __pre_init_runtime_init_clocks
 .preinit_array.00600
                0x1000d964        0x4 CMakeFiles/minux.dir/Users/ab25cq/pico-sdk/src/rp2_common/pico_runtime_init/runtime_init.c.o
                0x1000d964                __pre_init_runtime_init_post_clock_resets
 .preinit_array.00700
                0x1000d968        0x4 CMakeFiles/minux.dir/Users/ab25cq/pico-sdk/src/rp2_common/pico_runtime_init/runtime_init.c.o
                0x1000d968                __pre_init_runtime_init_rp2040_gpio_ie_disable
 .preinit_array.01000
                0x1000d96c        0x4 CMakeFiles/minux.dir/Users/ab25cq/pico-sdk/src/rp2_common/pico_runtime_init/runtime_init.c.o
                0x1000d96c                __pre_init_runtime_init_spin_locks_reset
 .preinit_array.01100
                0x1000d970        0x4 CMakeFiles/minux.dir/Users/ab25cq/pico-sdk/src/common/pico_sync/mutex.c.o
                0x1000d970                __pre_init_runtime_init_mutex
 .preinit_array.10080
                0x1000d974        0x4 CMakeFiles/minux.dir/Users/ab25cq/pico-sdk/src/rp2_common/pico_runtime_init/runtime_init.c.o
                0x1000d974                __pre_init_runtime_init_install_ram_vector_table
 .preinit_array.11000
                0x1000d978        0x4 CMakeFiles/minux.dir/Users/ab25cq/pico-sdk/src/common/pico_time/time.c.o
                0x1000d978                __pre_init_runtime_init_default_alarm_pool
 .preinit_array.YYYYY
                0x1000d97c        0x4 CMakeFiles/minux.dir/Users/ab25cq/pico-sdk/src/rp2_common/pico_runtime/runtime.c.o
                0x1000d97c                __pre_init_first_per_core_initializer
 .preinit_array.ZZZZZ.01200
                0x1000d980        0x4 CMakeFiles/minux.dir/Users/ab25cq/pico-sdk/src/rp2_common/hardware_irq/irq.c.o
                0x1000d980                __pre_init_runtime_init_per_core_irq_priorities
 *(.preinit_array)
                0x1000d984                        PROVIDE (__preinit_array_end = .)
                0x1000d984                        . = ALIGN (0x4)
                0x1000d984                        PROVIDE (__init_array_start = .)
 *(SORT_BY_NAME(.init_array.*))
 *(.init_array)
 .init_array    0x1000d984        0x4 /Applications/ArmGNUToolchain/14.2.rel1/arm-none-eabi/bin/../lib/gcc/arm-none-eabi/14.2.1/thumb/v6-m/nofp/crtbegin.o
 .init_array    0x1000d988        0x4 CMakeFiles/minux.dir/Users/ab25cq/pico-sdk/src/rp2_common/pico_unique_id/unique_id.c.o
                0x1000d98c                        PROVIDE (__init_array_end = .)
                0x1000d98c                        . = ALIGN (0x4)
                [!provide]                        PROVIDE (__fini_array_start = .)
 *(SORT_BY_NAME(.fini_array.*))
 *(.fini_array)
                [!provide]                        PROVIDE (__fini_array_end = .)
 *(.eh_frame*)
 .eh_frame      0x1000d98c        0x0 /Applications/ArmGNUToolchain/14.2.rel1/arm-none-eabi/bin/../lib/gcc/arm-none-eabi/14.2.1/thumb/v6-m/nofp/crtbegin.o
                0x1000d98c                        . = ALIGN (0x4)

.glue_7         0x1000d98c        0x0
 .glue_7        0x1000d98c        0x0 linker stubs

.glue_7t        0x1000d98c        0x0
 .glue_7t       0x1000d98c        0x0 linker stubs

.vfp11_veneer   0x1000d98c        0x0
 .vfp11_veneer  0x1000d98c        0x0 linker stubs

.v4_bx          0x1000d98c        0x0
 .v4_bx         0x1000d98c        0x0 linker stubs

.iplt           0x1000d98c        0x0
 .iplt          0x1000d98c        0x0 /Applications/ArmGNUToolchain/14.2.rel1/arm-none-eabi/bin/../lib/gcc/arm-none-eabi/14.2.1/thumb/v6-m/nofp/crtbegin.o

.rodata         0x1000d990      0xb08
 *(EXCLUDE_FILE(*libm.a: *libc.a:*lib_a-mem*.o *libgcc.a:) .rodata*)
 .rodata        0x1000d990      0x43e CMakeFiles/minux.dir/main.c.c.o
 *fill*         0x1000ddce        0x2 
 .rodata        0x1000ddd0       0x22 CMakeFiles/minux.dir/Users/ab25cq/pico-sdk/src/rp2_common/pico_platform_panic/panic.c.o
 *fill*         0x1000ddf2        0x2 
 .rodata        0x1000ddf4       0x3b CMakeFiles/minux.dir/Users/ab25cq/pico-sdk/src/rp2_common/hardware_sync/sync.c.o
 *fill*         0x1000de2f        0x1 
 .rodata        0x1000de30       0x37 CMakeFiles/minux.dir/Users/ab25cq/pico-sdk/src/rp2_common/hardware_irq/irq.c.o
 *fill*         0x1000de67        0x1 
 .rodata        0x1000de68       0x38 CMakeFiles/minux.dir/Users/ab25cq/pico-sdk/src/rp2_common/hardware_timer/timer.c.o
 .rodata        0x1000dea0        0xc CMakeFiles/minux.dir/Users/ab25cq/pico-sdk/src/rp2_common/pico_runtime/runtime.c.o
 .rodata        0x1000deac        0xe CMakeFiles/minux.dir/Users/ab25cq/pico-sdk/src/rp2_common/pico_malloc/malloc.c.o
 *fill*         0x1000deba        0x2 
 .rodata.__bi_26
                0x1000debc        0xc CMakeFiles/minux.dir/Users/ab25cq/pico-sdk/src/rp2_common/pico_standard_binary_info/standard_binary_info.c.o
 .rodata        0x1000dec8       0x3c CMakeFiles/minux.dir/Users/ab25cq/pico-sdk/src/rp2_common/pico_standard_binary_info/standard_binary_info.c.o
 .rodata.__bi_34
                0x1000df04        0xc CMakeFiles/minux.dir/Users/ab25cq/pico-sdk/src/rp2_common/pico_standard_binary_info/standard_binary_info.c.o
 .rodata.__bi_42
                0x1000df10        0xc CMakeFiles/minux.dir/Users/ab25cq/pico-sdk/src/rp2_common/pico_standard_binary_info/standard_binary_info.c.o
 .rodata.__bi_48
                0x1000df1c        0xc CMakeFiles/minux.dir/Users/ab25cq/pico-sdk/src/rp2_common/pico_standard_binary_info/standard_binary_info.c.o
 .rodata.__bi_54
                0x1000df28        0xc CMakeFiles/minux.dir/Users/ab25cq/pico-sdk/src/rp2_common/pico_standard_binary_info/standard_binary_info.c.o
 .rodata.__bi_78
                0x1000df34        0xc CMakeFiles/minux.dir/Users/ab25cq/pico-sdk/src/rp2_common/pico_standard_binary_info/standard_binary_info.c.o
 .rodata.__bi_84
                0x1000df40        0xc CMakeFiles/minux.dir/Users/ab25cq/pico-sdk/src/rp2_common/pico_standard_binary_info/standard_binary_info.c.o
 .rodata        0x1000df4c       0x18 CMakeFiles/minux.dir/Users/ab25cq/pico-sdk/src/rp2_common/pico_printf/printf.c.o
 .rodata._vsnprintf