Archive member included to satisfy reference by file (symbol)

/Applications/ArmGNUToolchain/14.3.rel1/arm-none-eabi/bin/../lib/gcc/arm-none-eabi/14.3.1/thumb/v6-m/nofp/libgcc.a(_dvmd_tls.o)
                              CMakeFiles/minux.dir/Users/ab25cq/pico-sdk/src/rp2_common/pico_divider/divider_hardware.S.o (__aeabi_idiv0)
/Applications/ArmGNUToolchain/14.3.rel1/arm-none-eabi/bin/../lib/gcc/arm-none-eabi/14.3.1/../../../../arm-none-eabi/lib/thumb/v6-m/nofp/libg.a(libc_a-calloc.o)
                              CMakeFiles/minux.dir/Users/ab25cq/pico-sdk/src/rp2_common/pico_malloc/malloc.c.o (calloc)
/Applications/ArmGNUToolchain/14.3.rel1/arm-none-eabi/bin/../lib/gcc/arm-none-eabi/14.3.1/../../../../arm-none-eabi/lib/thumb/v6-m/nofp/libg.a(libc_a-callocr.o)
                              /Applications/ArmGNUToolchain/14.3.rel1/arm-none-eabi/bin/../lib/gcc/arm-none-eabi/14.3.1/../../../../arm-none-eabi/lib/thumb/v6-m/nofp/libg.a(libc_a-calloc.o) (_calloc_r)
/Applications/ArmGNUToolchain/14.3.rel1/arm-none-eabi/bin/../lib/gcc/arm-none-eabi/14.3.1/../../../../arm-none-eabi/lib/thumb/v6-m/nofp/libg.a(libc_a-malloc.o)
                              CMakeFiles/minux.dir/Users/ab25cq/pico-sdk/src/rp2_common/pico_malloc/malloc.c.o (malloc)
/Applications/ArmGNUToolchain/14.3.rel1/arm-none-eabi/bin/../lib/gcc/arm-none-eabi/14.3.1/../../../../arm-none-eabi/lib/thumb/v6-m/nofp/libg.a(libc_a-mallocr.o)
                              /Applications/ArmGNUToolchain/14.3.rel1/arm-none-eabi/bin/../lib/gcc/arm-none-eabi/14.3.1/../../../../arm-none-eabi/lib/thumb/v6-m/nofp/libg.a(libc_a-callocr.o) (_malloc_r)
/Applications/ArmGNUToolchain/14.3.rel1/arm-none-eabi/bin/../lib/gcc/arm-none-eabi/14.3.1/../../../../arm-none-eabi/lib/thumb/v6-m/nofp/libg.a(libc_a-mlock.o)
                              /Applications/ArmGNUToolchain/14.3.rel1/arm-none-eabi/bin/../lib/gcc/arm-none-eabi/14.3.1/../../../../arm-none-eabi/lib/thumb/v6-m/nofp/libg.a(libc_a-mallocr.o) (__malloc_lock)
/Applications/ArmGNUToolchain/14.3.rel1/arm-none-eabi/bin/../lib/gcc/arm-none-eabi/14.3.1/../../../../arm-none-eabi/lib/thumb/v6-m/nofp/libg.a(libc_a-realloc.o)
                              CMakeFiles/minux.dir/Users/ab25cq/pico-sdk/src/rp2_common/pico_malloc/malloc.c.o (realloc)
/Applications/ArmGNUToolchain/14.3.rel1/arm-none-eabi/bin/../lib/gcc/arm-none-eabi/14.3.1/../../../../arm-none-eabi/lib/thumb/v6-m/nofp/libg.a(libc_a-reallocr.o)
                              /Applications/ArmGNUToolchain/14.3.rel1/arm-none-eabi/bin/../lib/gcc/arm-none-eabi/14.3.1/../../../../arm-none-eabi/lib/thumb/v6-m/nofp/libg.a(libc_a-realloc.o) (_realloc_r)
/Applications/ArmGNUToolchain/14.3.rel1/arm-none-eabi/bin/../lib/gcc/arm-none-eabi/14.3.1/../../../../arm-none-eabi/lib/thumb/v6-m/nofp/libg.a(libc_a-vasprintf.o)
                              CMakeFiles/minux.dir/main.c.c.o (vasprintf)
/Applications/ArmGNUToolchain/14.3.rel1/arm-none-eabi/bin/../lib/gcc/arm-none-eabi/14.3.1/../../../../arm-none-eabi/lib/thumb/v6-m/nofp/libg.a(libc_a-memcmp.o)
                              CMakeFiles/minux.dir/Users/ab25cq/pico-sdk/src/rp2_common/pico_atomic/atomic.c.o (memcmp)
/Applications/ArmGNUToolchain/14.3.rel1/arm-none-eabi/bin/../lib/gcc/arm-none-eabi/14.3.1/../../../../arm-none-eabi/lib/thumb/v6-m/nofp/libg.a(libc_a-memmove.o)
                              /Applications/ArmGNUToolchain/14.3.rel1/arm-none-eabi/bin/../lib/gcc/arm-none-eabi/14.3.1/../../../../arm-none-eabi/lib/thumb/v6-m/nofp/libg.a(libc_a-reallocr.o) (memmove)
/Applications/ArmGNUToolchain/14.3.rel1/arm-none-eabi/bin/../lib/gcc/arm-none-eabi/14.3.1/../../../../arm-none-eabi/lib/thumb/v6-m/nofp/libg.a(libc_a-strncat.o)
                              CMakeFiles/minux.dir/main.c.c.o (strncat)
/Applications/ArmGNUToolchain/14.3.rel1/arm-none-eabi/bin/../lib/gcc/arm-none-eabi/14.3.1/../../../../arm-none-eabi/lib/thumb/v6-m/nofp/libg.a(libc_a-strncmp.o)
                              CMakeFiles/minux.dir/main.c.c.o (strncmp)
/Applications/ArmGNUToolchain/14.3.rel1/arm-none-eabi/bin/../lib/gcc/arm-none-eabi/14.3.1/../../../../arm-none-eabi/lib/thumb/v6-m/nofp/libg.a(libc_a-strncpy.o)
                              CMakeFiles/minux.dir/main.c.c.o (strncpy)
/Applications/ArmGNUToolchain/14.3.rel1/arm-none-eabi/bin/../lib/gcc/arm-none-eabi/14.3.1/../../../../arm-none-eabi/lib/thumb/v6-m/nofp/libg.a(libc_a-strstr.o)
                              CMakeFiles/minux.dir/main.c.c.o (strstr)
/Applications/ArmGNUToolchain/14.3.rel1/arm-none-eabi/bin/../lib/gcc/arm-none-eabi/14.3.1/../../../../arm-none-eabi/lib/thumb/v6-m/nofp/libg.a(libc_a-lcltime_r.o)
                              CMakeFiles/minux.dir/Users/ab25cq/pico-sdk/src/common/pico_util/datetime.c.o (localtime_r)
/Applications/ArmGNUToolchain/14.3.rel1/arm-none-eabi/bin/../lib/gcc/arm-none-eabi/14.3.1/../../../../arm-none-eabi/lib/thumb/v6-m/nofp/libg.a(libc_a-mktime.o)
                              CMakeFiles/minux.dir/Users/ab25cq/pico-sdk/src/common/pico_util/datetime.c.o (mktime)
[...]
Memory Configuration

Name             Origin             Length             Attributes
FLASH            0x10000000         0x00200000         xr
RAM              0x20000000         0x00040000         xrw
SCRATCH_X        0x20040000         0x00001000         xrw
SCRATCH_Y        0x20041000         0x00001000         xrw
*default*        0x00000000         0xffffffff

Linker script and memory map

LOAD /Applications/ArmGNUToolchain/14.3.rel1/arm-none-eabi/bin/../lib/gcc/arm-none-eabi/14.3.1/thumb/v6-m/nofp/crti.o
LOAD /Applications/ArmGNUToolchain/14.3.rel1/arm-none-eabi/bin/../lib/gcc/arm-none-eabi/14.3.1/thumb/v6-m/nofp/crtbegin.o
LOAD /Applications/ArmGNUToolchain/14.3.rel1/arm-none-eabi/bin/../lib/gcc/arm-none-eabi/14.3.1/../../../../arm-none-eabi/lib/thumb/v6-m/nofp/crt0.o

.flash_begin    0x10000000        0x0
                0x10000000                        __flash_binary_start = .

.boot2          0x10000000      0x100
                0x10000000                        __boot2_start__ = .
 *(.boot2)
 .boot2         0x10000000      0x100 pico-sdk/src/rp2040/boot_stage2/CMakeFiles/bs2_default_library.dir/bs2_default_padded_checksummed.S.o
                0x10000100                        __boot2_end__ = .
                0x00000001                        ASSERT (((__boot2_end__ - __boot2_start__) == 0x100), ERROR: Pico second stage bootloader must be 256 bytes in size)

.text           0x10000100     0xaf9c
                0x10000100                        __logical_binary_start = .
 *(.vectors)
 .vectors       0x10000100       0xd4 CMakeFiles/minux.dir/Users/ab25cq/pico-sdk/src/rp2_common/pico_crt0/crt0.S.o
                0x10000100                __VECTOR_TABLE
                0x10000100                __vectors
                0x100001c0                __default_isrs_start
                0x100001c0                isr_invalid
                0x100001c2                isr_nmi
                0x100001c4                isr_hardfault
                0x100001c6                isr_svcall
                0x100001c8                isr_pendsv
                0x100001ca                isr_systick
                0x100001cc                isr_irq28
                0x100001cc                isr_irq19
                0x100001cc                isr_irq0
                0x100001cc                isr_irq6
                0x100001cc                isr_irq22
                0x100001cc                isr_irq17
                0x100001cc                isr_irq14
                0x100001cc                isr_irq2
                0x100001cc                isr_irq10
                0x100001cc                isr_irq8
                0x100001cc                isr_irq24
                0x100001cc                isr_irq1
                0x100001cc                isr_irq7
                0x100001cc                isr_irq21
                0x100001cc                isr_irq20
                0x100001cc                isr_irq15
                0x100001cc                isr_irq25
                0x100001cc                isr_irq4
                0x100001cc                isr_irq16
                0x100001cc                isr_irq29
                0x100001cc                isr_irq26
                0x100001cc                __default_isrs_end
                0x100001cc                isr_irq3
                0x100001cc                isr_irq9
                0x100001cc                __unhandled_user_irq
                0x100001cc                isr_irq13
                0x100001cc                isr_irq27
                0x100001cc                isr_irq31
                0x100001cc                isr_irq5
                0x100001cc                isr_irq11
                0x100001cc                isr_irq23
                0x100001cc                isr_irq18
                0x100001cc                isr_irq30
                0x100001cc                isr_irq12
                0x100001d2                unhandled_user_irq_num_in_r0
 *(.binary_info_header)
 .binary_info_header
                0x100001d4       0x14 CMakeFiles/minux.dir/Users/ab25cq/pico-sdk/src/rp2_common/pico_crt0/crt0.S.o
                0x100001e8                        __binary_info_header_end = .
 *(.embedded_block)
                0x100001e8                        __embedded_block_end = .
 *(.reset)
 .reset         0x100001e8       0x9c CMakeFiles/minux.dir/Users/ab25cq/pico-sdk/src/rp2_common/pico_crt0/crt0.S.o
                0x100001e8                _entry_point
 *(.init)
 .init          0x10000284        0x4 /Applications/ArmGNUToolchain/14.3.rel1/arm-none-eabi/bin/../lib/gcc/arm-none-eabi/14.3.1/thumb/v6-m/nofp/crti.o
                0x10000284                _init
 *(EXCLUDE_FILE(*libm.a: *libc.a:*lib_a-mem*.o *libgcc.a:) .text*)
 .text.register_tm_clones
                0x10000288       0x28 /Applications/ArmGNUToolchain/14.3.rel1/arm-none-eabi/bin/../lib/gcc/arm-none-eabi/14.3.1/thumb/v6-m/nofp/crtbegin.o
 .text.frame_dummy
                0x100002b0       0x24 /Applications/ArmGNUToolchain/14.3.rel1/arm-none-eabi/bin/../lib/gcc/arm-none-eabi/14.3.1/thumb/v6-m/nofp/crtbegin.o
 .text.add_repeating_timer_ms
                0x100002d4       0x46 CMakeFiles/minux.dir/main.c.c.o
 *fill*         0x1000031a        0x2 
 .text.init_task
                0x1000031c       0xd8 CMakeFiles/minux.dir/main.c.c.o
                0x1000031c                init_task
 .text.list$1sTask$ph_add
                0x100003f4      0x1b8 CMakeFiles/minux.dir/main.c.c.o
 .text.sTask_finalize
                0x100005ac        0xa CMakeFiles/minux.dir/main.c.c.o
 *fill*         0x100005b6        0x2 
 .text.save_context
                0x100005b8       0xe0 CMakeFiles/minux.dir/main.c.c.o
                0x100005b8                save_context
 .text.restore_context
                0x10000698       0xf0 CMakeFiles/minux.dir/main.c.c.o
                0x10000698                restore_context
 .text.timer_callback
                0x10000788       0xb4 CMakeFiles/minux.dir/main.c.c.o
                0x10000788                timer_callback
 .text.list$1sTask$ph_operator_load_element
                0x1000083c       0xc4 CMakeFiles/minux.dir/main.c.c.o
 .text.list$1sTask$ph_length
                0x10000900       0x18 CMakeFiles/minux.dir/main.c.c.o
 .text.task1    0x10000918       0x30 CMakeFiles/minux.dir/main.c.c.o
                0x10000918                task1
 .text.task2    0x10000948       0x30 CMakeFiles/minux.dir/main.c.c.o
                0x10000948                task2
 .text.main     0x10000978      0x114 CMakeFiles/minux.dir/main.c.c.o
                0x10000978                main
 .text.list$1sTask$ph_initialize
                0x10000a8c       0x68 CMakeFiles/minux.dir/main.c.c.o
 .text.list$1sTask$ph$p_finalize
                0x10000af4       0x48 CMakeFiles/minux.dir/main.c.c.o
 .text.list_item$1sTask$ph$p_finalize
                0x10000b3c       0x3c CMakeFiles/minux.dir/main.c.c.o
 .text.list$1sTask$ph_finalize
                0x10000b78       0x48 CMakeFiles/minux.dir/main.c.c.o
 .text.come_heap_init
                0x10000bc0        0xa CMakeFiles/minux.dir/main.c.c.o
                0x10000bc0                come_heap_init
 .text.alloc_from_pages
                0x10000bca       0x2e CMakeFiles/minux.dir/main.c.c.o
                0x10000bca                alloc_from_pages
 .text.come_free_mem_of_heap_pool
                0x10000bf8       0xa0 CMakeFiles/minux.dir/main.c.c.o
                0x10000bf8                come_free_mem_of_heap_pool
 .text.come_alloc_mem_from_heap_pool
                0x10000c98       0x9c CMakeFiles/minux.dir/main.c.c.o
                0x10000c98                come_alloc_mem_from_heap_pool
 .text.come_calloc
                0x10000d34       0x50 CMakeFiles/minux.dir/main.c.c.o
                0x10000d34                come_calloc
 .text.come_free
                0x10000d84       0x22 CMakeFiles/minux.dir/main.c.c.o
                0x10000d84                come_free
 .text.come_increment_ref_count
                0x10000da6       0x2e CMakeFiles/minux.dir/main.c.c.o
                0x10000da6                come_increment_ref_count
 .text.come_call_finalizer
                0x10000dd4      0x10c CMakeFiles/minux.dir/main.c.c.o
                0x10000dd4                come_call_finalizer
 .text.come_calloc_v2
                0x10000ee0       0x2a CMakeFiles/minux.dir/main.c.c.o
                0x10000ee0                come_calloc_v2
 .text.come_free_v2
                0x10000f0a       0x14 CMakeFiles/minux.dir/main.c.c.o
                0x10000f0a                come_free_v2
 .text.check_gpio_param
                0x10000f1e        0xa CMakeFiles/minux.dir/Users/ab25cq/pico-sdk/src/rp2_common/hardware_gpio/gpio.c.o
 .text.gpio_set_function
                0x10000f28       0x70 CMakeFiles/minux.dir/Users/ab25cq/pico-sdk/src/rp2_common/hardware_gpio/gpio.c.o
                0x10000f28                gpio_set_function
 .text.rp2040_chip_version
                0x10000f98       0x2c CMakeFiles/minux.dir/Users/ab25cq/pico-sdk/src/rp2040/pico_platform/platform.c.o
                0x10000f98                rp2040_chip_version
 .text.panic    0x10000fc4       0x3c CMakeFiles/minux.dir/Users/ab25cq/pico-sdk/src/rp2_common/pico_platform_panic/panic.c.o
                0x10000fc4                panic
 .text.hw_claim_lock
                0x10001000       0x4c CMakeFiles/minux.dir/Users/ab25cq/pico-sdk/src/common/hardware_claim/claim.c.o
                0x10001000                hw_claim_lock
 .text.hw_claim_unlock
                0x1000104c       0x44 CMakeFiles/minux.dir/Users/ab25cq/pico-sdk/src/common/hardware_claim/claim.c.o
                0x1000104c                hw_claim_unlock
 .text.hw_is_claimed
                0x10001090       0x2c CMakeFiles/minux.dir/Users/ab25cq/pico-sdk/src/common/hardware_claim/claim.c.o
                0x10001090                hw_is_claimed
 .text.hw_claim_or_assert
                0x100010bc       0x62 CMakeFiles/minux.dir/Users/ab25cq/pico-sdk/src/common/hardware_claim/claim.c.o
                0x100010bc                hw_claim_or_assert
 .text.hw_claim_unused_from_range
                0x1000111e       0xa2 CMakeFiles/minux.dir/Users/ab25cq/pico-sdk/src/common/hardware_claim/claim.c.o
                0x1000111e                hw_claim_unused_from_range
 .text.next_striped_spin_lock_num
                0x100011c0       0x2c CMakeFiles/minux.dir/Users/ab25cq/pico-sdk/src/rp2_common/hardware_sync/sync.c.o
                0x100011c0                next_striped_spin_lock_num
 .text.spin_lock_claim_unused
                0x100011ec       0x30 CMakeFiles/minux.dir/Users/ab25cq/pico-sdk/src/rp2_common/hardware_sync/sync.c.o
                0x100011ec                spin_lock_claim_unused
 .text.spin_locks_reset
                0x1000121c       0x40 CMakeFiles/minux.dir/Users/ab25cq/pico-sdk/src/rp2_common/hardware_sync_spin_lock/sync_spin_lock.c.o
                0x1000121c                spin_locks_reset
 .text.hard_assert
                0x1000125c       0x20 CMakeFiles/minux.dir/Users/ab25cq/pico-sdk/src/rp2_common/hardware_irq/irq.c.o
 .text.check_irq_param
                0x1000127c        0xa CMakeFiles/minux.dir/Users/ab25cq/pico-sdk/src/rp2_common/hardware_irq/irq.c.o
 *fill*         0x10001286        0x2 
 .text.user_irq_claimed_ptr
                0x10001288        0xc CMakeFiles/minux.dir/Users/ab25cq/pico-sdk/src/rp2_common/hardware_irq/irq.c.o
 .text.get_vtable
                0x10001294        0xc CMakeFiles/minux.dir/Users/ab25cq/pico-sdk/src/rp2_common/hardware_irq/irq.c.o
 .text.add_thumb_bit
                0x100012a0       0x10 CMakeFiles/minux.dir/Users/ab25cq/pico-sdk/src/rp2_common/hardware_irq/irq.c.o
 .text.remove_thumb_bit
                0x100012b0       0x10 CMakeFiles/minux.dir/Users/ab25cq/pico-sdk/src/rp2_common/hardware_irq/irq.c.o
 .text.set_raw_irq_handler_and_unlock
                0x100012c0       0x64 CMakeFiles/minux.dir/Users/ab25cq/pico-sdk/src/rp2_common/hardware_irq/irq.c.o
 .text.irq_set_enabled
                0x10001324       0x38 CMakeFiles/minux.dir/Users/ab25cq/pico-sdk/src/rp2_common/hardware_irq/irq.c.o
                0x10001324                irq_set_enabled
 .text.irq_is_enabled
                0x1000135c       0x2c CMakeFiles/minux.dir/Users/ab25cq/pico-sdk/src/rp2_common/hardware_irq/irq.c.o
                0x1000135c                irq_is_enabled
 .text.irq_set_mask_n_enabled_internal
                0x10001388       0x3c CMakeFiles/minux.dir/Users/ab25cq/pico-sdk/src/rp2_common/hardware_irq/irq.c.o
 .text.irq_set_mask_n_enabled
                0x100013c4       0x24 CMakeFiles/minux.dir/Users/ab25cq/pico-sdk/src/rp2_common/hardware_irq/irq.c.o
                0x100013c4                irq_set_mask_n_enabled
 .text.irq_set_pending
                0x100013e8       0x24 CMakeFiles/minux.dir/Users/ab25cq/pico-sdk/src/rp2_common/hardware_irq/irq.c.o
                0x100013e8                irq_set_pending
 .text.is_shared_irq_raw_handler
                0x1000140c       0x20 CMakeFiles/minux.dir/Users/ab25cq/pico-sdk/src/rp2_common/hardware_irq/irq.c.o
 .text.irq_has_shared_handler
                0x1000142c       0x40 CMakeFiles/minux.dir/Users/ab25cq/pico-sdk/src/rp2_common/hardware_irq/irq.c.o
                0x1000142c                irq_has_shared_handler
 .text.irq_get_vtable_handler
                0x1000146c       0x24 CMakeFiles/minux.dir/Users/ab25cq/pico-sdk/src/rp2_common/hardware_irq/irq.c.o
                0x1000146c                irq_get_vtable_handler
 .text.irq_set_exclusive_handler
                0x10001490       0xa0 CMakeFiles/minux.dir/Users/ab25cq/pico-sdk/src/rp2_common/hardware_irq/irq.c.o
                0x10001490                irq_set_exclusive_handler
 .text.make_j_16
                0x10001530       0x38 CMakeFiles/minux.dir/Users/ab25cq/pico-sdk/src/rp2_common/hardware_irq/irq.c.o
 .text.insert_bl_32
                0x10001568       0x50 CMakeFiles/minux.dir/Users/ab25cq/pico-sdk/src/rp2_common/hardware_irq/irq.c.o
 .text.resolve_j_16
                0x100015b8       0x30 CMakeFiles/minux.dir/Users/ab25cq/pico-sdk/src/rp2_common/hardware_irq/irq.c.o
 .text.slot_diff
                0x100015e8       0x2c CMakeFiles/minux.dir/Users/ab25cq/pico-sdk/src/rp2_common/hardware_irq/irq.c.o
 .text.get_slot_index
                0x10001614       0x20 CMakeFiles/minux.dir/Users/ab25cq/pico-sdk/src/rp2_common/hardware_irq/irq.c.o
 .text.irq_add_shared_handler
                0x10001634      0x298 CMakeFiles/minux.dir/Users/ab25cq/pico-sdk/src/rp2_common/hardware_irq/irq.c.o
                0x10001634                irq_add_shared_handler
 .text.handler_from_slot
                0x100018cc        0xe CMakeFiles/minux.dir/Users/ab25cq/pico-sdk/src/rp2_common/hardware_irq/irq.c.o
 *fill*         0x100018da        0x2 
 .text.irq_remove_handler
                0x100018dc      0x23c CMakeFiles/minux.dir/Users/ab25cq/pico-sdk/src/rp2_common/hardware_irq/irq.c.o
                0x100018dc                irq_remove_handler
 .text.nvic_ipr0
                0x10001b18        0xc CMakeFiles/minux.dir/Users/ab25cq/pico-sdk/src/rp2_common/hardware_irq/irq.c.o
 .text.irq_add_tail_to_free_list
                0x10001b24      0x15c CMakeFiles/minux.dir/Users/ab25cq/pico-sdk/src/rp2_common/hardware_irq/irq.c.o
                0x10001b24                irq_add_tail_to_free_list
 .text.runtime_init_per_core_irq_priorities
                0x10001c80       0x38 CMakeFiles/minux.dir/Users/ab25cq/pico-sdk/src/rp2_common/hardware_irq/irq.c.o
                0x10001c80                runtime_init_per_core_irq_priorities
 .text.user_irq_claim_unused
                0x10001cb8       0x40 CMakeFiles/minux.dir/Users/ab25cq/pico-sdk/src/rp2_common/hardware_irq/irq.c.o
                0x10001cb8                user_irq_claim_unused
 .text.lock_init
                0x10001cf8       0x24 CMakeFiles/minux.dir/Users/ab25cq/pico-sdk/src/common/pico_sync/lock_core.c.o
                0x10001cf8                lock_init
 .text.to_us_since_boot
                0x10001d1c       0x12 CMakeFiles/minux.dir/Users/ab25cq/pico-sdk/src/common/pico_sync/mutex.c.o
 .text.update_us_since_boot
                0x10001d2e       0x18 CMakeFiles/minux.dir/Users/ab25cq/pico-sdk/src/common/pico_sync/mutex.c.o
 .text.get_absolute_time
                0x10001d46       0x20 CMakeFiles/minux.dir/Users/ab25cq/pico-sdk/src/common/pico_sync/mutex.c.o
 *fill*         0x10001d66        0x2 
 .text.delayed_by_ms
                0x10001d68       0x78 CMakeFiles/minux.dir/Users/ab25cq/pico-sdk/src/common/pico_sync/mutex.c.o
 .text.make_timeout_time_ms
                0x10001de0       0x1e CMakeFiles/minux.dir/Users/ab25cq/pico-sdk/src/common/pico_sync/mutex.c.o
 *fill*         0x10001dfe        0x2 
 .text.runtime_init_mutex
                0x10001e00       0x50 CMakeFiles/minux.dir/Users/ab25cq/pico-sdk/src/common/pico_sync/mutex.c.o
                0x10001e00                runtime_init_mutex
 .text.mutex_init
                0x10001e50       0x2a CMakeFiles/minux.dir/Users/ab25cq/pico-sdk/src/common/pico_sync/mutex.c.o
                0x10001e50                mutex_init
 .text.recursive_mutex_init
                0x10001e7a       0x30 CMakeFiles/minux.dir/Users/ab25cq/pico-sdk/src/common/pico_sync/mutex.c.o
                0x10001e7a                recursive_mutex_init
 .text.critical_section_init
                0x10001eaa       0x20 CMakeFiles/minux.dir/Users/ab25cq/pico-sdk/src/common/pico_sync/critical_section.c.o
                0x10001eaa                critical_section_init
 *fill*         0x10001eca        0x2 
 .text.critical_section_init_with_lock_num
                0x10001ecc       0x2c CMakeFiles/minux.dir/Users/ab25cq/pico-sdk/src/common/pico_sync/critical_section.c.o
                0x10001ecc                critical_section_init_with_lock_num
 .text.to_us_since_boot
                0x10001ef8       0x12 CMakeFiles/minux.dir/Users/ab25cq/pico-sdk/src/common/pico_time/time.c.o
 .text.update_us_since_boot
                0x10001f0a       0x18 CMakeFiles/minux.dir/Users/ab25cq/pico-sdk/src/common/pico_time/time.c.o
 .text.check_hardware_alarm_num_param
                0x10001f22        0xa CMakeFiles/minux.dir/Users/ab25cq/pico-sdk/src/common/pico_time/time.c.o
 .text.timer_time_us_32
                0x10001f2c        0xe CMakeFiles/minux.dir/Users/ab25cq/pico-sdk/src/common/pico_time/time.c.o
 .text.timer_time_reached
                0x10001f3a       0x5e CMakeFiles/minux.dir/Users/ab25cq/pico-sdk/src/common/pico_time/time.c.o
 .text.time_reached
                0x10001f98       0x20 CMakeFiles/minux.dir/Users/ab25cq/pico-sdk/src/common/pico_time/time.c.o
 .text.timer_hardware_alarm_get_irq_num
                0x10001fb8       0x18 CMakeFiles/minux.dir/Users/ab25cq/pico-sdk/src/common/pico_time/time.c.o
 .text.timer_get_index
                0x10001fd0        0xc CMakeFiles/minux.dir/Users/ab25cq/pico-sdk/src/common/pico_time/time.c.o
 .text.timer_get_instance
                0x10001fdc       0x10 CMakeFiles/minux.dir/Users/ab25cq/pico-sdk/src/common/pico_time/time.c.o
 .text.get_absolute_time
                0x10001fec       0x20 CMakeFiles/minux.dir/Users/ab25cq/pico-sdk/src/common/pico_time/time.c.o
 .text.delayed_by_us
                0x1000200c       0x60 CMakeFiles/minux.dir/Users/ab25cq/pico-sdk/src/common/pico_time/time.c.o
 .text.make_timeout_time_us
                0x1000206c       0x20 CMakeFiles/minux.dir/Users/ab25cq/pico-sdk/src/common/pico_time/time.c.o
 .text.absolute_time_diff_us
                0x1000208c       0x3c CMakeFiles/minux.dir/Users/ab25cq/pico-sdk/src/common/pico_time/time.c.o
 .text.add_alarm_at
                0x100020c8       0x2e CMakeFiles/minux.dir/Users/ab25cq/pico-sdk/src/common/pico_time/time.c.o
 .text.cancel_alarm
                0x100020f6       0x1e CMakeFiles/minux.dir/Users/ab25cq/pico-sdk/src/common/pico_time/time.c.o
 .text.default_alarm_pool_initialized
                0x10002114       0x14 CMakeFiles/minux.dir/Users/ab25cq/pico-sdk/src/common/pico_time/time.c.o
 .text.ta_force_irq
                0x10002128       0x2e CMakeFiles/minux.dir/Users/ab25cq/pico-sdk/src/common/pico_time/time.c.o
 .text.ta_clear_force_irq
                0x10002156       0x2e CMakeFiles/minux.dir/Users/ab25cq/pico-sdk/src/common/pico_time/time.c.o
 .text.ta_clear_irq
                0x10002184       0x16 CMakeFiles/minux.dir/Users/ab25cq/pico-sdk/src/common/pico_time/time.c.o
 .text.ta_from_current_irq
                0x1000219a       0x32 CMakeFiles/minux.dir/Users/ab25cq/pico-sdk/src/common/pico_time/time.c.o
 .text.ta_set_timeout
                0x100021cc       0x4a CMakeFiles/minux.dir/Users/ab25cq/pico-sdk/src/common/pico_time/time.c.o
 .text.ta_wakes_up_on_or_before
                0x10002216       0x42 CMakeFiles/minux.dir/Users/ab25cq/pico-sdk/src/common/pico_time/time.c.o
 .text.ta_time_us_64
                0x10002258       0x1a CMakeFiles/minux.dir/Users/ab25cq/pico-sdk/src/common/pico_time/time.c.o
 .text.ta_enable_irq_handler
                0x10002272       0x62 CMakeFiles/minux.dir/Users/ab25cq/pico-sdk/src/common/pico_time/time.c.o
 .text.ta_hardware_alarm_claim
                0x100022d4       0x1a CMakeFiles/minux.dir/Users/ab25cq/pico-sdk/src/common/pico_time/time.c.o
 .text.ta_timer_num
                0x100022ee       0x16 CMakeFiles/minux.dir/Users/ab25cq/pico-sdk/src/common/pico_time/time.c.o
 .text.ta_default_timer_instance
                0x10002304        0xc CMakeFiles/minux.dir/Users/ab25cq/pico-sdk/src/common/pico_time/time.c.o
 .text.alarm_index
                0x10002310       0x10 CMakeFiles/minux.dir/Users/ab25cq/pico-sdk/src/common/pico_time/time.c.o
 .text.alarm_sequence
                0x10002320        0xe CMakeFiles/minux.dir/Users/ab25cq/pico-sdk/src/common/pico_time/time.c.o
 .text.make_alarm_id
                0x1000232e       0x1e CMakeFiles/minux.dir/Users/ab25cq/pico-sdk/src/common/pico_time/time.c.o
 .text.runtime_init_default_alarm_pool
                0x1000234c       0x4c CMakeFiles/minux.dir/Users/ab25cq/pico-sdk/src/common/pico_time/time.c.o
                0x1000234c                runtime_init_default_alarm_pool
 .text.alarm_pool_get_default
                0x10002398        0xc CMakeFiles/minux.dir/Users/ab25cq/pico-sdk/src/common/pico_time/time.c.o
                0x10002398                alarm_pool_get_default
 .text.alarm_pool_irq_handler
                0x100023a4      0x4ec CMakeFiles/minux.dir/Users/ab25cq/pico-sdk/src/common/pico_time/time.c.o
 .text.alarm_pool_post_alloc_init
                0x10002890       0xcc CMakeFiles/minux.dir/Users/ab25cq/pico-sdk/src/common/pico_time/time.c.o
 .text.alarm_pool_add_alarm_at
                0x1000295c       0x56 CMakeFiles/minux.dir/Users/ab25cq/pico-sdk/src/common/pico_time/time.c.o
                0x1000295c                alarm_pool_add_alarm_at
 .text.alarm_pool_add_alarm_at_force_in_context
                0x100029b2      0x1b0 CMakeFiles/minux.dir/Users/ab25cq/pico-sdk/src/common/pico_time/time.c.o
                0x100029b2                alarm_pool_add_alarm_at_force_in_context
 *fill*         0x10002b62        0x2 
 .text.alarm_pool_cancel_alarm
                0x10002b64      0x114 CMakeFiles/minux.dir/Users/ab25cq/pico-sdk/src/common/pico_time/time.c.o
                0x10002b64                alarm_pool_cancel_alarm
 .text.alarm_pool_core_num
                0x10002c78        0xe CMakeFiles/minux.dir/Users/ab25cq/pico-sdk/src/common/pico_time/time.c.o
                0x10002c78                alarm_pool_core_num
 *fill*         0x10002c86        0x2 
 .text.sleep_until_callback
                0x10002c88       0x7c CMakeFiles/minux.dir/Users/ab25cq/pico-sdk/src/common/pico_time/time.c.o
 .text.sleep_until
                0x10002d04      0x124 CMakeFiles/minux.dir/Users/ab25cq/pico-sdk/src/common/pico_time/time.c.o
                0x10002d04                sleep_until
 .text.sleep_us
                0x10002e28       0x26 CMakeFiles/minux.dir/Users/ab25cq/pico-sdk/src/common/pico_time/time.c.o
                0x10002e28                sleep_us
 .text.sleep_ms
                0x10002e4e       0x2e CMakeFiles/minux.dir/Users/ab25cq/pico-sdk/src/common/pico_time/time.c.o
                0x10002e4e                sleep_ms
 .text.best_effort_wfe_or_timeout
                0x10002e7c       0xd4 CMakeFiles/minux.dir/Users/ab25cq/pico-sdk/src/common/pico_time/time.c.o
                0x10002e7c                best_effort_wfe_or_timeout
 .text.alarm_pool_add_repeating_timer_us
                0x10002f50       0x84 CMakeFiles/minux.dir/Users/ab25cq/pico-sdk/src/common/pico_time/time.c.o
                0x10002f50                alarm_pool_add_repeating_timer_us
 .text.alarm_pool_get_default_timer
                0x10002fd4        0xc CMakeFiles/minux.dir/Users/ab25cq/pico-sdk/src/common/pico_time/time.c.o
                0x10002fd4                alarm_pool_get_default_timer
 .text.to_us_since_boot
                0x10002fe0       0x12 CMakeFiles/minux.dir/Users/ab25cq/pico-sdk/src/rp2_common/hardware_timer/timer.c.o
 .text.update_us_since_boot
                0x10002ff2       0x18 CMakeFiles/minux.dir/Users/ab25cq/pico-sdk/src/rp2_common/hardware_timer/timer.c.o
 .text.check_hardware_alarm_num_param
                0x1000300a        0xa CMakeFiles/minux.dir/Users/ab25cq/pico-sdk/src/rp2_common/hardware_timer/timer.c.o
 .text.timer_get_index
                0x10003014        0xc CMakeFiles/minux.dir/Users/ab25cq/pico-sdk/src/rp2_common/hardware_timer/timer.c.o
 .text.timer_hardware_alarm_claim
                0x10003020       0x38 CMakeFiles/minux.dir/Users/ab25cq/pico-sdk/src/rp2_common/hardware_timer/timer.c.o
                0x10003020                timer_hardware_alarm_claim
 .text.timer_time_us_64
                0x10003058       0x56 CMakeFiles/minux.dir/Users/ab25cq/pico-sdk/src/rp2_common/hardware_timer/timer.c.o
                0x10003058                timer_time_us_64
 .text.timer_busy_wait_us
                0x100030ae       0x6a CMakeFiles/minux.dir/Users/ab25cq/pico-sdk/src/rp2_common/hardware_timer/timer.c.o
                0x100030ae                timer_busy_wait_us
 .text.timer_busy_wait_until
                0x10003118       0x64 CMakeFiles/minux.dir/Users/ab25cq/pico-sdk/src/rp2_common/hardware_timer/timer.c.o
                0x10003118                timer_busy_wait_until
 .text.time_us_64
                0x1000317c       0x18 CMakeFiles/minux.dir/Users/ab25cq/pico-sdk/src/rp2_common/hardware_timer/timer.c.o
                0x1000317c                time_us_64
 .text.busy_wait_us
                0x10003194       0x20 CMakeFiles/minux.dir/Users/ab25cq/pico-sdk/src/rp2_common/hardware_timer/timer.c.o
                0x10003194                busy_wait_us
 .text.busy_wait_until
                0x100031b4       0x20 CMakeFiles/minux.dir/Users/ab25cq/pico-sdk/src/rp2_common/hardware_timer/timer.c.o
                0x100031b4                busy_wait_until
 .text.reset_block_num
                0x100031d4       0x38 CMakeFiles/minux.dir/Users/ab25cq/pico-sdk/src/rp2_common/hardware_uart/uart.c.o
 .text.unreset_block_num_wait_blocking
                0x1000320c       0x50 CMakeFiles/minux.dir/Users/ab25cq/pico-sdk/src/rp2_common/hardware_uart/uart.c.o
 .text.uart_get_index
                0x1000325c       0x1c CMakeFiles/minux.dir/Users/ab25cq/pico-sdk/src/rp2_common/hardware_uart/uart.c.o
 .text.uart_get_hw
                0x10003278       0x16 CMakeFiles/minux.dir/Users/ab25cq/pico-sdk/src/rp2_common/hardware_uart/uart.c.o
 .text.uart_get_reset_num
                0x1000328e       0x1e CMakeFiles/minux.dir/Users/ab25cq/pico-sdk/src/rp2_common/hardware_uart/uart.c.o
 .text.uart_clock_get_hz
                0x100032ac       0x14 CMakeFiles/minux.dir/Users/ab25cq/pico-sdk/src/rp2_common/hardware_uart/uart.c.o
 .text.uart_reset
                0x100032c0       0x1c CMakeFiles/minux.dir/Users/ab25cq/pico-sdk/src/rp2_common/hardware_uart/uart.c.o
 .text.uart_unreset
                0x100032dc       0x1c CMakeFiles/minux.dir/Users/ab25cq/pico-sdk/src/rp2_common/hardware_uart/uart.c.o
 .text.uart_init
                0x100032f8       0xe0 CMakeFiles/minux.dir/Users/ab25cq/pico-sdk/src/rp2_common/hardware_uart/uart.c.o
                0x100032f8                uart_init
 .text.uart_disable_before_lcr_write
                0x100033d8       0xac CMakeFiles/minux.dir/Users/ab25cq/pico-sdk/src/rp2_common/hardware_uart/uart.c.o
 .text.uart_write_lcr_bits_masked
                0x10003484       0x64 CMakeFiles/minux.dir/Users/ab25cq/pico-sdk/src/rp2_common/hardware_uart/uart.c.o
 .text.uart_set_baudrate
                0x100034e8       0xa8 CMakeFiles/minux.dir/Users/ab25cq/pico-sdk/src/rp2_common/hardware_uart/uart.c.o
                0x100034e8                uart_set_baudrate
 .text.uart_set_translate_crlf
                0x10003590       0x3c CMakeFiles/minux.dir/Users/ab25cq/pico-sdk/src/rp2_common/hardware_uart/uart.c.o
                0x10003590                uart_set_translate_crlf
 .text.busy_wait_at_least_cycles
                0x100035cc       0x12 CMakeFiles/minux.dir/Users/ab25cq/pico-sdk/src/rp2_common/hardware_clocks/clocks.c.o
 .text.has_glitchless_mux
                0x100035de       0x32 CMakeFiles/minux.dir/Users/ab25cq/pico-sdk/src/rp2_common/hardware_clocks/clocks.c.o
 .text.clock_configure_internal
                0x10003610      0x18c CMakeFiles/minux.dir/Users/ab25cq/pico-sdk/src/rp2_common/hardware_clocks/clocks.c.o
 .text.clock_configure_int_divider
                0x1000379c       0x3c CMakeFiles/minux.dir/Users/ab25cq/pico-sdk/src/rp2_common/hardware_clocks/clocks.c.o
                0x1000379c                clock_configure_int_divider
 .text.clock_configure_undivided
                0x100037d8       0x30 CMakeFiles/minux.dir/Users/ab25cq/pico-sdk/src/rp2_common/hardware_clocks/clocks.c.o
                0x100037d8                clock_configure_undivided
 .text.clock_get_hz
                0x10003808       0x20 CMakeFiles/minux.dir/Users/ab25cq/pico-sdk/src/rp2_common/hardware_clocks/clocks.c.o
                0x10003808                clock_get_hz
 .text.clock_set_reported_hz
                0x10003828       0x24 CMakeFiles/minux.dir/Users/ab25cq/pico-sdk/src/rp2_common/hardware_clocks/clocks.c.o
                0x10003828                clock_set_reported_hz
 .text.reset_unreset_block_num_wait_blocking
                0x1000384c       0x78 CMakeFiles/minux.dir/Users/ab25cq/pico-sdk/src/rp2_common/hardware_pll/pll.c.o
 .text.pll_init
                0x100038c4       0xdc CMakeFiles/minux.dir/Users/ab25cq/pico-sdk/src/rp2_common/hardware_pll/pll.c.o
                0x100038c4                pll_init
 .text.watchdog_update
                0x100039a0       0x14 CMakeFiles/minux.dir/Users/ab25cq/pico-sdk/src/rp2_common/hardware_watchdog/watchdog.c.o
                0x100039a0                watchdog_update
 .text._watchdog_enable
                0x100039b4      0x108 CMakeFiles/minux.dir/Users/ab25cq/pico-sdk/src/rp2_common/hardware_watchdog/watchdog.c.o
                0x100039b4                _watchdog_enable
 .text.watchdog_reboot
                0x10003abc       0x74 CMakeFiles/minux.dir/Users/ab25cq/pico-sdk/src/rp2_common/hardware_watchdog/watchdog.c.o
                0x10003abc                watchdog_reboot
 .text.tick_start
                0x10003b30       0x24 CMakeFiles/minux.dir/Users/ab25cq/pico-sdk/src/rp2_common/hardware_ticks/ticks.c.o
                0x10003b30                tick_start
 .text.rom_func_lookup
                0x10003b54       0x40 CMakeFiles/minux.dir/Users/ab25cq/pico-sdk/src/rp2_common/pico_bootrom/bootrom.c.o
                0x10003b54                rom_func_lookup
 .text.rom_data_lookup
                0x10003b94       0x38 CMakeFiles/minux.dir/Users/ab25cq/pico-sdk/src/rp2_common/pico_bootrom/bootrom.c.o
                0x10003b94                rom_data_lookup
 .text.rom_funcs_lookup
                0x10003bcc       0x64 CMakeFiles/minux.dir/Users/ab25cq/pico-sdk/src/rp2_common/pico_bootrom/bootrom.c.o
                0x10003bcc                rom_funcs_lookup
 .text.rom_reset_usb_boot_extra
                0x10003c30       0x38 CMakeFiles/minux.dir/Users/ab25cq/pico-sdk/src/rp2_common/pico_bootrom/bootrom.c.o
                0x10003c30                rom_reset_usb_boot_extra
 .text.xosc_init
                0x10003c68       0x44 CMakeFiles/minux.dir/Users/ab25cq/pico-sdk/src/rp2_common/hardware_xosc/xosc.c.o
                0x10003c68                xosc_init
 .text.hard_assertion_failure
                0x10003cac       0x10 CMakeFiles/minux.dir/Users/ab25cq/pico-sdk/src/rp2_common/pico_runtime/runtime.c.o
                0x10003cac                hard_assertion_failure
 .text.runtime_run_initializers_from
                0x10003cbc       0x30 CMakeFiles/minux.dir/Users/ab25cq/pico-sdk/src/rp2_common/pico_runtime/runtime.c.o
 .text.runtime_run_initializers
                0x10003cec       0x14 CMakeFiles/minux.dir/Users/ab25cq/pico-sdk/src/rp2_common/pico_runtime/runtime.c.o
                0x10003cec                runtime_run_initializers
 .text.first_per_core_initializer
                0x10003d00        0x4 CMakeFiles/minux.dir/Users/ab25cq/pico-sdk/src/rp2_common/pico_runtime/runtime.c.o
 .text.runtime_init_early_resets
                0x10003d04       0x7c CMakeFiles/minux.dir/Users/ab25cq/pico-sdk/src/rp2_common/pico_runtime_init/runtime_init.c.o
                0x10003d04                runtime_init_early_resets
 .text.runtime_init_usb_power_down
                0x10003d80       0x34 CMakeFiles/minux.dir/Users/ab25cq/pico-sdk/src/rp2_common/pico_runtime_init/runtime_init.c.o
                0x10003d80                runtime_init_usb_power_down
 .text.runtime_init_post_clock_resets
                0x10003db4       0x50 CMakeFiles/minux.dir/Users/ab25cq/pico-sdk/src/rp2_common/pico_runtime_init/runtime_init.c.o
                0x10003db4                runtime_init_post_clock_resets
 .text.runtime_init_rp2040_gpio_ie_disable
                0x10003e04       0x24 CMakeFiles/minux.dir/Users/ab25cq/pico-sdk/src/rp2_common/pico_runtime_init/runtime_init.c.o
                0x10003e04                runtime_init_rp2040_gpio_ie_disable
 .text.runtime_init_spin_locks_reset
                0x10003e28        0xa CMakeFiles/minux.dir/Users/ab25cq/pico-sdk/src/rp2_common/pico_runtime_init/runtime_init.c.o
                0x10003e28                runtime_init_spin_locks_reset
 *fill*         0x10003e32        0x2 
 .text.runtime_init_install_ram_vector_table
                0x10003e34       0x28 CMakeFiles/minux.dir/Users/ab25cq/pico-sdk/src/rp2_common/pico_runtime_init/runtime_init.c.o
                0x10003e34                runtime_init_install_ram_vector_table
 .text.running_on_fpga
                0x10003e5c        0x6 CMakeFiles/minux.dir/Users/ab25cq/pico-sdk/src/rp2_common/pico_runtime_init/runtime_init_clocks.c.o
 *fill*         0x10003e62        0x2 
 .text.start_all_ticks
                0x10003e64       0x44 CMakeFiles/minux.dir/Users/ab25cq/pico-sdk/src/rp2_common/pico_runtime_init/runtime_init_clocks.c.o
 .text.runtime_init_clocks
                0x10003ea8      0x13c CMakeFiles/minux.dir/Users/ab25cq/pico-sdk/src/rp2_common/pico_runtime_init/runtime_init_clocks.c.o
                0x10003ea8                runtime_init_clocks
 .text          0x10003fe4       0x10 CMakeFiles/minux.dir/Users/ab25cq/pico-sdk/src/rp2_common/pico_bit_ops/bit_ops_aeabi.S.o
 .text.__wrap___aeabi_idiv
                0x10003ff4       0x50 CMakeFiles/minux.dir/Users/ab25cq/pico-sdk/src/rp2_common/pico_divider/divider_hardware.S.o
                0x10003ff4                __wrap___aeabi_idivmod
                0x10003ff4                divmod_s32s32
                0x10003ff4                div_s32s32
                0x10003ff4                __wrap___aeabi_idiv
                0x10003ffc                divmod_s32s32_unsafe
                0x10004028                divmod_s32s32_savestate
 .text.__wrap___aeabi_uidiv
                0x10004044       0x4c CMakeFiles/minux.dir/Users/ab25cq/pico-sdk/src/rp2_common/pico_divider/divider_hardware.S.o
                0x10004044                __wrap___aeabi_uidiv
                0x10004044                __wrap___aeabi_uidivmod
                0x10004044                div_u32u32
                0x10004044                divmod_u32u32
                0x1000404c                divmod_u32u32_unsafe
                0x10004074                divmod_u32u32_savestate
 .text.rp2040_rom_version
                0x10004090        0x8 CMakeFiles/minux.dir/Users/ab25cq/pico-sdk/src/rp2_common/pico_double/double_init_rom_rp2040.c.o
 .text.rom_table_code
                0x10004098       0x28 CMakeFiles/minux.dir/Users/ab25cq/pico-sdk/src/rp2_common/pico_double/double_init_rom_rp2040.c.o
 .text.__aeabi_double_init
                0x100040c0       0x98 CMakeFiles/minux.dir/Users/ab25cq/pico-sdk/src/rp2_common/pico_double/double_init_rom_rp2040.c.o
                0x100040c0                __aeabi_double_init
 .text.double_table_shim_on_use_helper
                0x10004158       0x2c CMakeFiles/minux.dir/Users/ab25cq/pico-sdk/src/rp2_common/pico_double/double_v1_rom_shim_rp2040.S.o
                0x10004158                double_table_shim_on_use_helper
 .text.__aeabi_lmul
                0x10004184       0x32 CMakeFiles/minux.dir/Users/ab25cq/pico-sdk/src/rp2_common/pico_int64_ops/pico_int64_ops_aeabi.S.o
                0x10004184                __wrap___aeabi_lmul
 .text.rp2040_rom_version
                0x100041b6        0x8 CMakeFiles/minux.dir/Users/ab25cq/pico-sdk/src/rp2_common/pico_float/float_init_rom_rp2040.c.o
 .text.rom_table_code
                0x100041be       0x28 CMakeFiles/minux.dir/Users/ab25cq/pico-sdk/src/rp2_common/pico_float/float_init_rom_rp2040.c.o
 *fill*         0x100041e6        0x2 
 .text.__aeabi_float_init
                0x100041e8       0x94 CMakeFiles/minux.dir/Users/ab25cq/pico-sdk/src/rp2_common/pico_float/float_init_rom_rp2040.c.o
                0x100041e8                __aeabi_float_init
 .text.float_table_shim_on_use_helper
                0x1000427c       0x2c CMakeFiles/minux.dir/Users/ab25cq/pico-sdk/src/rp2_common/pico_float/float_v1_rom_shim_rp2040.S.o
                0x1000427c                float_table_shim_on_use_helper
 .text.check_alloc
                0x100042a8       0x30 CMakeFiles/minux.dir/Users/ab25cq/pico-sdk/src/rp2_common/pico_malloc/malloc.c.o
 .text.__wrap_calloc
                0x100042d8       0x30 CMakeFiles/minux.dir/Users/ab25cq/pico-sdk/src/rp2_common/pico_malloc/malloc.c.o
                0x100042d8                __wrap_calloc
 .text.__wrap_free
                0x10004308       0x14 CMakeFiles/minux.dir/Users/ab25cq/pico-sdk/src/rp2_common/pico_malloc/malloc.c.o
                0x10004308                __wrap_free
 .text          0x1000431c       0x10 CMakeFiles/minux.dir/Users/ab25cq/pico-sdk/src/rp2_common/pico_mem_ops/mem_ops_aeabi.S.o
                0x1000431c                __aeabi_mem_init
 .text.memset   0x1000432c        0xc CMakeFiles/minux.dir/Users/ab25cq/pico-sdk/src/rp2_common/pico_mem_ops/mem_ops_aeabi.S.o
                0x1000432c                __wrap_memset
 .text.memcpy   0x10004338        0xc CMakeFiles/minux.dir/Users/ab25cq/pico-sdk/src/rp2_common/pico_mem_ops/mem_ops_aeabi.S.o
                0x10004338                __wrap___aeabi_memcpy
                0x10004338                __wrap_memcpy
 .text._putchar
                0x10004344       0x1e CMakeFiles/minux.dir/Users/ab25cq/pico-sdk/src/rp2_common/pico_printf/printf.c.o
 .text._out_char
                0x10004362       0x2e CMakeFiles/minux.dir/Users/ab25cq/pico-sdk/src/rp2_common/pico_printf/printf.c.o
 .text.weak_raw_vprintf
                0x10004390       0x44 CMakeFiles/minux.dir/Users/ab25cq/pico-sdk/src/rp2_common/pico_printf/printf.c.o
                0x10004390                weak_raw_vprintf
 .text._exit    0x100043d4        0xa CMakeFiles/minux.dir/Users/ab25cq/pico-sdk/src/rp2_common/pico_clib_interface/newlib_interface.c.o
                0x100043d4                _exit
 *fill*         0x100043de        0x2 
 .text._sbrk    0x100043e0       0x54 CMakeFiles/minux.dir/Users/ab25cq/pico-sdk/src/rp2_common/pico_clib_interface/newlib_interface.c.o
                0x100043e0                _sbrk
 .text.exit     0x10004434        0xe CMakeFiles/minux.dir/Users/ab25cq/pico-sdk/src/rp2_common/pico_clib_interface/newlib_interface.c.o
                0x10004434                exit
 *fill*         0x10004442        0x2 
 .text.runtime_init
                0x10004444       0x34 CMakeFiles/minux.dir/Users/ab25cq/pico-sdk/src/rp2_common/pico_clib_interface/newlib_interface.c.o
                0x10004444                runtime_init
 .text.to_us_since_boot
                0x10004478       0x12 CMakeFiles/minux.dir/Users/ab25cq/pico-sdk/src/rp2_common/pico_stdio/stdio.c.o
 .text.update_us_since_boot
                0x1000448a       0x18 CMakeFiles/minux.dir/Users/ab25cq/pico-sdk/src/rp2_common/pico_stdio/stdio.c.o
 .text.get_absolute_time
                0x100044a2       0x20 CMakeFiles/minux.dir/Users/ab25cq/pico-sdk/src/rp2_common/pico_stdio/stdio.c.o
 *fill*         0x100044c2        0x2 
 .text.delayed_by_ms
                0x100044c4       0x78 CMakeFiles/minux.dir/Users/ab25cq/pico-sdk/src/rp2_common/pico_stdio/stdio.c.o
 .text.make_timeout_time_ms
                0x1000453c       0x1e CMakeFiles/minux.dir/Users/ab25cq/pico-sdk/src/rp2_common/pico_stdio/stdio.c.o
 *fill*         0x1000455a        0x2 
 .text.stdout_serialize_begin
                0x1000455c       0x24 CMakeFiles/minux.dir/Users/ab25cq/pico-sdk/src/rp2_common/pico_stdio/stdio.c.o
                0x1000455c                stdout_serialize_begin
 .text.stdout_serialize_end
                0x10004580       0x14 CMakeFiles/minux.dir/Users/ab25cq/pico-sdk/src/rp2_common/pico_stdio/stdio.c.o
                0x10004580                stdout_serialize_end
 .text.stdio_out_chars_no_crlf
                0x10004594       0x1c CMakeFiles/minux.dir/Users/ab25cq/pico-sdk/src/rp2_common/pico_stdio/stdio.c.o
 .text.stdio_out_chars_crlf
                0x100045b0       0xec CMakeFiles/minux.dir/Users/ab25cq/pico-sdk/src/rp2_common/pico_stdio/stdio.c.o
 .text.stdio_put_string
                0x1000469c       0xcc CMakeFiles/minux.dir/Users/ab25cq/pico-sdk/src/rp2_common/pico_stdio/stdio.c.o
                0x1000469c                stdio_put_string
 .text.stdio_set_driver_enabled
                0x10004768       0x68 CMakeFiles/minux.dir/Users/ab25cq/pico-sdk/src/rp2_common/pico_stdio/stdio.c.o
                0x10004768                stdio_set_driver_enabled
 .text.stdio_flush
                0x100047d0       0x34 CMakeFiles/minux.dir/Users/ab25cq/pico-sdk/src/rp2_common/pico_stdio/stdio.c.o
                0x100047d0                stdio_flush
 .text.stdio_init_all
                0x10004804       0x42 CMakeFiles/minux.dir/Users/ab25cq/pico-sdk/src/rp2_common/pico_stdio/stdio.c.o
                0x10004804                stdio_init_all
 .text.__wrap_putchar
                0x10004846       0x26 CMakeFiles/minux.dir/Users/ab25cq/pico-sdk/src/rp2_common/pico_stdio/stdio.c.o
                0x10004846                stdio_putchar
                0x10004846                __wrap_putchar
 .text.__wrap_puts
                0x1000486c       0x2a CMakeFiles/minux.dir/Users/ab25cq/pico-sdk/src/rp2_common/pico_stdio/stdio.c.o
                0x1000486c                __wrap_puts
                0x1000486c                stdio_puts
 *fill*         0x10004896        0x2 
 .text.uart_get_index
                0x10004898       0x1c CMakeFiles/minux.dir/Users/ab25cq/pico-sdk/src/rp2_common/pico_stdio_uart/stdio_uart.c.o
 .text.uart_get_hw
                0x100048b4       0x16 CMakeFiles/minux.dir/Users/ab25cq/pico-sdk/src/rp2_common/pico_stdio_uart/stdio_uart.c.o
 .text.uart_set_irqs_enabled
                0x100048ca       0xec CMakeFiles/minux.dir/Users/ab25cq/pico-sdk/src/rp2_common/pico_stdio_uart/stdio_uart.c.o
 .text.uart_is_writable
                0x100049b6       0x22 CMakeFiles/minux.dir/Users/ab25cq/pico-sdk/src/rp2_common/pico_stdio_uart/stdio_uart.c.o
 .text.uart_tx_wait_blocking
                0x100049d8       0x24 CMakeFiles/minux.dir/Users/ab25cq/pico-sdk/src/rp2_common/pico_stdio_uart/stdio_uart.c.o
 .text.uart_is_readable
                0x100049fc       0x22 CMakeFiles/minux.dir/Users/ab25cq/pico-sdk/src/rp2_common/pico_stdio_uart/stdio_uart.c.o
 .text.uart_write_blocking
                0x10004a1e       0x54 CMakeFiles/minux.dir/Users/ab25cq/pico-sdk/src/rp2_common/pico_stdio_uart/stdio_uart.c.o
 .text.uart_read_blocking
                0x10004a72       0x54 CMakeFiles/minux.dir/Users/ab25cq/pico-sdk/src/rp2_common/pico_stdio_uart/stdio_uart.c.o
 .text.uart_putc_raw
                0x10004ac6       0x22 CMakeFiles/minux.dir/Users/ab25cq/pico-sdk/src/rp2_common/pico_stdio_uart/stdio_uart.c.o
 .text.uart_putc
                0x10004ae8       0x50 CMakeFiles/minux.dir/Users/ab25cq/pico-sdk/src/rp2_common/pico_stdio_uart/stdio_uart.c.o
 .text.uart_getc
                0x10004b38       0x20 CMakeFiles/minux.dir/Users/ab25cq/pico-sdk/src/rp2_common/pico_stdio_uart/stdio_uart.c.o
 .text.stdio_uart_init
                0x10004b58       0x48 CMakeFiles/minux.dir/Users/ab25cq/pico-sdk/src/rp2_common/pico_stdio_uart/stdio_uart.c.o
                0x10004b58                stdio_uart_init
 .text.stdio_uart_init_full
                0x10004ba0       0x58 CMakeFiles/minux.dir/Users/ab25cq/pico-sdk/src/rp2_common/pico_stdio_uart/stdio_uart.c.o
                0x10004ba0                stdio_uart_init_full
 .text.stdio_uart_out_chars
                0x10004bf8       0x3c CMakeFiles/minux.dir/Users/ab25cq/pico-sdk/src/rp2_common/pico_stdio_uart/stdio_uart.c.o
 .text.stdio_uart_in_chars
                0x10004c34       0x70 CMakeFiles/minux.dir/Users/ab25cq/pico-sdk/src/rp2_common/pico_stdio_uart/stdio_uart.c.o
                0x10004c34                stdio_uart_in_chars
 .text.on_uart_rx
                0x10004ca4       0x34 CMakeFiles/minux.dir/Users/ab25cq/pico-sdk/src/rp2_common/pico_stdio_uart/stdio_uart.c.o
 .text.stdio_uart_set_chars_available_callback
                0x10004cd8       0xb4 CMakeFiles/minux.dir/Users/ab25cq/pico-sdk/src/rp2_common/pico_stdio_uart/stdio_uart.c.o
 .text.stdio_uart_out_flush
                0x10004d8c       0x14 CMakeFiles/minux.dir/Users/ab25cq/pico-sdk/src/rp2_common/pico_stdio_uart/stdio_uart.c.o
 .text.tud_descriptor_bos_cb
                0x10004da0        0xc CMakeFiles/minux.dir/Users/ab25cq/pico-sdk/src/rp2_common/pico_stdio_usb/reset_interface.c.o
                0x10004da0                tud_descriptor_bos_cb
 .text.tud_vendor_control_xfer_cb
                0x10004dac       0x5c CMakeFiles/minux.dir/Users/ab25cq/pico-sdk/src/rp2_common/pico_stdio_usb/reset_interface.c.o
                0x10004dac                tud_vendor_control_xfer_cb
 .text.resetd_init
                0x10004e08        0x4 CMakeFiles/minux.dir/Users/ab25cq/pico-sdk/src/rp2_common/pico_stdio_usb/reset_interface.c.o
 .text.resetd_reset
                0x10004e0c       0x1c CMakeFiles/minux.dir/Users/ab25cq/pico-sdk/src/rp2_common/pico_stdio_usb/reset_interface.c.o
 .text.resetd_open
                0x10004e28       0x64 CMakeFiles/minux.dir/Users/ab25cq/pico-sdk/src/rp2_common/pico_stdio_usb/reset_interface.c.o
 .text.resetd_control_xfer_cb
                0x10004e8c       0xd8 CMakeFiles/minux.dir/Users/ab25cq/pico-sdk/src/rp2_common/pico_stdio_usb/reset_interface.c.o
 .text.resetd_xfer_cb
                0x10004f64       0x2c CMakeFiles/minux.dir/Users/ab25cq/pico-sdk/src/rp2_common/pico_stdio_usb/reset_interface.c.o
 .text.usbd_app_driver_get_cb
                0x10004f90       0x18 CMakeFiles/minux.dir/Users/ab25cq/pico-sdk/src/rp2_common/pico_stdio_usb/reset_interface.c.o
                0x10004f90                usbd_app_driver_get_cb
 .text.tud_cdc_line_coding_cb
                0x10004fa8       0x52 CMakeFiles/minux.dir/Users/ab25cq/pico-sdk/src/rp2_common/pico_stdio_usb/reset_interface.c.o
                0x10004fa8                tud_cdc_line_coding_cb
 .text.to_us_since_boot
                0x10004ffa       0x12 CMakeFiles/minux.dir/Users/ab25cq/pico-sdk/src/rp2_common/pico_stdio_usb/stdio_usb.c.o
 .text.update_us_since_boot
                0x1000500c       0x18 CMakeFiles/minux.dir/Users/ab25cq/pico-sdk/src/rp2_common/pico_stdio_usb/stdio_usb.c.o
 .text.get_absolute_time
                0x10005024       0x20 CMakeFiles/minux.dir/Users/ab25cq/pico-sdk/src/rp2_common/pico_stdio_usb/stdio_usb.c.o
 .text.delayed_by_us
                0x10005044       0x60 CMakeFiles/minux.dir/Users/ab25cq/pico-sdk/src/rp2_common/pico_stdio_usb/stdio_usb.c.o
 .text.delayed_by_ms
                0x100050a4       0x78 CMakeFiles/minux.dir/Users/ab25cq/pico-sdk/src/rp2_common/pico_stdio_usb/stdio_usb.c.o
 .text.make_timeout_time_ms
                0x1000511c       0x1e CMakeFiles/minux.dir/Users/ab25cq/pico-sdk/src/rp2_common/pico_stdio_usb/stdio_usb.c.o
 .text.alarm_pool_add_alarm_in_us
                0x1000513a       0x36 CMakeFiles/minux.dir/Users/ab25cq/pico-sdk/src/rp2_common/pico_stdio_usb/stdio_usb.c.o
 .text.add_alarm_in_us
                0x10005170       0x2e CMakeFiles/minux.dir/Users/ab25cq/pico-sdk/src/rp2_common/pico_stdio_usb/stdio_usb.c.o
 .text.mutex_is_initialized
                0x1000519e       0x14 CMakeFiles/minux.dir/Users/ab25cq/pico-sdk/src/rp2_common/pico_stdio_usb/stdio_usb.c.o
 .text.critical_section_enter_blocking
                0x100051b2       0x42 CMakeFiles/minux.dir/Users/ab25cq/pico-sdk/src/rp2_common/pico_stdio_usb/stdio_usb.c.o
 .text.critical_section_exit
                0x100051f4       0x38 CMakeFiles/minux.dir/Users/ab25cq/pico-sdk/src/rp2_common/pico_stdio_usb/stdio_usb.c.o
 .text.critical_section_is_initialized
                0x1000522c       0x14 CMakeFiles/minux.dir/Users/ab25cq/pico-sdk/src/rp2_common/pico_stdio_usb/stdio_usb.c.o
 .text.timer_task
                0x10005240       0x74 CMakeFiles/minux.dir/Users/ab25cq/pico-sdk/src/rp2_common/pico_stdio_usb/stdio_usb.c.o
 .text.low_priority_worker_irq
                0x100052b4       0xcc CMakeFiles/minux.dir/Users/ab25cq/pico-sdk/src/rp2_common/pico_stdio_usb/stdio_usb.c.o
 .text.usb_irq  0x10005380       0x14 CMakeFiles/minux.dir/Users/ab25cq/pico-sdk/src/rp2_common/pico_stdio_usb/stdio_usb.c.o
 .text.stdio_usb_out_chars
                0x10005394      0x124 CMakeFiles/minux.dir/Users/ab25cq/pico-sdk/src/rp2_common/pico_stdio_usb/stdio_usb.c.o
 .text.stdio_usb_out_flush
                0x100054b8       0x50 CMakeFiles/minux.dir/Users/ab25cq/pico-sdk/src/rp2_common/pico_stdio_usb/stdio_usb.c.o
 .text.stdio_usb_in_chars
                0x10005508       0xa8 CMakeFiles/minux.dir/Users/ab25cq/pico-sdk/src/rp2_common/pico_stdio_usb/stdio_usb.c.o
                0x10005508                stdio_usb_in_chars
 .text.stdio_usb_set_chars_available_callback
                0x100055b0       0x20 CMakeFiles/minux.dir/Users/ab25cq/pico-sdk/src/rp2_common/pico_stdio_usb/stdio_usb.c.o
                0x100055b0                stdio_usb_set_chars_available_callback
 .text.stdio_usb_init
                0x100055d0      0x110 CMakeFiles/minux.dir/Users/ab25cq/pico-sdk/src/rp2_common/pico_stdio_usb/stdio_usb.c.o
                0x100055d0                stdio_usb_init
 .text.stdio_usb_connected
                0x100056e0        0xe CMakeFiles/minux.dir/Users/ab25cq/pico-sdk/src/rp2_common/pico_stdio_usb/stdio_usb.c.o
                0x100056e0                stdio_usb_connected
 *fill*         0x100056ee        0x2 
 .text.tud_descriptor_device_cb
                0x100056f0        0xc CMakeFiles/minux.dir/Users/ab25cq/pico-sdk/src/rp2_common/pico_stdio_usb/stdio_usb_descriptors.c.o
                0x100056f0                tud_descriptor_device_cb
 .text.tud_descriptor_configuration_cb
                0x100056fc       0x18 CMakeFiles/minux.dir/Users/ab25cq/pico-sdk/src/rp2_common/pico_stdio_usb/stdio_usb_descriptors.c.o
                0x100056fc                tud_descriptor_configuration_cb
 .text.tud_descriptor_string_cb
                0x10005714       0xe0 CMakeFiles/minux.dir/Users/ab25cq/pico-sdk/src/rp2_common/pico_stdio_usb/stdio_usb_descriptors.c.o
                0x10005714                tud_descriptor_string_cb
 .text._retrieve_unique_id_on_boot
                0x100057f4       0x14 CMakeFiles/minux.dir/Users/ab25cq/pico-sdk/src/rp2_common/pico_unique_id/unique_id.c.o
 .text.pico_get_unique_board_id_string
                0x10005808       0x74 CMakeFiles/minux.dir/Users/ab25cq/pico-sdk/src/rp2_common/pico_unique_id/unique_id.c.o
                0x10005808                pico_get_unique_board_id_string
 .text.xip_cache_clean_all
                0x1000587c        0x4 CMakeFiles/minux.dir/Users/ab25cq/pico-sdk/src/rp2_common/hardware_flash/flash.c.o
 .text.flash_get_unique_id
                0x10005880       0x5e CMakeFiles/minux.dir/Users/ab25cq/pico-sdk/src/rp2_common/hardware_flash/flash.c.o
                0x10005880                flash_get_unique_id
 .text.hard_assert
                0x100058de       0x20 CMakeFiles/minux.dir/Users/ab25cq/pico-sdk/lib/tinyusb/src/portable/raspberrypi/rp2040/dcd_rp2040.c.o
 .text.timer_time_us_32
                0x100058fe        0xe CMakeFiles/minux.dir/Users/ab25cq/pico-sdk/lib/tinyusb/src/portable/raspberrypi/rp2040/dcd_rp2040.c.o
 .text.time_us_32
                0x1000590c       0x14 CMakeFiles/minux.dir/Users/ab25cq/pico-sdk/lib/tinyusb/src/portable/raspberrypi/rp2040/dcd_rp2040.c.o
 .text.hw_data_offset
                0x10005920       0x14 CMakeFiles/minux.dir/Users/ab25cq/pico-sdk/lib/tinyusb/src/portable/raspberrypi/rp2040/dcd_rp2040.c.o
 .text._hw_endpoint_alloc
                0x10005934       0xa4 CMakeFiles/minux.dir/Users/ab25cq/pico-sdk/lib/tinyusb/src/portable/raspberrypi/rp2040/dcd_rp2040.c.o
 .text.hw_endpoint_init
                0x100059d8      0x1a4 CMakeFiles/minux.dir/Users/ab25cq/pico-sdk/lib/tinyusb/src/portable/raspberrypi/rp2040/dcd_rp2040.c.o
 .text.hw_endpoint_xfer
                0x10005b7c       0xa4 CMakeFiles/minux.dir/Users/ab25cq/pico-sdk/lib/tinyusb/src/portable/raspberrypi/rp2040/dcd_rp2040.c.o
 .text.dcd_init
                0x10005c20       0x80 CMakeFiles/minux.dir/Users/ab25cq/pico-sdk/lib/tinyusb/src/portable/raspberrypi/rp2040/dcd_rp2040.c.o
                0x10005c20                dcd_init
 .text.dcd_int_enable
                0x10005ca0       0x1a CMakeFiles/minux.dir/Users/ab25cq/pico-sdk/lib/tinyusb/src/portable/raspberrypi/rp2040/dcd_rp2040.c.o
                0x10005ca0                dcd_int_enable
 .text.dcd_set_address
                0x10005cba       0x24 CMakeFiles/minux.dir/Users/ab25cq/pico-sdk/lib/tinyusb/src/portable/raspberrypi/rp2040/dcd_rp2040.c.o
                0x10005cba                dcd_set_address
 *fill*         0x10005cde        0x2 
 .text.dcd_connect
                0x10005ce0       0x1c CMakeFiles/minux.dir/Users/ab25cq/pico-sdk/lib/tinyusb/src/portable/raspberrypi/rp2040/dcd_rp2040.c.o
                0x10005ce0                dcd_connect
 .text.dcd_sof_enable
                0x10005cfc       0x40 CMakeFiles/minux.dir/Users/ab25cq/pico-sdk/lib/tinyusb/src/portable/raspberrypi/rp2040/dcd_rp2040.c.o
                0x10005cfc                dcd_sof_enable
 .text.dcd_edpt0_status_complete
                0x10005d3c       0x4c CMakeFiles/minux.dir/Users/ab25cq/pico-sdk/lib/tinyusb/src/portable/raspberrypi/rp2040/dcd_rp2040.c.o
                0x10005d3c                dcd_edpt0_status_complete
 .text.dcd_edpt_open
                0x10005d88       0x40 CMakeFiles/minux.dir/Users/ab25cq/pico-sdk/lib/tinyusb/src/portable/raspberrypi/rp2040/dcd_rp2040.c.o
                0x10005d88                dcd_edpt_open
 .text.dcd_edpt_close_all
                0x10005dc8       0x16 CMakeFiles/minux.dir/Users/ab25cq/pico-sdk/lib/tinyusb/src/portable/raspberrypi/rp2040/dcd_rp2040.c.o
                0x10005dc8                dcd_edpt_close_all
 .text.dcd_edpt_xfer
                0x10005dde       0x3c CMakeFiles/minux.dir/Users/ab25cq/pico-sdk/lib/tinyusb/src/portable/raspberrypi/rp2040/dcd_rp2040.c.o
                0x10005dde                dcd_edpt_xfer
 *fill*         0x10005e1a        0x2 
 .text.dcd_edpt_stall
                0x10005e1c       0xf0 CMakeFiles/minux.dir/Users/ab25cq/pico-sdk/lib/tinyusb/src/portable/raspberrypi/rp2040/dcd_rp2040.c.o
                0x10005e1c                dcd_edpt_stall
 .text.dcd_edpt_clear_stall
                0x10005f0c       0xd0 CMakeFiles/minux.dir/Users/ab25cq/pico-sdk/lib/tinyusb/src/portable/raspberrypi/rp2040/dcd_rp2040.c.o
                0x10005f0c                dcd_edpt_clear_stall
 .text.busy_wait_at_least_cycles
                0x10005fdc       0x12 CMakeFiles/minux.dir/Users/ab25cq/pico-sdk/lib/tinyusb/src/portable/raspberrypi/rp2040/rp2040_usb.c.o
 .text.timer_time_us_32
                0x10005fee        0xe CMakeFiles/minux.dir/Users/ab25cq/pico-sdk/lib/tinyusb/src/portable/raspberrypi/rp2040/rp2040_usb.c.o
 .text.time_us_32
                0x10005ffc       0x14 CMakeFiles/minux.dir/Users/ab25cq/pico-sdk/lib/tinyusb/src/portable/raspberrypi/rp2040/rp2040_usb.c.o
 .text.unaligned_memcpy
                0x10006010       0x34 CMakeFiles/minux.dir/Users/ab25cq/pico-sdk/lib/tinyusb/src/portable/raspberrypi/rp2040/rp2040_usb.c.o
 .text.rp2040_usb_init
                0x10006044       0xa4 CMakeFiles/minux.dir/Users/ab25cq/pico-sdk/lib/tinyusb/src/portable/raspberrypi/rp2040/rp2040_usb.c.o
                0x10006044                rp2040_usb_init
 .text.hw_endpoint_xfer_start
                0x100060e8       0x8c CMakeFiles/minux.dir/Users/ab25cq/pico-sdk/lib/tinyusb/src/portable/raspberrypi/rp2040/rp2040_usb.c.o
                0x100060e8                hw_endpoint_xfer_start
 .text.critical_section_enter_blocking
                0x10006174       0x42 CMakeFiles/minux.dir/Users/ab25cq/pico-sdk/lib/tinyusb/src/device/usbd.c.o
 .text.critical_section_exit
                0x100061b6       0x38 CMakeFiles/minux.dir/Users/ab25cq/pico-sdk/lib/tinyusb/src/device/usbd.c.o
 .text.tud_event_hook_cb
                0x100061ee       0x1c CMakeFiles/minux.dir/Users/ab25cq/pico-sdk/lib/tinyusb/src/device/usbd.c.o
                0x100061ee                tud_event_hook_cb
 .text.tud_sof_cb
                0x1000620a        0xa CMakeFiles/minux.dir/Users/ab25cq/pico-sdk/lib/tinyusb/src/device/usbd.c.o
                0x1000620a                tud_sof_cb
 .text.tud_descriptor_device_qualifier_cb
                0x10006214        0x6 CMakeFiles/minux.dir/Users/ab25cq/pico-sdk/lib/tinyusb/src/device/usbd.c.o
                0x10006214                tud_descriptor_device_qualifier_cb
 .text.tud_descriptor_other_speed_configuration_cb
                0x1000621a       0x12 CMakeFiles/minux.dir/Users/ab25cq/pico-sdk/lib/tinyusb/src/device/usbd.c.o
                0x1000621a                tud_descriptor_other_speed_configuration_cb
 .text.tud_mount_cb
                0x1000622c        0x4 CMakeFiles/minux.dir/Users/ab25cq/pico-sdk/lib/tinyusb/src/device/usbd.c.o
                0x1000622c                tud_mount_cb
 .text.tud_umount_cb
                0x10006230        0x4 CMakeFiles/minux.dir/Users/ab25cq/pico-sdk/lib/tinyusb/src/device/usbd.c.o
                0x10006230                tud_umount_cb
 .text.tud_suspend_cb
                0x10006234       0x10 CMakeFiles/minux.dir/Users/ab25cq/pico-sdk/lib/tinyusb/src/device/usbd.c.o
                0x10006234                tud_suspend_cb
 .text.tud_resume_cb
                0x10006244        0x4 CMakeFiles/minux.dir/Users/ab25cq/pico-sdk/lib/tinyusb/src/device/usbd.c.o
                0x10006244                tud_resume_cb
 .text.tud_mounted
                0x10006248       0x14 CMakeFiles/minux.dir/Users/ab25cq/pico-sdk/lib/tinyusb/src/device/usbd.c.o
                0x10006248                tud_mounted
 .text.tud_suspended
                0x1000625c       0x18 CMakeFiles/minux.dir/Users/ab25cq/pico-sdk/lib/tinyusb/src/device/usbd.c.o
                0x1000625c                tud_suspended
 .text.tud_inited
                0x10006274       0x14 CMakeFiles/minux.dir/Users/ab25cq/pico-sdk/lib/tinyusb/src/device/usbd.c.o
                0x10006274                tud_inited
 .text.tud_init
                0x10006288      0x174 CMakeFiles/minux.dir/Users/ab25cq/pico-sdk/lib/tinyusb/src/device/usbd.c.o
                0x10006288                tud_init
 .text.configuration_reset
                0x100063fc       0xe0 CMakeFiles/minux.dir/Users/ab25cq/pico-sdk/lib/tinyusb/src/device/usbd.c.o
 .text.usbd_reset
                0x100064dc       0x22 CMakeFiles/minux.dir/Users/ab25cq/pico-sdk/lib/tinyusb/src/device/usbd.c.o
 *fill*         0x100064fe        0x2 
 .text.tud_task_ext
                0x10006500      0x328 CMakeFiles/minux.dir/Users/ab25cq/pico-sdk/lib/tinyusb/src/device/usbd.c.o
                0x10006500                tud_task_ext
 .text.invoke_class_control
                0x10006828       0x34 CMakeFiles/minux.dir/Users/ab25cq/pico-sdk/lib/tinyusb/src/device/usbd.c.o
 .text.process_control_request
                0x1000685c      0x638 CMakeFiles/minux.dir/Users/ab25cq/pico-sdk/lib/tinyusb/src/device/usbd.c.o
 .text.process_set_config
                0x10006e94      0x29c CMakeFiles/minux.dir/Users/ab25cq/pico-sdk/lib/tinyusb/src/device/usbd.c.o
 .text.process_get_descriptor
                0x10007130      0x1c8 CMakeFiles/minux.dir/Users/ab25cq/pico-sdk/lib/tinyusb/src/device/usbd.c.o
 .text.usbd_open_edpt_pair
                0x100072f8       0xca CMakeFiles/minux.dir/Users/ab25cq/pico-sdk/lib/tinyusb/src/device/usbd.c.o
                0x100072f8                usbd_open_edpt_pair
 *fill*         0x100073c2        0x2 
 .text.usbd_edpt_open
                0x100073c4       0x78 CMakeFiles/minux.dir/Users/ab25cq/pico-sdk/lib/tinyusb/src/device/usbd.c.o
                0x100073c4                usbd_edpt_open
 .text.usbd_edpt_claim
                0x1000743c       0x88 CMakeFiles/minux.dir/Users/ab25cq/pico-sdk/lib/tinyusb/src/device/usbd.c.o
                0x1000743c                usbd_edpt_claim
 .text.usbd_edpt_release
                0x100074c4       0x88 CMakeFiles/minux.dir/Users/ab25cq/pico-sdk/lib/tinyusb/src/device/usbd.c.o
                0x100074c4                usbd_edpt_release
 .text.usbd_edpt_xfer
                0x1000754c      0x11c CMakeFiles/minux.dir/Users/ab25cq/pico-sdk/lib/tinyusb/src/device/usbd.c.o
                0x1000754c                usbd_edpt_xfer
 .text.usbd_edpt_stall
                0x10007668       0xb8 CMakeFiles/minux.dir/Users/ab25cq/pico-sdk/lib/tinyusb/src/device/usbd.c.o
                0x10007668                usbd_edpt_stall
 .text.usbd_edpt_clear_stall
                0x10007720       0xb8 CMakeFiles/minux.dir/Users/ab25cq/pico-sdk/lib/tinyusb/src/device/usbd.c.o
                0x10007720                usbd_edpt_clear_stall
 .text.usbd_edpt_stalled
                0x100077d8       0x78 CMakeFiles/minux.dir/Users/ab25cq/pico-sdk/lib/tinyusb/src/device/usbd.c.o
                0x100077d8                usbd_edpt_stalled
 .text._status_stage_xact
                0x10007850       0x44 CMakeFiles/minux.dir/Users/ab25cq/pico-sdk/lib/tinyusb/src/device/usbd_control.c.o
 .text.tud_control_status
                0x10007894       0x4c CMakeFiles/minux.dir/Users/ab25cq/pico-sdk/lib/tinyusb/src/device/usbd_control.c.o
                0x10007894                tud_control_status
 .text._data_stage_xact
                0x100078e0       0xd0 CMakeFiles/minux.dir/Users/ab25cq/pico-sdk/lib/tinyusb/src/device/usbd_control.c.o
 .text.tud_control_xfer
                0x100079b0       0xd8 CMakeFiles/minux.dir/Users/ab25cq/pico-sdk/lib/tinyusb/src/device/usbd_control.c.o
                0x100079b0                tud_control_xfer
 .text.usbd_control_reset
                0x10007a88       0x18 CMakeFiles/minux.dir/Users/ab25cq/pico-sdk/lib/tinyusb/src/device/usbd_control.c.o
                0x10007a88                usbd_control_reset
 .text.usbd_control_set_complete_callback
                0x10007aa0       0x14 CMakeFiles/minux.dir/Users/ab25cq/pico-sdk/lib/tinyusb/src/device/usbd_control.c.o
                0x10007aa0                usbd_control_set_complete_callback
 .text.usbd_control_set_request
                0x10007ab4       0x34 CMakeFiles/minux.dir/Users/ab25cq/pico-sdk/lib/tinyusb/src/device/usbd_control.c.o
                0x10007ab4                usbd_control_set_request
 .text.usbd_control_xfer_cb
                0x10007ae8      0x17c CMakeFiles/minux.dir/Users/ab25cq/pico-sdk/lib/tinyusb/src/device/usbd_control.c.o
                0x10007ae8                usbd_control_xfer_cb
 .text._prep_out_transaction
                0x10007c64       0xda CMakeFiles/minux.dir/Users/ab25cq/pico-sdk/lib/tinyusb/src/class/cdc/cdc_device.c.o
 *fill*         0x10007d3e        0x2 
 .text.tud_cdc_n_connected
                0x10007d40       0x88 CMakeFiles/minux.dir/Users/ab25cq/pico-sdk/lib/tinyusb/src/class/cdc/cdc_device.c.o
                0x10007d40                tud_cdc_n_connected
 .text.tud_cdc_n_available
                0x10007dc8       0x34 CMakeFiles/minux.dir/Users/ab25cq/pico-sdk/lib/tinyusb/src/class/cdc/cdc_device.c.o
                0x10007dc8                tud_cdc_n_available
 .text.tud_cdc_n_read
                0x10007dfc       0x60 CMakeFiles/minux.dir/Users/ab25cq/pico-sdk/lib/tinyusb/src/class/cdc/cdc_device.c.o
                0x10007dfc                tud_cdc_n_read
 .text.tud_cdc_n_write
                0x10007e5c       0x7c CMakeFiles/minux.dir/Users/ab25cq/pico-sdk/lib/tinyusb/src/class/cdc/cdc_device.c.o
                0x10007e5c                tud_cdc_n_write
 .text.tud_cdc_n_write_flush
                0x10007ed8      0x10c CMakeFiles/minux.dir/Users/ab25cq/pico-sdk/lib/tinyusb/src/class/cdc/cdc_device.c.o
                0x10007ed8                tud_cdc_n_write_flush
 .text.tud_cdc_n_write_available
                0x10007fe4       0x34 CMakeFiles/minux.dir/Users/ab25cq/pico-sdk/lib/tinyusb/src/class/cdc/cdc_device.c.o
                0x10007fe4                tud_cdc_n_write_available
 .text.cdcd_init
                0x10008018      0x128 CMakeFiles/minux.dir/Users/ab25cq/pico-sdk/lib/tinyusb/src/class/cdc/cdc_device.c.o
                0x10008018                cdcd_init
 .text.cdcd_deinit
                0x10008140       0x9c CMakeFiles/minux.dir/Users/ab25cq/pico-sdk/lib/tinyusb/src/class/cdc/cdc_device.c.o
                0x10008140                cdcd_deinit
 .text.cdcd_reset
                0x100081dc       0x98 CMakeFiles/minux.dir/Users/ab25cq/pico-sdk/lib/tinyusb/src/class/cdc/cdc_device.c.o
                0x100081dc                cdcd_reset
 .text.cdcd_open
                0x10008274      0x1e0 CMakeFiles/minux.dir/Users/ab25cq/pico-sdk/lib/tinyusb/src/class/cdc/cdc_device.c.o
                0x10008274                cdcd_open
 .text.cdcd_control_xfer_cb
                0x10008454      0x258 CMakeFiles/minux.dir/Users/ab25cq/pico-sdk/lib/tinyusb/src/class/cdc/cdc_device.c.o
                0x10008454                cdcd_control_xfer_cb
 .text.cdcd_xfer_cb
                0x100086ac      0x1cc CMakeFiles/minux.dir/Users/ab25cq/pico-sdk/lib/tinyusb/src/class/cdc/cdc_device.c.o
                0x100086ac                cdcd_xfer_cb
 .text.tud_vendor_n_mounted
                0x10008878       0x58 CMakeFiles/minux.dir/Users/ab25cq/pico-sdk/lib/tinyusb/src/class/vendor/vendor_device.c.o
                0x10008878                tud_vendor_n_mounted
 .text.tud_vendor_n_write_flush
                0x100088d0       0x54 CMakeFiles/minux.dir/Users/ab25cq/pico-sdk/lib/tinyusb/src/class/vendor/vendor_device.c.o
                0x100088d0                tud_vendor_n_write_flush
 .text.vendord_init
                0x10008924       0xac CMakeFiles/minux.dir/Users/ab25cq/pico-sdk/lib/tinyusb/src/class/vendor/vendor_device.c.o
                0x10008924                vendord_init
 .text.vendord_deinit
                0x100089d0       0x5c CMakeFiles/minux.dir/Users/ab25cq/pico-sdk/lib/tinyusb/src/class/vendor/vendor_device.c.o
                0x100089d0                vendord_deinit
 .text.vendord_reset
                0x10008a2c       0x7c CMakeFiles/minux.dir/Users/ab25cq/pico-sdk/lib/tinyusb/src/class/vendor/vendor_device.c.o
                0x10008a2c                vendord_reset
 .text.vendord_open
                0x10008aa8      0x26c CMakeFiles/minux.dir/Users/ab25cq/pico-sdk/lib/tinyusb/src/class/vendor/vendor_device.c.o
                0x10008aa8                vendord_open
 .text.vendord_xfer_cb
                0x10008d14      0x15c CMakeFiles/minux.dir/Users/ab25cq/pico-sdk/lib/tinyusb/src/class/vendor/vendor_device.c.o
                0x10008d14                vendord_xfer_cb
 .text.tusb_init
                0x10008e70       0x20 CMakeFiles/minux.dir/Users/ab25cq/pico-sdk/lib/tinyusb/src/tusb.c.o
                0x10008e70                tusb_init
 .text.tu_edpt_claim
                0x10008e90       0x9a CMakeFiles/minux.dir/Users/ab25cq/pico-sdk/lib/tinyusb/src/tusb.c.o
                0x10008e90                tu_edpt_claim
 .text.tu_edpt_release
                0x10008f2a       0x7a CMakeFiles/minux.dir/Users/ab25cq/pico-sdk/lib/tinyusb/src/tusb.c.o
                0x10008f2a                tu_edpt_release
 .text.tu_edpt_validate
                0x10008fa4       0xdc CMakeFiles/minux.dir/Users/ab25cq/pico-sdk/lib/tinyusb/src/tusb.c.o
                0x10008fa4                tu_edpt_validate
 .text.tu_edpt_bind_driver
                0x10009080       0xa2 CMakeFiles/minux.dir/Users/ab25cq/pico-sdk/lib/tinyusb/src/tusb.c.o
                0x10009080                tu_edpt_bind_driver
 .text.tu_edpt_stream_init
                0x10009122       0xca CMakeFiles/minux.dir/Users/ab25cq/pico-sdk/lib/tinyusb/src/tusb.c.o
                0x10009122                tu_edpt_stream_init
 .text.tu_edpt_stream_deinit
                0x100091ec       0x2c CMakeFiles/minux.dir/Users/ab25cq/pico-sdk/lib/tinyusb/src/tusb.c.o
                0x100091ec                tu_edpt_stream_deinit
 .text.tu_edpt_stream_write_zlp_if_needed
                0x10009218      0x102 CMakeFiles/minux.dir/Users/ab25cq/pico-sdk/lib/tinyusb/src/tusb.c.o
                0x10009218                tu_edpt_stream_write_zlp_if_needed
 .text.tu_edpt_stream_write_xfer
                0x1000931a      0x134 CMakeFiles/minux.dir/Users/ab25cq/pico-sdk/lib/tinyusb/src/tusb.c.o
                0x1000931a                tu_edpt_stream_write_xfer
 .text.tu_edpt_stream_read_xfer
                0x1000944e      0x264 CMakeFiles/minux.dir/Users/ab25cq/pico-sdk/lib/tinyusb/src/tusb.c.o
                0x1000944e                tu_edpt_stream_read_xfer
 .text.tu_fifo_config
                0x100096b2       0xfc CMakeFiles/minux.dir/Users/ab25cq/pico-sdk/lib/tinyusb/src/common/tusb_fifo.c.o
                0x100096b2                tu_fifo_config
 .text._ff_push
                0x100097ae       0x40 CMakeFiles/minux.dir/Users/ab25cq/pico-sdk/lib/tinyusb/src/common/tusb_fifo.c.o
 .text._ff_push_n
                0x100097ee       0xea CMakeFiles/minux.dir/Users/ab25cq/pico-sdk/lib/tinyusb/src/common/tusb_fifo.c.o
 .text._ff_pull
                0x100098d8       0x40 CMakeFiles/minux.dir/Users/ab25cq/pico-sdk/lib/tinyusb/src/common/tusb_fifo.c.o
 .text._ff_pull_n
                0x10009918       0xea CMakeFiles/minux.dir/Users/ab25cq/pico-sdk/lib/tinyusb/src/common/tusb_fifo.c.o
 .text.advance_index
                0x10009a02       0x80 CMakeFiles/minux.dir/Users/ab25cq/pico-sdk/lib/tinyusb/src/common/tusb_fifo.c.o
 .text._tu_fifo_peek
                0x10009a82      0x13a CMakeFiles/minux.dir/Users/ab25cq/pico-sdk/lib/tinyusb/src/common/tusb_fifo.c.o
 .text._tu_fifo_peek_n
                0x10009bbc      0x162 CMakeFiles/minux.dir/Users/ab25cq/pico-sdk/lib/tinyusb/src/common/tusb_fifo.c.o
 .text._tu_fifo_write_n
                0x10009d1e      0x2de CMakeFiles/minux.dir/Users/ab25cq/pico-sdk/lib/tinyusb/src/common/tusb_fifo.c.o
 .text._tu_fifo_read_n
                0x10009ffc       0xb0 CMakeFiles/minux.dir/Users/ab25cq/pico-sdk/lib/tinyusb/src/common/tusb_fifo.c.o
 .text.tu_fifo_count
                0x1000a0ac       0x8a CMakeFiles/minux.dir/Users/ab25cq/pico-sdk/lib/tinyusb/src/common/tusb_fifo.c.o
                0x1000a0ac                tu_fifo_count
 .text.tu_fifo_empty
                0x1000a136       0x1e CMakeFiles/minux.dir/Users/ab25cq/pico-sdk/lib/tinyusb/src/common/tusb_fifo.c.o
                0x1000a136                tu_fifo_empty
 .text.tu_fifo_full
                0x1000a154       0x72 CMakeFiles/minux.dir/Users/ab25cq/pico-sdk/lib/tinyusb/src/common/tusb_fifo.c.o
                0x1000a154                tu_fifo_full
 .text.tu_fifo_remaining
                0x1000a1c6       0xaa CMakeFiles/minux.dir/Users/ab25cq/pico-sdk/lib/tinyusb/src/common/tusb_fifo.c.o
                0x1000a1c6                tu_fifo_remaining
 .text.tu_fifo_read
                0x1000a270       0x8e CMakeFiles/minux.dir/Users/ab25cq/pico-sdk/lib/tinyusb/src/common/tusb_fifo.c.o
                0x1000a270                tu_fifo_read
 .text.tu_fifo_read_n
                0x1000a2fe       0x26 CMakeFiles/minux.dir/Users/ab25cq/pico-sdk/lib/tinyusb/src/common/tusb_fifo.c.o
                0x1000a2fe                tu_fifo_read_n
 .text.tu_fifo_write
                0x1000a324       0xf0 CMakeFiles/minux.dir/Users/ab25cq/pico-sdk/lib/tinyusb/src/common/tusb_fifo.c.o
                0x1000a324                tu_fifo_write
 .text.tu_fifo_write_n
                0x1000a414       0x26 CMakeFiles/minux.dir/Users/ab25cq/pico-sdk/lib/tinyusb/src/common/tusb_fifo.c.o
                0x1000a414                tu_fifo_write_n
 .text.tu_fifo_clear
                0x1000a43a       0x96 CMakeFiles/minux.dir/Users/ab25cq/pico-sdk/lib/tinyusb/src/common/tusb_fifo.c.o
                0x1000a43a                tu_fifo_clear
 .text.tu_fifo_set_overwritable
                0x1000a4d0       0xaa CMakeFiles/minux.dir/Users/ab25cq/pico-sdk/lib/tinyusb/src/common/tusb_fifo.c.o
                0x1000a4d0                tu_fifo_set_overwritable
 *fill*         0x1000a57a        0x2 
 .text.calloc   0x1000a57c       0x18 /Applications/ArmGNUToolchain/14.3.rel1/arm-none-eabi/bin/../lib/gcc/arm-none-eabi/14.3.1/../../../../arm-none-eabi/lib/thumb/v6-m/nofp/libg.a(libc_a-calloc.o)
                0x1000a57c                calloc
 .text._calloc_r
                0x1000a594       0xa8 /Applications/ArmGNUToolchain/14.3.rel1/arm-none-eabi/bin/../lib/gcc/arm-none-eabi/14.3.1/../../../../arm-none-eabi/lib/thumb/v6-m/nofp/libg.a(libc_a-callocr.o)
                0x1000a594                _calloc_r
 .text.free     0x1000a63c       0x14 /Applications/ArmGNUToolchain/14.3.rel1/arm-none-eabi/bin/../lib/gcc/arm-none-eabi/14.3.1/../../../../arm-none-eabi/lib/thumb/v6-m/nofp/libg.a(libc_a-malloc.o)
                0x1000a63c                free
 .text._malloc_r
                0x1000a650      0x5cc /Applications/ArmGNUToolchain/14.3.rel1/arm-none-eabi/bin/../lib/gcc/arm-none-eabi/14.3.1/../../../../arm-none-eabi/lib/thumb/v6-m/nofp/libg.a(libc_a-mallocr.o)
                0x1000a650                _malloc_r
 .text.__malloc_lock
                0x1000ac1c       0x10 /Applications/ArmGNUToolchain/14.3.rel1/arm-none-eabi/bin/../lib/gcc/arm-none-eabi/14.3.1/../../../../arm-none-eabi/lib/thumb/v6-m/nofp/libg.a(libc_a-mlock.o)
                0x1000ac1c                __malloc_lock
 .text.__malloc_unlock
                0x1000ac2c       0x10 /Applications/ArmGNUToolchain/14.3.rel1/arm-none-eabi/bin/../lib/gcc/arm-none-eabi/14.3.1/../../../../arm-none-eabi/lib/thumb/v6-m/nofp/libg.a(libc_a-mlock.o)
                0x1000ac2c                __malloc_unlock
 .text._sbrk_r  0x1000ac3c       0x24 /Applications/ArmGNUToolchain/14.3.rel1/arm-none-eabi/bin/../lib/gcc/arm-none-eabi/14.3.1/../../../../arm-none-eabi/lib/thumb/v6-m/nofp/libg.a(libc_a-sbrkr.o)
                0x1000ac3c                _sbrk_r
 .text.__errno  0x1000ac60        0xc /Applications/ArmGNUToolchain/14.3.rel1/arm-none-eabi/bin/../lib/gcc/arm-none-eabi/14.3.1/../../../../arm-none-eabi/lib/thumb/v6-m/nofp/libg.a(libc_a-errno.o)
                0x1000ac60                __errno
 .text.sysconf  0x1000ac6c       0x1c /Applications/ArmGNUToolchain/14.3.rel1/arm-none-eabi/bin/../lib/gcc/arm-none-eabi/14.3.1/../../../../arm-none-eabi/lib/thumb/v6-m/nofp/libg.a(libc_a-sysconf.o)
                0x1000ac6c                sysconf
 .text.__retarget_lock_acquire_recursive
                0x1000ac88        0x4 /Applications/ArmGNUToolchain/14.3.rel1/arm-none-eabi/bin/../lib/gcc/arm-none-eabi/14.3.1/../../../../arm-none-eabi/lib/thumb/v6-m/nofp/libg.a(libc_a-lock.o)
                0x1000ac88                __retarget_lock_acquire_recursive
 .text.__retarget_lock_release_recursive
                0x1000ac8c        0x4 /Applications/ArmGNUToolchain/14.3.rel1/arm-none-eabi/bin/../lib/gcc/arm-none-eabi/14.3.1/../../../../arm-none-eabi/lib/thumb/v6-m/nofp/libg.a(libc_a-lock.o)
                0x1000ac8c                __retarget_lock_release_recursive
 .text.strlen   0x1000ac90       0x5c /Applications/ArmGNUToolchain/14.3.rel1/arm-none-eabi/bin/../lib/gcc/arm-none-eabi/14.3.1/../../../../arm-none-eabi/lib/thumb/v6-m/nofp/libg.a(libc_a-strlen-stub.o)
                0x1000ac90                strlen
 .text._malloc_trim_r
                0x1000acec       0xb4 /Applications/ArmGNUToolchain/14.3.rel1/arm-none-eabi/bin/../lib/gcc/arm-none-eabi/14.3.1/../../../../arm-none-eabi/lib/thumb/v6-m/nofp/libg.a(libc_a-freer.o)
                0x1000acec                _malloc_trim_r
 .text._free_r  0x1000ada0      0x1f0 /Applications/ArmGNUToolchain/14.3.rel1/arm-none-eabi/bin/../lib/gcc/arm-none-eabi/14.3.1/../../../../arm-none-eabi/lib/thumb/v6-m/nofp/libg.a(libc_a-freer.o)
                0x1000ada0                _free_r
 *(.fini)
 .fini          0x1000af90        0x4 /Applications/ArmGNUToolchain/14.3.rel1/arm-none-eabi/bin/../lib/gcc/arm-none-eabi/14.3.1/thumb/v6-m/nofp/crti.o
                0x1000af90                _fini
 *fill*         0x1000af94        0x4 
 .fini.__stub   0x1000af98       0xc0 linker stubs
 *crtbegin.o(.ctors)
 *crtbegin?.o(.ctors)
 *(EXCLUDE_FILE(*crtend.o *crtend?.o) .ctors)
 *(SORT_BY_NAME(.ctors.*))
 *(.ctors)
 *crtbegin.o(.dtors)
 *crtbegin?.o(.dtors)
 *(EXCLUDE_FILE(*crtend.o *crtend?.o) .dtors)
 *(SORT_BY_NAME(.dtors.*))
 *(.dtors)
                0x1000b058                        . = ALIGN (0x4)
                0x1000b058                        PROVIDE (__preinit_array_start = .)
 *(SORT_BY_NAME(.preinit_array.*))
 .preinit_array.00100
                0x1000b058        0x4 CMakeFiles/minux.dir/Users/ab25cq/pico-sdk/src/rp2_common/pico_runtime_init/runtime_init.c.o
                0x1000b058                __pre_init_runtime_init_early_resets
 .preinit_array.00101
                0x1000b05c        0x4 CMakeFiles/minux.dir/Users/ab25cq/pico-sdk/src/rp2_common/pico_runtime_init/runtime_init.c.o
                0x1000b05c                __pre_init_runtime_init_usb_power_down
 .preinit_array.00275
                0x1000b060        0x4 CMakeFiles/minux.dir/Users/ab25cq/pico-sdk/src/rp2_common/pico_bit_ops/bit_ops_aeabi.S.o
 .preinit_array.00300
                0x1000b064        0x4 CMakeFiles/minux.dir/Users/ab25cq/pico-sdk/src/rp2_common/pico_mem_ops/mem_ops_aeabi.S.o
 .preinit_array.00350
                0x1000b068        0x4 CMakeFiles/minux.dir/Users/ab25cq/pico-sdk/src/rp2_common/pico_double/double_aeabi_rp2040.S.o
 .preinit_array.00350
                0x1000b06c        0x4 CMakeFiles/minux.dir/Users/ab25cq/pico-sdk/src/rp2_common/pico_float/float_aeabi_rp2040.S.o
 .preinit_array.00500
                0x1000b070        0x4 CMakeFiles/minux.dir/Users/ab25cq/pico-sdk/src/rp2_common/pico_runtime_init/runtime_init.c.o
                0x1000b070                __pre_init_runtime_init_clocks
 .preinit_array.00600
                0x1000b074        0x4 CMakeFiles/minux.dir/Users/ab25cq/pico-sdk/src/rp2_common/pico_runtime_init/runtime_init.c.o
                0x1000b074                __pre_init_runtime_init_post_clock_resets
 .preinit_array.00700
                0x1000b078        0x4 CMakeFiles/minux.dir/Users/ab25cq/pico-sdk/src/rp2_common/pico_runtime_init/runtime_init.c.o
                0x1000b078                __pre_init_runtime_init_rp2040_gpio_ie_disable
 .preinit_array.01000
                0x1000b07c        0x4 CMakeFiles/minux.dir/Users/ab25cq/pico-sdk/src/rp2_common/pico_runtime_init/runtime_init.c.o
                0x1000b07c                __pre_init_runtime_init_spin_locks_reset
 .preinit_array.01100
                0x1000b080        0x4 CMakeFiles/minux.dir/Users/ab25cq/pico-sdk/src/common/pico_sync/mutex.c.o
                0x1000b080                __pre_init_runtime_init_mutex
 .preinit_array.10080
                0x1000b084        0x4 CMakeFiles/minux.dir/Users/ab25cq/pico-sdk/src/rp2_common/pico_runtime_init/runtime_init.c.o
                0x1000b084                __pre_init_runtime_init_install_ram_vector_table
 .preinit_array.11000
                0x1000b088        0x4 CMakeFiles/minux.dir/Users/ab25cq/pico-sdk/src/common/pico_time/time.c.o
                0x1000b088                __pre_init_runtime_init_default_alarm_pool
 .preinit_array.YYYYY
                0x1000b08c        0x4 CMakeFiles/minux.dir/Users/ab25cq/pico-sdk/src/rp2_common/pico_runtime/runtime.c.o
                0x1000b08c                __pre_init_first_per_core_initializer
 .preinit_array.ZZZZZ.01200
                0x1000b090        0x4 CMakeFiles/minux.dir/Users/ab25cq/pico-sdk/src/rp2_common/hardware_irq/irq.c.o
                0x1000b090                __pre_init_runtime_init_per_core_irq_priorities
 *(.preinit_array)
                0x1000b094                        PROVIDE (__preinit_array_end = .)
                0x1000b094                        . = ALIGN (0x4)
                0x1000b094                        PROVIDE (__init_array_start = .)
 *(SORT_BY_NAME(.init_array.*))
 *(.init_array)
 .init_array    0x1000b094        0x4 /Applications/ArmGNUToolchain/14.3.rel1/arm-none-eabi/bin/../lib/gcc/arm-none-eabi/14.3.1/thumb/v6-m/nofp/crtbegin.o
 .init_array    0x1000b098        0x4 CMakeFiles/minux.dir/Users/ab25cq/pico-sdk/src/rp2_common/pico_unique_id/unique_id.c.o
                0x1000b09c                        PROVIDE (__init_array_end = .)
                0x1000b09c                        . = ALIGN (0x4)
                [!provide]                        PROVIDE (__fini_array_start = .)
 *(SORT_BY_NAME(.fini_array.*))
 *(.fini_array)
                [!provide]                        PROVIDE (__fini_array_end = .)
 *(.eh_frame*)
 .eh_frame      0x1000b09c        0x0 /Applications/ArmGNUToolchain/14.3.rel1/arm-none-eabi/bin/../lib/gcc/arm-none-eabi/14.3.1/thumb/v6-m/nofp/crtbegin.o
                0x1000b09c                        . = ALIGN (0x4)

.glue_7         0x1000b09c        0x0
 .glue_7        0x1000b09c        0x0 linker stubs

.glue_7t        0x1000b09c        0x0
 .glue_7t       0x1000b09c        0x0 linker stubs

.vfp11_veneer   0x1000b09c        0x0
 .vfp11_veneer  0x1000b09c        0x0 linker stubs

.v4_bx          0x1000b09c        0x0
 .v4_bx         0x1000b09c        0x0 linker stubs

.iplt           0x1000b09c        0x0
 .iplt          0x1000b09c        0x0 /Applications/ArmGNUToolchain/14.3.rel1/arm-none-eabi/bin/../lib/gcc/arm-none-eabi/14.3.1/thumb/v6-m/nofp/crtbegin.o

.rodata         0x1000b09c      0x8c8
 *(EXCLUDE_FILE(*libm.a: *libc.a:*lib_a-mem*.o *libgcc.a:) .rodata*)
 .rodata        0x1000b09c      0x404 CMakeFiles/minux.dir/main.c.c.o
 .rodata        0x1000b4a0       0x22 CMakeFiles/minux.dir/Users/ab25cq/pico-sdk/src/rp2_common/pico_platform_panic/panic.c.o
 *fill*         0x1000b4c2        0x2 
 .rodata        0x1000b4c4       0x3b CMakeFiles/minux.dir/Users/ab25cq/pico-sdk/src/rp2_common/hardware_sync/sync.c.o
 *fill*         0x1000b4ff        0x1 
 .rodata        0x1000b500       0x37 CMakeFiles/minux.dir/Users/ab25cq/pico-sdk/src/rp2_common/hardware_irq/irq.c.o
 *fill*         0x1000b537        0x1 
 .rodata        0x1000b538       0x38 CMakeFiles/minux.dir/Users/ab25cq/pico-sdk/src/rp2_common/hardware_timer/timer.c.o
 .rodata        0x1000b570        0xc CMakeFiles/minux.dir/Users/ab25cq/pico-sdk/src/rp2_common/pico_runtime/runtime.c.o
 .rodata        0x1000b57c        0xe CMakeFiles/minux.dir/Users/ab25cq/pico-sdk/src/rp2_common/pico_malloc/malloc.c.o
 *fill*         0x1000b58a        0x2 
 .rodata.__bi_26
                0x1000b58c        0xc CMakeFiles/minux.dir/Users/ab25cq/pico-sdk/src/rp2_common/pico_standard_binary_info/standard_binary_info.c.o
 .rodata        0x1000b598       0x3c CMakeFiles/minux.dir/Users/ab25cq/pico-sdk/src/rp2_common/pico_standard_binary_info/standard_binary_info.c.o
 .rodata.__bi_34
                0x1000b5d4        0xc CMakeFiles/minux.dir/Users/ab25cq/pico-sdk/src/rp2_common/pico_standard_binary_info/standard_binary_info.c.o
 .rodata.__bi_42
                0x1000b5e0        0xc CMakeFiles/minux.dir/Users/ab25cq/pico-sdk/src/rp2_common/pico_standard_binary_info/standard_binary_info.c.o
 .rodata.__bi_48
                0x1000b5ec        0xc CMakeFiles/minux.dir/Users/ab25cq/pico-sdk/src/rp2_common/pico_standard_binary_info/standard_binary_info.c.o
 .rodata.__bi_54
                0x1000b5f8        0xc CMakeFiles/minux.dir/Users/ab25cq/pico-sdk/src/rp2_common/pico_standard_binary_info/standard_binary_info.c.o
 .rodata.__bi_78
                0x1000b604        0xc CMakeFiles/minux.dir/Users/ab25cq/pico-sdk/src/rp2_common/pico_standard_binary_info/standard_binary_info.c.o
 .rodata.__bi_84
                0x1000b610        0xc CMakeFiles/minux.dir/Users/ab25cq/pico-sdk/src/rp2_common/pico_standard_binary_info/standard_binary_info.c.o
 .rodata.crlf_str.0
                0x1000b61c        0x2 CMakeFiles/minux.dir/Users/ab25cq/pico-sdk/src/rp2_common/pico_stdio/stdio.c.o
 *fill*         0x1000b61e        0x2 
 .rodata.__bi_50.13
                0x1000b620        0x8 CMakeFiles/minux.dir/Users/ab25cq/pico-sdk/src/rp2_common/pico_stdio_uart/stdio_uart.c.o
 .rodata.__bi_49.11
                0x1000b628        0x8 CMakeFiles/minux.dir/Users/ab25cq/pico-sdk/src/rp2_common/pico_stdio_uart/stdio_uart.c.o
 .rodata        0x1000b630       0x2b CMakeFiles/minux.dir/Users/ab25cq/pico-sdk/src/rp2_common/pico_stdio_uart/stdio_uart.c.o
 *fill*         0x1000b65b        0x1 
 .rodata.__bi_45.9
                0x1000b65c        0xc CMakeFiles/minux.dir/Users/ab25cq/pico-sdk/src/rp2_common/pico_stdio_uart/stdio_uart.c.o
 .rodata.desc_bos
                0x1000b668       0x21 CMakeFiles/minux.dir/Users/ab25cq/pico-sdk/src/rp2_common/pico_stdio_usb/reset_interface.c.o
                0x1000b668                desc_bos
 *fill*         0x1000b689        0x3 
 .rodata.desc_ms_os_20
                0x1000b68c       0xa6 CMakeFiles/minux.dir/Users/ab25cq/pico-sdk/src/rp2_common/pico_stdio_usb/reset_interface.c.o
 *fill*         0x1000b732        0x2 
 .rodata._resetd_driver
                0x1000b734       0x20 CMakeFiles/minux.dir/Users/ab25cq/pico-sdk/src/rp2_common/pico_stdio_usb/reset_interface.c.o
 .rodata        0x1000b754       0x13 CMakeFiles/minux.dir/Users/ab25cq/pico-sdk/src/rp2_common/pico_stdio_usb/stdio_usb.c.o
 *fill*         0x1000b767        0x1 
 .rodata.__bi_197.1
                0x1000b768        0xc CMakeFiles/minux.dir/Users/ab25cq/pico-sdk/src/rp2_common/pico_stdio_usb/stdio_usb.c.o
 .rodata.usbd_desc_device
                0x1000b774       0x12 CMakeFiles/minux.dir/Users/ab25cq/pico-sdk/src/rp2_common/pico_stdio_usb/stdio_usb_descriptors.c.o
 *fill*         0x1000b786        0x2 
 .rodata.usbd_desc_cfg
                0x1000b788       0x54 CMakeFiles/minux.dir/Users/ab25cq/pico-sdk/src/rp2_common/pico_stdio_usb/stdio_usb_descriptors.c.o
 .rodata        0x1000b7dc       0x2a CMakeFiles/minux.dir/Users/ab25cq/pico-sdk/src/rp2_common/pico_stdio_usb/stdio_usb_descriptors.c.o
 *fill*         0x1000b806        0x2 
 .rodata.usbd_desc_str
                0x1000b808       0x18 CMakeFiles/minux.dir/Users/ab25cq/pico-sdk/src/rp2_common/pico_stdio_usb/stdio_usb_descriptors.c.o
 .rodata        0x1000b820       0x14 CMakeFiles/minux.dir/Users/ab25cq/pico-sdk/lib/tinyusb/src/portable/raspberrypi/rp2040/dcd_rp2040.c.o
 .rodata        0x1000b834       0x48 CMakeFiles/minux.dir/Users/ab25cq/pico-sdk/lib/tinyusb/src/portable/raspberrypi/rp2040/rp2040_usb.c.o
 .rodata._usbd_driver
                0x1000b87c       0x40 CMakeFiles/minux.dir/Users/ab25cq/pico-sdk/lib/tinyusb/src/device/usbd.c.o
 .rodata.tud_task_ext
                0x1000b8bc       0x24 CMakeFiles/minux.dir/Users/ab25cq/pico-sdk/lib/tinyusb/src/device/usbd.c.o
 .rodata.process_control_request
                0x1000b8e0       0x28 CMakeFiles/minux.dir/Users/ab25cq/pico-sdk/lib/tinyusb/src/device/usbd.c.o
 .rodata.process_get_descriptor
                0x1000b908       0x40 CMakeFiles/minux.dir/Users/ab25cq/pico-sdk/lib/tinyusb/src/device/usbd.c.o
 .rodata        0x1000b948       0x1c CMakeFiles/minux.dir/Users/ab25cq/pico-sdk/lib/tinyusb/src/device/usbd.c.o
                0x1000b964                        . = ALIGN (0x4)
 *(SORT_BY_ALIGNMENT(SORT_BY_NAME(.flashdata*)))
                0x1000b964                        . = ALIGN (0x4)

.ARM.extab
 *(.ARM.extab* .gnu.linkonce.armextab.*)
                0x1000b964                        __exidx_start = .

.ARM.exidx
 *(.ARM.exidx* .gnu.linkonce.armexidx.*)
                0x1000b964                        __exidx_end = .
                0x1000b964                        . = ALIGN (0x4)
                0x1000b964                        __binary_info_start = .

.binary_info    0x1000b964       0x2c
 *(.binary_info.keep.*)
 .binary_info.keep.__bi_ptr26
                0x1000b964        0x4 CMakeFiles/minux.dir/Users/ab25cq/pico-sdk/src/rp2_common/pico_standard_binary_info/standard_binary_info.c.o
 .binary_info.keep.__bi_ptr34
                0x1000b968        0x4 CMakeFiles/minux.dir/Users/ab25cq/pico-sdk/src/rp2_common/pico_standard_binary_info/standard_binary_info.c.o
 .binary_info.keep.__bi_ptr42
                0x1000b96c        0x4 CMakeFiles/minux.dir/Users/ab25cq/pico-sdk/src/rp2_common/pico_standard_binary_info/standard_binary_info.c.o
 .binary_info.keep.__bi_ptr48
                0x1000b970        0x4 CMakeFiles/minux.dir/Users/ab25cq/pico-sdk/src/rp2_common/pico_standard_binary_info/standard_binary_info.c.o
 .binary_info.keep.__bi_ptr54
                0x1000b974        0x4 CMakeFiles/minux.dir/Users/ab25cq/pico-sdk/src/rp2_common/pico_standard_binary_info/standard_binary_info.c.o
 .binary_info.keep.__bi_ptr78
                0x1000b978        0x4 CMakeFiles/minux.dir/Users/ab25cq/pico-sdk/src/rp2_common/pico_standard_binary_info/standard_binary_info.c.o
 .binary_info.keep.__bi_ptr84
                0x1000b97c        0x4 CMakeFiles/minux.dir/Users/ab25cq/pico-sdk/src/rp2_common/pico_standard_binary_info/standard_binary_info.c.o
 *(.binary_info.*)
 .binary_info.__bi_ptr45
                0x1000b980        0x4 CMakeFiles/minux.dir/Users/ab25cq/pico-sdk/src/rp2_common/pico_stdio_uart/stdio_uart.c.o
 .binary_info.__bi_ptr49
                0x1000b984        0x4 CMakeFiles/minux.dir/Users/ab25cq/pico-sdk/src/rp2_common/pico_stdio_uart/stdio_uart.c.o
 .binary_info.__bi_ptr50
                0x1000b988        0x4 CMakeFiles/minux.dir/Users/ab25cq/pico-sdk/src/rp2_common/pico_stdio_uart/stdio_uart.c.o
 .binary_info.__bi_ptr197
                0x1000b98c        0x4 CMakeFiles/minux.dir/Users/ab25cq/pico-sdk/src/rp2_common/pico_stdio_usb/stdio_usb.c.o
                0x1000b990                        __binary_info_end = .

.rel.dyn        0x1000b990        0x0
 .rel.iplt      0x1000b990        0x0 /Applications/ArmGNUToolchain/14.3.rel1/arm-none-eabi/bin/../lib/gcc/arm-none-eabi/14.3.1/thumb/v6-m/nofp/crtbegin.o
                0x1000b990                        . = ALIGN (0x4)

.ram_vector_table
                0x20000000       0xc0
 *(.ram_vector_table)
 .ram_vector_table
                0x20000000       0xc0 CMakeFiles/minux.dir/Users/ab25cq/pico-sdk/src/rp2_common/pico_runtime_init/runtime_init.c.o
                0x20000000                ram_vector_table

.uninitialized_data
                0x200000c0        0x0
                0x200000c0                        . = ALIGN (0x4)
 *(.uninitialized_data*)

.data           0x200000c0     0x1ad0 load address 0x1000b990
                0x200000c0                        __data_start__ = .
 *(vtable)
 *(.time_critical*)
 .time_critical.mutex_try_enter
                0x200000c0       0xae CMakeFiles/minux.dir/Users/ab25cq/pico-sdk/src/common/pico_sync/mutex.c.o
                0x200000c0                mutex_try_enter
 .time_critical.mutex_try_enter_block_until
                0x2000016e       0x50 CMakeFiles/minux.dir/Users/ab25cq/pico-sdk/src/common/pico_sync/mutex.c.o
                0x2000016e                mutex_try_enter_block_until
 .time_critical.mutex_enter_timeout_ms
                0x200001be       0x24 CMakeFiles/minux.dir/Users/ab25cq/pico-sdk/src/common/pico_sync/mutex.c.o
                0x200001be                mutex_enter_timeout_ms
 .time_critical.mutex_enter_block_until
                0x200001e2       0xd4 CMakeFiles/minux.dir/Users/ab25cq/pico-sdk/src/common/pico_sync/mutex.c.o
                0x200001e2                mutex_enter_block_until
 .time_critical.mutex_exit
                0x200002b6       0x76 CMakeFiles/minux.dir/Users/ab25cq/pico-sdk/src/common/pico_sync/mutex.c.o
                0x200002b6                mutex_exit
 .time_critical.flash_init_boot2_copyout
                0x2000032c       0x4c CMakeFiles/minux.dir/Users/ab25cq/pico-sdk/src/rp2_common/hardware_flash/flash.c.o
 .time_critical.flash_enable_xip_via_boot2
                0x20000378       0x10 CMakeFiles/minux.dir/Users/ab25cq/pico-sdk/src/rp2_common/hardware_flash/flash.c.o
 .time_critical.flash_cs_force
                0x20000388       0x5c CMakeFiles/minux.dir/Users/ab25cq/pico-sdk/src/rp2_common/hardware_flash/flash.c.o
 .time_critical.flash_do_cmd
                0x200003e4      0x17c CMakeFiles/minux.dir/Users/ab25cq/pico-sdk/src/rp2_common/hardware_flash/flash.c.o
                0x200003e4                flash_do_cmd
 .time_critical.hw_handle_buff_status
                0x20000560      0x140 CMakeFiles/minux.dir/Users/ab25cq/pico-sdk/lib/tinyusb/src/portable/raspberrypi/rp2040/dcd_rp2040.c.o
 .time_critical.reset_non_control_endpoints